sample_data_full.csv
ITEM,DATE,UNITS,PRICE
PL BL MINT ANTSPTC RINSE 500 ML (1111038078),1/14/2009,3,2.5
PL BL MINT ANTSPTC RINSE 500 ML (1111038078),1/21/2009,2,1
PL BL MINT ANTSPTC RINSE 500 ML (1111038078),3/4/2009,3,2.59
PL BL MINT ANTSPTC RINSE 500 ML (1111038078),3/11/2009,7,1.23
PL BL MINT ANTSPTC RINSE 500 ML (1111038078),3/18/2009,2,2.59
PL BL MINT ANTSPTC RINSE 500 ML (1111038078),4/8/2009,2,2.59
PL BL MINT ANTSPTC RINSE 500 ML (1111038078),4/15/2009,2,2.59
PL BL MINT ANTSPTC RINSE 500 ML (1111038078),4/22/2009,10,1.15
PL BL MINT ANTSPTC RINSE 500 ML (1111038078),4/29/2009,3,0.93
PL BL MINT ANTSPTC RINSE 500 ML (1111038078),5/6/2009,5,1
PL BL MINT ANTSPTC RINSE 500 ML (1111038078),5/13/2009,8,0.98
PL BL MINT ANTSPTC RINSE 500 ML (1111038078),5/20/2009,2,2.59
PL BL MINT ANTSPTC RINSE 500 ML (1111038078),5/27/2009,2,2.59
PL BL MINT ANTSPTC RINSE 500 ML (1111038078),6/3/2009,1,1.58
PL BL MINT ANTSPTC RINSE 500 ML (1111038078),6/10/2009,1,1.58
PL BL MINT ANTSPTC RINSE 500 ML (1111038078),6/17/2009,3,1.58
PL BL MINT ANTSPTC RINSE 500 ML (1111038078),6/24/2009,2,1.5
PL BL MINT ANTSPTC RINSE 500 ML (1111038078),7/1/2009,2,1.58
PL BL MINT ANTSPTC RINSE 500 ML (1111038078),7/15/2009,3,1.58
PL BL MINT ANTSPTC RINSE 500 ML (1111038078),7/22/2009,2,1.58
PL BL MINT ANTSPTC RINSE 500 ML (1111038078),7/29/2009,2,1.58
PL BL MINT ANTSPTC RINSE 500 ML (1111038078),8/5/2009,3,1.58
PL BL MINT ANTSPTC RINSE 500 ML (1111038078),8/12/2009,4,1.58
PL BL MINT ANTSPTC RINSE 500 ML (1111038078),8/19/2009,1,1.58
PL BL MINT ANTSPTC RINSE 500 ML (1111038078),8/26/2009,6,1.58
PL BL MINT ANTSPTC RINSE 500 ML (1111038078),9/2/2009,1,1.58
PL BL MINT ANTSPTC RINSE 500 ML (1111038078),9/9/2009,1,1.58
PL BL MINT ANTSPTC RINSE 500 ML (1111038078),9/16/2009,4,1.58
PL BL MINT ANTSPTC RINSE 500 ML (1111038078),9/23/2009,6,1.55
PL BL MINT ANTSPTC RINSE 500 ML (1111038078),9/30/2009,5,1.55
PL BL MINT ANTSPTC RINSE 500 ML (1111038078),10/7/2009,4,1.58
PL BL MINT ANTSPTC RINSE 500 ML (1111038078),10/14/2009,8,1.56
PL BL MINT ANTSPTC RINSE 500 ML (1111038078),10/21/2009,4,1.58
PL BL MINT ANTSPTC RINSE 500 ML (1111038078),10/28/2009,2,1.58
PL BL MINT ANTSPTC RINSE 500 ML (1111038078),11/4/2009,4,1.58
PL BL MINT ANTSPTC RINSE 500 ML (1111038078),11/11/2009,3,1.58
PL BL MINT ANTSPTC RINSE 500 ML (1111038078),11/18/2009,3,1.53
PL BL MINT ANTSPTC RINSE 500 ML (1111038078),11/25/2009,2,1.58
PL BL MINT ANTSPTC RINSE 500 ML (1111038078),12/2/2009,5,1.58
PL BL MINT ANTSPTC RINSE 500 ML (1111038078),12/9/2009,6,1.55
PL BL MINT ANTSPTC RINSE 500 ML (1111038078),12/16/2009,5,1.55
PL BL MINT ANTSPTC RINSE 500 ML (1111038078),12/23/2009,1,1.58
PL BL MINT ANTSPTC RINSE 500 ML (1111038078),12/30/2009,1,1.58
PL BL MINT ANTSPTC RINSE 500 ML (1111038078),1/6/2010,5,1.58
PL BL MINT ANTSPTC RINSE 500 ML (1111038078),1/13/2010,5,1.55
PL BL MINT ANTSPTC RINSE 500 ML (1111038078),1/20/2010,6,1.55
PL BL MINT ANTSPTC RINSE 500 ML (1111038078),1/27/2010,2,1.58
PL BL MINT ANTSPTC RINSE 500 ML (1111038078),2/3/2010,2,1.5
PL BL MINT ANTSPTC RINSE 500 ML (1111038078),2/10/2010,4,1.58
PL BL MINT ANTSPTC RINSE 500 ML (1111038078),2/17/2010,3,1.53
PL BL MINT ANTSPTC RINSE 500 ML (1111038078),2/24/2010,7,1.56
PL BL MINT ANTSPTC RINSE 500 ML (1111038078),3/3/2010,1,1.58
PL BL MINT ANTSPTC RINSE 500 ML (1111038078),3/10/2010,4,1.58
PL BL MINT ANTSPTC RINSE 500 ML (1111038078),3/17/2010,4,1.58
PL BL MINT ANTSPTC RINSE 500 ML (1111038078),3/24/2010,2,1.5
PL BL MINT ANTSPTC RINSE 500 ML (1111038078),3/31/2010,5,1.58
PL BL MINT ANTSPTC RINSE 500 ML (1111038078),4/7/2010,1,1.58
PL BL MINT ANTSPTC RINSE 500 ML (1111038078),4/14/2010,3,1.53
PL BL MINT ANTSPTC RINSE 500 ML (1111038078),4/21/2010,4,1.58
PL BL MINT ANTSPTC RINSE 500 ML (1111038078),5/5/2010,4,1
PL BL MINT ANTSPTC RINSE 500 ML (1111038078),5/12/2010,4,1
PL BL MINT ANTSPTC RINSE 500 ML (1111038078),5/19/2010,4,1
PL BL MINT ANTSPTC RINSE 500 ML (1111038078),6/9/2010,2,1.58
PL BL MINT ANTSPTC RINSE 500 ML (1111038078),6/16/2010,1,1.58
PL BL MINT ANTSPTC RINSE 500 ML (1111038078),6/23/2010,1,1.58
PL BL MINT ANTSPTC RINSE 500 ML (1111038078),6/30/2010,2,1
PL BL MINT ANTSPTC RINSE 500 ML (1111038078),7/7/2010,3,1
PL BL MINT ANTSPTC RINSE 500 ML (1111038078),7/14/2010,3,0.97
PL BL MINT ANTSPTC RINSE 500 ML (1111038078),7/21/2010,1,1
PL BL MINT ANTSPTC RINSE 500 ML (1111038078),7/28/2010,6,1.58
PL BL MINT ANTSPTC RINSE 500 ML (1111038078),8/4/2010,4,1.58
PL BL MINT ANTSPTC RINSE 500 ML (1111038078),8/11/2010,1,1.58
PL BL MINT ANTSPTC RINSE 500 ML (1111038078),8/18/2010,3,1.58
PL BL MINT ANTSPTC RINSE 500 ML (1111038078),8/25/2010,12,1
PL BL MINT ANTSPTC RINSE 500 ML (1111038078),9/1/2010,6,0.98
PL BL MINT ANTSPTC RINSE 500 ML (1111038078),9/8/2010,2,0.95
PL BL MINT ANTSPTC RINSE 500 ML (1111038078),9/15/2010,7,1
PL BL MINT ANTSPTC RINSE 500 ML (1111038078),9/22/2010,2,1
PL BL MINT ANTSPTC RINSE 500 ML (1111038078),9/29/2010,6,1.58
PL BL MINT ANTSPTC RINSE 500 ML (1111038078),10/6/2010,3,1.58
PL BL MINT ANTSPTC RINSE 500 ML (1111038078),10/13/2010,4,1.58
PL BL MINT ANTSPTC RINSE 500 ML (1111038078),10/20/2010,4,1.58
PL BL MINT ANTSPTC RINSE 500 ML (1111038078),10/27/2010,1,1.58
PL BL MINT ANTSPTC RINSE 500 ML (1111038078),11/3/2010,3,1.58
PL BL MINT ANTSPTC RINSE 500 ML (1111038078),11/10/2010,9,1.58
PL BL MINT ANTSPTC RINSE 500 ML (1111038078),11/17/2010,1,1.58
PL BL MINT ANTSPTC RINSE 500 ML (1111038078),11/24/2010,3,1.58
PL BL MINT ANTSPTC RINSE 500 ML (1111038078),12/1/2010,3,1.58
PL BL MINT ANTSPTC RINSE 500 ML (1111038078),12/8/2010,8,0.98
PL BL MINT ANTSPTC RINSE 500 ML (1111038078),12/15/2010,6,0.97
PL BL MINT ANTSPTC RINSE 500 ML (1111038078),12/22/2010,3,1
PL BL MINT ANTSPTC RINSE 500 ML (1111038078),12/29/2010,2,1
PL BL MINT ANTSPTC RINSE 500 ML (1111038078),1/5/2011,1,1
PL BL MINT ANTSPTC RINSE 500 ML (1111038078),1/12/2011,14,1
PL BL MINT ANTSPTC RINSE 500 ML (1111038078),1/19/2011,4,1.58
PL BL MINT ANTSPTC RINSE 500 ML (1111038078),1/26/2011,5,1.58
PL BL MINT ANTSPTC RINSE 500 ML (1111038078),2/2/2011,3,1.58
PL BL MINT ANTSPTC RINSE 500 ML (1111038078),2/9/2011,8,1.54
PL BL MINT ANTSPTC RINSE 500 ML (1111038078),2/16/2011,2,1.58
PL BL MINT ANTSPTC RINSE 500 ML (1111038078),2/23/2011,8,1.56
PL BL MINT ANTSPTC RINSE 500 ML (1111038078),3/2/2011,3,1.58
PL BL MINT ANTSPTC RINSE 500 ML (1111038078),3/9/2011,7,1.56
PL BL MINT ANTSPTC RINSE 500 ML (1111038078),3/16/2011,5,1.55
PL BL MINT ANTSPTC RINSE 500 ML (1111038078),3/23/2011,9,1.56
PL BL MINT ANTSPTC RINSE 500 ML (1111038078),3/30/2011,1,1.58
PL BL MINT ANTSPTC RINSE 500 ML (1111038078),4/6/2011,6,1.5
PL BL MINT ANTSPTC RINSE 500 ML (1111038078),4/13/2011,5,1.58
PL BL MINT ANTSPTC RINSE 500 ML (1111038078),4/20/2011,4,1.54
PL BL MINT ANTSPTC RINSE 500 ML (1111038078),4/27/2011,2,1.58
PL BL MINT ANTSPTC RINSE 500 ML (1111038078),5/4/2011,6,1
PL BL MINT ANTSPTC RINSE 500 ML (1111038078),5/25/2011,6,1.1
PL BL MINT ANTSPTC RINSE 500 ML (1111038078),6/8/2011,6,1.66
PL BL MINT ANTSPTC RINSE 500 ML (1111038078),6/15/2011,2,1.61
PL BL MINT ANTSPTC RINSE 500 ML (1111038078),6/22/2011,4,1.69
PL BL MINT ANTSPTC RINSE 500 ML (1111038078),6/29/2011,4,1.61
PL BL MINT ANTSPTC RINSE 500 ML (1111038078),7/13/2011,1,1.69
PL BL MINT ANTSPTC RINSE 500 ML (1111038078),7/20/2011,2,1.69
PL BL MINT ANTSPTC RINSE 500 ML (1111038078),8/3/2011,8,1
PL BL MINT ANTSPTC RINSE 500 ML (1111038078),8/10/2011,10,0.98
PL BL MINT ANTSPTC RINSE 500 ML (1111038078),8/17/2011,7,0.99
PL BL MINT ANTSPTC RINSE 500 ML (1111038078),8/24/2011,10,0.99
PL BL MINT ANTSPTC RINSE 500 ML (1111038078),8/31/2011,6,0.98
PL BL MINT ANTSPTC RINSE 500 ML (1111038078),9/7/2011,10,0.98
PL BL MINT ANTSPTC RINSE 500 ML (1111038078),9/14/2011,10,0.98
PL BL MINT ANTSPTC RINSE 500 ML (1111038078),9/21/2011,5,1.69
PL BL MINT ANTSPTC RINSE 500 ML (1111038078),9/28/2011,1,1.52
PL BL MINT ANTSPTC RINSE 500 ML (1111038078),10/5/2011,3,1.69
PL BL MINT ANTSPTC RINSE 500 ML (1111038078),10/12/2011,6,1.61
PL BL MINT ANTSPTC RINSE 500 ML (1111038078),10/19/2011,7,1.69
PL BL MINT ANTSPTC RINSE 500 ML (1111038078),10/26/2011,6,1.66
PL BL MINT ANTSPTC RINSE 500 ML (1111038078),11/2/2011,2,0.95
PL BL MINT ANTSPTC RINSE 500 ML (1111038078),11/9/2011,1,1
PL BL MINT ANTSPTC RINSE 500 ML (1111038078),11/30/2011,2,1
PL BL MINT ANTSPTC RINSE 500 ML (1111038078),12/7/2011,5,1
PL BL MINT ANTSPTC RINSE 500 ML (1111038078),12/14/2011,2,1.69
PL BL MINT ANTSPTC RINSE 500 ML (1111038078),12/21/2011,8,1.67
PL BL MINT ANTSPTC RINSE 500 ML (1111038078),12/28/2011,4,1.69
PL BL MINT ANTSPTC RINSE 500 ML (1111038078),1/4/2012,8,1.67
PL ANTSPTC SPG MNT MTHWS 500 ML (1111038080),1/14/2009,2,2.59
PL ANTSPTC SPG MNT MTHWS 500 ML (1111038080),1/21/2009,19,0.98
PL ANTSPTC SPG MNT MTHWS 500 ML (1111038080),1/28/2009,5,0.96
PL ANTSPTC SPG MNT MTHWS 500 ML (1111038080),2/4/2009,7,1
PL ANTSPTC SPG MNT MTHWS 500 ML (1111038080),2/11/2009,2,1
PL ANTSPTC SPG MNT MTHWS 500 ML (1111038080),2/18/2009,2,2.59
PL ANTSPTC SPG MNT MTHWS 500 ML (1111038080),3/25/2009,1,2.59
PL ANTSPTC SPG MNT MTHWS 500 ML (1111038080),4/1/2009,2,2.59
PL ANTSPTC SPG MNT MTHWS 500 ML (1111038080),4/15/2009,2,2.46
PL ANTSPTC SPG MNT MTHWS 500 ML (1111038080),4/22/2009,8,1
PL ANTSPTC SPG MNT MTHWS 500 ML (1111038080),4/29/2009,6,0.95
PL ANTSPTC SPG MNT MTHWS 500 ML (1111038080),5/6/2009,2,1
PL ANTSPTC SPG MNT MTHWS 500 ML (1111038080),5/13/2009,4,1
PL ANTSPTC SPG MNT MTHWS 500 ML (1111038080),5/27/2009,1,2.59
PL ANTSPTC SPG MNT MTHWS 500 ML (1111038080),6/3/2009,3,1.58
PL ANTSPTC SPG MNT MTHWS 500 ML (1111038080),6/10/2009,4,1.54
PL ANTSPTC SPG MNT MTHWS 500 ML (1111038080),6/17/2009,4,1.58
PL ANTSPTC SPG MNT MTHWS 500 ML (1111038080),7/1/2009,2,1.58
PL ANTSPTC SPG MNT MTHWS 500 ML (1111038080),7/8/2009,1,1.58
PL ANTSPTC SPG MNT MTHWS 500 ML (1111038080),7/15/2009,3,1.53
PL ANTSPTC SPG MNT MTHWS 500 ML (1111038080),7/29/2009,1,1.58
PL ANTSPTC SPG MNT MTHWS 500 ML (1111038080),8/5/2009,2,1.58
PL ANTSPTC SPG MNT MTHWS 500 ML (1111038080),8/12/2009,1,1.58
PL ANTSPTC SPG MNT MTHWS 500 ML (1111038080),8/19/2009,3,1.58
PL ANTSPTC SPG MNT MTHWS 500 ML (1111038080),8/26/2009,5,1.48
PL ANTSPTC SPG MNT MTHWS 500 ML (1111038080),9/2/2009,2,1.58
PL ANTSPTC SPG MNT MTHWS 500 ML (1111038080),9/9/2009,3,1.58
PL ANTSPTC SPG MNT MTHWS 500 ML (1111038080),9/16/2009,2,1.58
PL ANTSPTC SPG MNT MTHWS 500 ML (1111038080),9/23/2009,1,1.58
PL ANTSPTC SPG MNT MTHWS 500 ML (1111038080),9/30/2009,4,1.58
PL ANTSPTC SPG MNT MTHWS 500 ML (1111038080),10/7/2009,4,1.58
PL ANTSPTC SPG MNT MTHWS 500 ML (1111038080),10/14/2009,2,1.58
PL ANTSPTC SPG MNT MTHWS 500 ML (1111038080),10/21/2009,3,1.58
PL ANTSPTC SPG MNT MTHWS 500 ML (1111038080),10/28/2009,1,1.58
PL ANTSPTC SPG MNT MTHWS 500 ML (1111038080),11/4/2009,2,1.58
PL ANTSPTC SPG MNT MTHWS 500 ML (1111038080),11/11/2009,3,1.58
PL ANTSPTC SPG MNT MTHWS 500 ML (1111038080),11/18/2009,2,1.5
PL ANTSPTC SPG MNT MTHWS 500 ML (1111038080),11/25/2009,4,1.58
PL ANTSPTC SPG MNT MTHWS 500 ML (1111038080),12/2/2009,4,1.58
PL ANTSPTC SPG MNT MTHWS 500 ML (1111038080),12/9/2009,5,1.58
PL ANTSPTC SPG MNT MTHWS 500 ML (1111038080),12/16/2009,1,1.58
PL ANTSPTC SPG MNT MTHWS 500 ML (1111038080),12/23/2009,3,1.58
PL ANTSPTC SPG MNT MTHWS 500 ML (1111038080),12/30/2009,2,1.5
PL ANTSPTC SPG MNT MTHWS 500 ML (1111038080),1/6/2010,1,1.58
PL ANTSPTC SPG MNT MTHWS 500 ML (1111038080),1/13/2010,3,1.58
PL ANTSPTC SPG MNT MTHWS 500 ML (1111038080),1/20/2010,4,1.58
PL ANTSPTC SPG MNT MTHWS 500 ML (1111038080),1/27/2010,4,1.58
PL ANTSPTC SPG MNT MTHWS 500 ML (1111038080),2/3/2010,3,1.58
PL ANTSPTC SPG MNT MTHWS 500 ML (1111038080),2/10/2010,3,1.58
PL ANTSPTC SPG MNT MTHWS 500 ML (1111038080),2/17/2010,1,1.58
PL ANTSPTC SPG MNT MTHWS 500 ML (1111038080),3/3/2010,1,1.42
PL ANTSPTC SPG MNT MTHWS 500 ML (1111038080),3/24/2010,4,1.58
PL ANTSPTC SPG MNT MTHWS 500 ML (1111038080),3/31/2010,2,1.58
PL ANTSPTC SPG MNT MTHWS 500 ML (1111038080),4/7/2010,2,1.58
PL ANTSPTC SPG MNT MTHWS 500 ML (1111038080),4/14/2010,4,1.58
PL ANTSPTC SPG MNT MTHWS 500 ML (1111038080),4/21/2010,4,1.58
PL ANTSPTC SPG MNT MTHWS 500 ML (1111038080),4/28/2010,9,0.98
PL ANTSPTC SPG MNT MTHWS 500 ML (1111038080),5/5/2010,7,0.99
PL ANTSPTC SPG MNT MTHWS 500 ML (1111038080),5/12/2010,4,1
PL ANTSPTC SPG MNT MTHWS 500 ML (1111038080),5/19/2010,2,1
PL ANTSPTC SPG MNT MTHWS 500 ML (1111038080),5/26/2010,4,1.58
PL ANTSPTC SPG MNT MTHWS 500 ML (1111038080),6/2/2010,5,1.58
PL ANTSPTC SPG MNT MTHWS 500 ML (1111038080),6/9/2010,3,1.58
PL ANTSPTC SPG MNT MTHWS 500 ML (1111038080),6/23/2010,3,1.58
PL ANTSPTC SPG MNT MTHWS 500 ML (1111038080),6/30/2010,2,1
PL ANTSPTC SPG MNT MTHWS 500 ML (1111038080),7/7/2010,4,0.98
PL ANTSPTC SPG MNT MTHWS 500 ML (1111038080),7/14/2010,5,0.98
PL ANTSPTC SPG MNT MTHWS 500 ML (1111038080),7/21/2010,2,1
PL ANTSPTC SPG MNT MTHWS 500 ML (1111038080),7/28/2010,2,1.5
PL ANTSPTC SPG MNT MTHWS 500 ML (1111038080),8/11/2010,2,1.58
PL ANTSPTC SPG MNT MTHWS 500 ML (1111038080),8/18/2010,2,1.58
PL ANTSPTC SPG MNT MTHWS 500 ML (1111038080),8/25/2010,7,1
PL ANTSPTC SPG MNT MTHWS 500 ML (1111038080),9/1/2010,3,1
PL ANTSPTC SPG MNT MTHWS 500 ML (1111038080),9/8/2010,2,1
PL ANTSPTC SPG MNT MTHWS 500 ML (1111038080),9/15/2010,5,0.98
PL ANTSPTC SPG MNT MTHWS 500 ML (1111038080),9/22/2010,6,1
PL ANTSPTC SPG MNT MTHWS 500 ML (1111038080),9/29/2010,2,1.58
PL ANTSPTC SPG MNT MTHWS 500 ML (1111038080),10/13/2010,7,1.58
PL ANTSPTC SPG MNT MTHWS 500 ML (1111038080),11/3/2010,3,1.58
PL ANTSPTC SPG MNT MTHWS 500 ML (1111038080),11/10/2010,3,1.58
PL ANTSPTC SPG MNT MTHWS 500 ML (1111038080),11/17/2010,3,1.58
PL ANTSPTC SPG MNT MTHWS 500 ML (1111038080),11/24/2010,2,1.58
PL ANTSPTC SPG MNT MTHWS 500 ML (1111038080),12/1/2010,3,1.58
PL ANTSPTC SPG MNT MTHWS 500 ML (1111038080),12/8/2010,1,1.58
PL ANTSPTC SPG MNT MTHWS 500 ML (1111038080),12/15/2010,3,1
PL ANTSPTC SPG MNT MTHWS 500 ML (1111038080),12/22/2010,4,0.98
PL ANTSPTC SPG MNT MTHWS 500 ML (1111038080),1/5/2011,2,1
PL ANTSPTC SPG MNT MTHWS 500 ML (1111038080),1/12/2011,5,1
PL ANTSPTC SPG MNT MTHWS 500 ML (1111038080),1/19/2011,3,1.47
PL ANTSPTC SPG MNT MTHWS 500 ML (1111038080),1/26/2011,3,1.58
PL ANTSPTC SPG MNT MTHWS 500 ML (1111038080),2/2/2011,3,1.53
PL ANTSPTC SPG MNT MTHWS 500 ML (1111038080),2/9/2011,2,1.58
PL ANTSPTC SPG MNT MTHWS 500 ML (1111038080),2/16/2011,1,1.58
PL ANTSPTC SPG MNT MTHWS 500 ML (1111038080),2/23/2011,2,1.58
PL ANTSPTC SPG MNT MTHWS 500 ML (1111038080),3/9/2011,2,1.53
PL ANTSPTC SPG MNT MTHWS 500 ML (1111038080),3/16/2011,1,1.58
PL ANTSPTC SPG MNT MTHWS 500 ML (1111038080),3/23/2011,3,1.53
PL ANTSPTC SPG MNT MTHWS 500 ML (1111038080),4/6/2011,2,1.58
PL ANTSPTC SPG MNT MTHWS 500 ML (1111038080),4/13/2011,1,1.58
PL ANTSPTC SPG MNT MTHWS 500 ML (1111038080),4/20/2011,2,1.58
PL ANTSPTC SPG MNT MTHWS 500 ML (1111038080),4/27/2011,1,1.42
PL ANTSPTC SPG MNT MTHWS 500 ML (1111038080),5/4/2011,10,1
PL ANTSPTC SPG MNT MTHWS 500 ML (1111038080),5/11/2011,3,1
PL ANTSPTC SPG MNT MTHWS 500 ML (1111038080),5/18/2011,5,1
PL ANTSPTC SPG MNT MTHWS 500 ML (1111038080),5/25/2011,5,1.08
PL ANTSPTC SPG MNT MTHWS 500 ML (1111038080),6/8/2011,2,1.69
PL ANTSPTC SPG MNT MTHWS 500 ML (1111038080),6/22/2011,1,1.69
PL ANTSPTC SPG MNT MTHWS 500 ML (1111038080),6/29/2011,3,1.63
PL ANTSPTC SPG MNT MTHWS 500 ML (1111038080),7/6/2011,2,1.69
PL ANTSPTC SPG MNT MTHWS 500 ML (1111038080),7/13/2011,1,1.69
PL ANTSPTC SPG MNT MTHWS 500 ML (1111038080),7/20/2011,2,1.61
PL ANTSPTC SPG MNT MTHWS 500 ML (1111038080),7/27/2011,5,1.69
PL ANTSPTC SPG MNT MTHWS 500 ML (1111038080),8/3/2011,10,0.99
PL ANTSPTC SPG MNT MTHWS 500 ML (1111038080),8/10/2011,2,0.95
PL ANTSPTC SPG MNT MTHWS 500 ML (1111038080),8/17/2011,1,1
PL ANTSPTC SPG MNT MTHWS 500 ML (1111038080),8/24/2011,4,1
PL ANTSPTC SPG MNT MTHWS 500 ML (1111038080),8/31/2011,2,1
PL ANTSPTC SPG MNT MTHWS 500 ML (1111038080),9/7/2011,1,1
PL ANTSPTC SPG MNT MTHWS 500 ML (1111038080),9/14/2011,8,1
PL ANTSPTC SPG MNT MTHWS 500 ML (1111038080),9/21/2011,3,1.69
PL ANTSPTC SPG MNT MTHWS 500 ML (1111038080),9/28/2011,3,1.69
PL ANTSPTC SPG MNT MTHWS 500 ML (1111038080),10/5/2011,6,1.69
PL ANTSPTC SPG MNT MTHWS 500 ML (1111038080),10/12/2011,4,1.65
PL ANTSPTC SPG MNT MTHWS 500 ML (1111038080),10/19/2011,5,1.66
PL ANTSPTC SPG MNT MTHWS 500 ML (1111038080),10/26/2011,1,1.69
PL ANTSPTC SPG MNT MTHWS 500 ML (1111038080),11/2/2011,7,0.96
PL ANTSPTC SPG MNT MTHWS 500 ML (1111038080),11/9/2011,3,0.99
PL ANTSPTC SPG MNT MTHWS 500 ML (1111038080),11/16/2011,6,0.99
PL ANTSPTC SPG MNT MTHWS 500 ML (1111038080),11/23/2011,1,1.2
PL ANTSPTC SPG MNT MTHWS 500 ML (1111038080),11/30/2011,4,1.17
PL ANTSPTC SPG MNT MTHWS 500 ML (1111038080),12/7/2011,8,1
PL ANTSPTC SPG MNT MTHWS 500 ML (1111038080),12/14/2011,4,1.52
PL ANTSPTC SPG MNT MTHWS 500 ML (1111038080),12/21/2011,1,1.52
PL ANTSPTC SPG MNT MTHWS 500 ML (1111038080),12/28/2011,2,1.69
PL ANTSPTC SPG MNT MTHWS 500 ML (1111038080),1/4/2012,2,1.61
