sample_data_full.csv
ITEM,DATE,UNITS,PRICE
PL SR CRUST PEPPRN PIZZA 29.6 OZ (1111087398),1/14/2009,72,3.31
PL SR CRUST PEPPRN PIZZA 29.6 OZ (1111087398),1/21/2009,37,3.32
PL SR CRUST PEPPRN PIZZA 29.6 OZ (1111087398),1/28/2009,37,3.31
PL SR CRUST PEPPRN PIZZA 29.6 OZ (1111087398),2/4/2009,69,3.29
PL SR CRUST PEPPRN PIZZA 29.6 OZ (1111087398),2/11/2009,19,3.98
PL SR CRUST PEPPRN PIZZA 29.6 OZ (1111087398),2/18/2009,15,4.03
PL SR CRUST PEPPRN PIZZA 29.6 OZ (1111087398),2/25/2009,16,3.98
PL SR CRUST PEPPRN PIZZA 29.6 OZ (1111087398),3/4/2009,5,3.92
PL SR CRUST PEPPRN PIZZA 29.6 OZ (1111087398),3/11/2009,22,3.95
PL SR CRUST PEPPRN PIZZA 29.6 OZ (1111087398),3/18/2009,14,3.92
PL SR CRUST PEPPRN PIZZA 29.6 OZ (1111087398),3/25/2009,15,4
PL SR CRUST PEPPRN PIZZA 29.6 OZ (1111087398),4/1/2009,11,3.93
PL SR CRUST PEPPRN PIZZA 29.6 OZ (1111087398),4/8/2009,15,3.95
PL SR CRUST PEPPRN PIZZA 29.6 OZ (1111087398),4/15/2009,23,3.39
PL SR CRUST PEPPRN PIZZA 29.6 OZ (1111087398),4/22/2009,22,3.3
PL SR CRUST PEPPRN PIZZA 29.6 OZ (1111087398),4/29/2009,17,3.3
PL SR CRUST PEPPRN PIZZA 29.6 OZ (1111087398),5/6/2009,18,3.26
PL SR CRUST PEPPRN PIZZA 29.6 OZ (1111087398),5/13/2009,28,3.29
PL SR CRUST PEPPRN PIZZA 29.6 OZ (1111087398),5/20/2009,13,3.94
PL SR CRUST PEPPRN PIZZA 29.6 OZ (1111087398),5/27/2009,10,3.96
PL SR CRUST PEPPRN PIZZA 29.6 OZ (1111087398),6/3/2009,5,3.2
PL SR CRUST PEPPRN PIZZA 29.6 OZ (1111087398),6/10/2009,8,3.95
PL SR CRUST PEPPRN PIZZA 29.6 OZ (1111087398),6/17/2009,9,3.96
PL SR CRUST PEPPRN PIZZA 29.6 OZ (1111087398),6/24/2009,9,3.96
PL SR CRUST PEPPRN PIZZA 29.6 OZ (1111087398),7/1/2009,3,4
PL SR CRUST PEPPRN PIZZA 29.6 OZ (1111087398),7/8/2009,8,3.9
PL SR CRUST PEPPRN PIZZA 29.6 OZ (1111087398),7/15/2009,9,3.96
PL SR CRUST PEPPRN PIZZA 29.6 OZ (1111087398),7/22/2009,11,3.96
PL SR CRUST PEPPRN PIZZA 29.6 OZ (1111087398),7/29/2009,5,3.92
PL SR CRUST PEPPRN PIZZA 29.6 OZ (1111087398),8/5/2009,4,4
PL SR CRUST PEPPRN PIZZA 29.6 OZ (1111087398),8/12/2009,2,3.8
PL SR CRUST PEPPRN PIZZA 29.6 OZ (1111087398),8/19/2009,11,3.93
PL SR CRUST PEPPRN PIZZA 29.6 OZ (1111087398),8/26/2009,21,3.26
PL SR CRUST PEPPRN PIZZA 29.6 OZ (1111087398),9/2/2009,10,3.49
PL SR CRUST PEPPRN PIZZA 29.6 OZ (1111087398),9/9/2009,2,4.89
PL SR CRUST PEPPRN PIZZA 29.6 OZ (1111087398),9/16/2009,7,4.75
PL SR CRUST PEPPRN PIZZA 29.6 OZ (1111087398),9/23/2009,3,4.89
PL SR CRUST PEPPRN PIZZA 29.6 OZ (1111087398),10/7/2009,1,4.89
PL SR CRUST PEPPRN PIZZA 29.6 OZ (1111087398),10/14/2009,7,4.82
PL SR CRUST PEPPRN PIZZA 29.6 OZ (1111087398),10/21/2009,8,4.89
PL SR CRUST PEPPRN PIZZA 29.6 OZ (1111087398),10/28/2009,3,4.89
PL SR CRUST PEPPRN PIZZA 29.6 OZ (1111087398),11/4/2009,4,4.89
PL SR CRUST PEPPRN PIZZA 29.6 OZ (1111087398),11/11/2009,6,5.02
PL SR CRUST PEPPRN PIZZA 29.6 OZ (1111087398),11/18/2009,4,4.89
PL SR CRUST PEPPRN PIZZA 29.6 OZ (1111087398),11/25/2009,2,4.89
PL SR CRUST PEPPRN PIZZA 29.6 OZ (1111087398),12/2/2009,1,4.89
PL SR CRUST PEPPRN PIZZA 29.6 OZ (1111087398),12/9/2009,7,4.89
PL SR CRUST PEPPRN PIZZA 29.6 OZ (1111087398),12/16/2009,18,2.96
PL SR CRUST PEPPRN PIZZA 29.6 OZ (1111087398),12/23/2009,45,3.05
PL SR CRUST PEPPRN PIZZA 29.6 OZ (1111087398),12/30/2009,29,3.05
PL SR CRUST PEPPRN PIZZA 29.6 OZ (1111087398),1/6/2010,76,3.01
PL SR CRUST PEPPRN PIZZA 29.6 OZ (1111087398),1/13/2010,67,2.97
PL SR CRUST PEPPRN PIZZA 29.6 OZ (1111087398),1/20/2010,54,2.96
PL SR CRUST PEPPRN PIZZA 29.6 OZ (1111087398),1/27/2010,5,4.77
PL SR CRUST PEPPRN PIZZA 29.6 OZ (1111087398),2/3/2010,6,4.81
PL SR CRUST PEPPRN PIZZA 29.6 OZ (1111087398),2/10/2010,11,4.75
PL SR CRUST PEPPRN PIZZA 29.6 OZ (1111087398),2/17/2010,4,4.79
PL SR CRUST PEPPRN PIZZA 29.6 OZ (1111087398),2/24/2010,4,4.67
PL SR CRUST PEPPRN PIZZA 29.6 OZ (1111087398),3/3/2010,5,4.79
PL SR CRUST PEPPRN PIZZA 29.6 OZ (1111087398),3/10/2010,8,4.67
PL SR CRUST PEPPRN PIZZA 29.6 OZ (1111087398),3/17/2010,1,4.79
PL SR CRUST PEPPRN PIZZA 29.6 OZ (1111087398),3/31/2010,1,4.79
PL SR CRUST PEPPRN PIZZA 29.6 OZ (1111087398),4/7/2010,14,3.74
PL SR CRUST PEPPRN PIZZA 29.6 OZ (1111087398),4/14/2010,6,3.71
PL SR CRUST PEPPRN PIZZA 29.6 OZ (1111087398),4/21/2010,20,3.73
PL SR CRUST PEPPRN PIZZA 29.6 OZ (1111087398),4/28/2010,4,4.67
PL SR CRUST PEPPRN PIZZA 29.6 OZ (1111087398),5/5/2010,7,4.58
PL SR CRUST PEPPRN PIZZA 29.6 OZ (1111087398),5/12/2010,8,4.79
PL SR CRUST PEPPRN PIZZA 29.6 OZ (1111087398),5/19/2010,10,4.74
PL SR CRUST PEPPRN PIZZA 29.6 OZ (1111087398),5/26/2010,4,4.79
PL SR CRUST PEPPRN PIZZA 29.6 OZ (1111087398),6/2/2010,4,4.79
PL SR CRUST PEPPRN PIZZA 29.6 OZ (1111087398),6/9/2010,8,4.73
PL SR CRUST PEPPRN PIZZA 29.6 OZ (1111087398),6/16/2010,12,4.75
PL SR CRUST PEPPRN PIZZA 29.6 OZ (1111087398),6/23/2010,2,4.55
PL SR CRUST PEPPRN PIZZA 29.6 OZ (1111087398),6/30/2010,7,4.79
PL SR CRUST PEPPRN PIZZA 29.6 OZ (1111087398),7/7/2010,4,4.79
PL SR CRUST PEPPRN PIZZA 29.6 OZ (1111087398),7/14/2010,8,4.67
PL SR CRUST PEPPRN PIZZA 29.6 OZ (1111087398),7/21/2010,2,4
PL SR CRUST PEPPRN PIZZA 29.6 OZ (1111087398),7/28/2010,6,3.93
PL SR CRUST PEPPRN PIZZA 29.6 OZ (1111087398),8/4/2010,8,4
PL SR CRUST PEPPRN PIZZA 29.6 OZ (1111087398),8/11/2010,18,3.98
PL SR CRUST PEPPRN PIZZA 29.6 OZ (1111087398),8/18/2010,15,4
PL SR CRUST PEPPRN PIZZA 29.6 OZ (1111087398),8/25/2010,11,3.87
PL SR CRUST PEPPRN PIZZA 29.6 OZ (1111087398),9/1/2010,7,3.89
PL SR CRUST PEPPRN PIZZA 29.6 OZ (1111087398),9/8/2010,5,3.88
PL SR CRUST PEPPRN PIZZA 29.6 OZ (1111087398),9/15/2010,11,4
PL SR CRUST PEPPRN PIZZA 29.6 OZ (1111087398),9/22/2010,8,3.9
PL SR CRUST PEPPRN PIZZA 29.6 OZ (1111087398),9/29/2010,9,3.83
PL SR CRUST PEPPRN PIZZA 29.6 OZ (1111087398),10/6/2010,12,3.25
PL SR CRUST PEPPRN PIZZA 29.6 OZ (1111087398),10/13/2010,18,3.3
PL SR CRUST PEPPRN PIZZA 29.6 OZ (1111087398),10/20/2010,11,3.22
PL SR CRUST PEPPRN PIZZA 29.6 OZ (1111087398),10/27/2010,13,3.28
PL SR CRUST PEPPRN PIZZA 29.6 OZ (1111087398),11/3/2010,9,3.23
PL SR CRUST PEPPRN PIZZA 29.6 OZ (1111087398),11/10/2010,28,3.31
PL SR CRUST PEPPRN PIZZA 29.6 OZ (1111087398),11/17/2010,25,3.31
PL SR CRUST PEPPRN PIZZA 29.6 OZ (1111087398),11/24/2010,14,3.28
PL SR CRUST PEPPRN PIZZA 29.6 OZ (1111087398),12/1/2010,16,3.29
PL SR CRUST PEPPRN PIZZA 29.6 OZ (1111087398),12/8/2010,31,3.32
PL SR CRUST PEPPRN PIZZA 29.6 OZ (1111087398),12/15/2010,25,3.28
PL SR CRUST PEPPRN PIZZA 29.6 OZ (1111087398),12/22/2010,23,3.29
PL SR CRUST PEPPRN PIZZA 29.6 OZ (1111087398),12/29/2010,13,3.33
PL SR CRUST PEPPRN PIZZA 29.6 OZ (1111087398),1/5/2011,13,3.4
PL SR CRUST PEPPRN PIZZA 29.6 OZ (1111087398),1/12/2011,60,3.28
PL SR CRUST PEPPRN PIZZA 29.6 OZ (1111087398),1/19/2011,11,5.15
PL SR CRUST PEPPRN PIZZA 29.6 OZ (1111087398),2/9/2011,2,5.29
PL SR CRUST PEPPRN PIZZA 29.6 OZ (1111087398),2/16/2011,47,3.28
PL SR CRUST PEPPRN PIZZA 29.6 OZ (1111087398),2/23/2011,24,3.3
PL SR CRUST PEPPRN PIZZA 29.6 OZ (1111087398),3/2/2011,26,3.39
PL SR CRUST PEPPRN PIZZA 29.6 OZ (1111087398),3/9/2011,3,3.57
PL SR CRUST PEPPRN PIZZA 29.6 OZ (1111087398),3/16/2011,13,3.69
PL SR CRUST PEPPRN PIZZA 29.6 OZ (1111087398),3/23/2011,9,3.65
PL SR CRUST PEPPRN PIZZA 29.6 OZ (1111087398),3/30/2011,4,3.69
PL SR CRUST PEPPRN PIZZA 29.6 OZ (1111087398),4/6/2011,15,4
PL SR CRUST PEPPRN PIZZA 29.6 OZ (1111087398),4/13/2011,12,4
PL SR CRUST PEPPRN PIZZA 29.6 OZ (1111087398),4/20/2011,9,4
PL SR CRUST PEPPRN PIZZA 29.6 OZ (1111087398),4/27/2011,3,4
PL SR CRUST PEPPRN PIZZA 29.6 OZ (1111087398),5/4/2011,16,3.32
PL SR CRUST PEPPRN PIZZA 29.6 OZ (1111087398),5/11/2011,6,5.29
PL SR CRUST PEPPRN PIZZA 29.6 OZ (1111087398),5/18/2011,4,5.29
PL SR CRUST PEPPRN PIZZA 29.6 OZ (1111087398),5/25/2011,3,4
PL SR CRUST PEPPRN PIZZA 29.6 OZ (1111087398),6/1/2011,5,3.92
PL SR CRUST PEPPRN PIZZA 29.6 OZ (1111087398),6/8/2011,7,4
PL SR CRUST PEPPRN PIZZA 29.6 OZ (1111087398),6/15/2011,3,4
PL SR CRUST PEPPRN PIZZA 29.6 OZ (1111087398),6/22/2011,2,4
PL SR CRUST PEPPRN PIZZA 29.6 OZ (1111087398),6/29/2011,26,3.43
PL SR CRUST PEPPRN PIZZA 29.6 OZ (1111087398),7/6/2011,7,3.4
PL SR CRUST PEPPRN PIZZA 29.6 OZ (1111087398),7/13/2011,30,3.43
PL SR CRUST PEPPRN PIZZA 29.6 OZ (1111087398),7/20/2011,13,3.49
PL SR CRUST PEPPRN PIZZA 29.6 OZ (1111087398),7/27/2011,9,4
PL SR CRUST PEPPRN PIZZA 29.6 OZ (1111087398),8/3/2011,14,3.97
PL SR CRUST PEPPRN PIZZA 29.6 OZ (1111087398),8/10/2011,24,3.97
PL SR CRUST PEPPRN PIZZA 29.6 OZ (1111087398),8/17/2011,10,4
PL SR CRUST PEPPRN PIZZA 29.6 OZ (1111087398),8/24/2011,8,3.9
PL SR CRUST PEPPRN PIZZA 29.6 OZ (1111087398),8/31/2011,6,3.89
PL SR CRUST PEPPRN PIZZA 29.6 OZ (1111087398),9/7/2011,5,3.84
PL SR CRUST PEPPRN PIZZA 29.6 OZ (1111087398),9/14/2011,17,3.98
PL SR CRUST PEPPRN PIZZA 29.6 OZ (1111087398),9/21/2011,7,4
PL SR CRUST PEPPRN PIZZA 29.6 OZ (1111087398),9/28/2011,9,3.84
PL SR CRUST PEPPRN PIZZA 29.6 OZ (1111087398),10/5/2011,9,3.93
PL SR CRUST PEPPRN PIZZA 29.6 OZ (1111087398),10/12/2011,16,4
PL SR CRUST PEPPRN PIZZA 29.6 OZ (1111087398),10/19/2011,15,3.97
PL SR CRUST PEPPRN PIZZA 29.6 OZ (1111087398),10/26/2011,7,4
PL SR CRUST PEPPRN PIZZA 29.6 OZ (1111087398),11/2/2011,3,4
PL SR CRUST PEPPRN PIZZA 29.6 OZ (1111087398),11/9/2011,12,3.95
PL SR CRUST PEPPRN PIZZA 29.6 OZ (1111087398),11/16/2011,10,3.91
PL SR CRUST PEPPRN PIZZA 29.6 OZ (1111087398),11/23/2011,13,3.92
PL SR CRUST PEPPRN PIZZA 29.6 OZ (1111087398),11/30/2011,8,4
PL SR CRUST PEPPRN PIZZA 29.6 OZ (1111087398),12/7/2011,20,3.98
PL SR CRUST PEPPRN PIZZA 29.6 OZ (1111087398),12/14/2011,18,3.9
PL SR CRUST PEPPRN PIZZA 29.6 OZ (1111087398),12/21/2011,10,4
PL SR CRUST PEPPRN PIZZA 29.6 OZ (1111087398),12/28/2011,15,3.92
PL SR CRUST PEPPRN PIZZA 29.6 OZ (1111087398),1/4/2012,16,3.29
NWMN OWN PEPPERONI PIZZA 13.2 OZ (2066200530),3/24/2010,2,6.49
NWMN OWN PEPPERONI PIZZA 13.2 OZ (2066200530),3/31/2010,3,6.49
NWMN OWN PEPPERONI PIZZA 13.2 OZ (2066200530),4/7/2010,3,6.49
NWMN OWN PEPPERONI PIZZA 13.2 OZ (2066200530),4/14/2010,1,6.49
NWMN OWN PEPPERONI PIZZA 13.2 OZ (2066200530),4/28/2010,2,6.49
NWMN OWN PEPPERONI PIZZA 13.2 OZ (2066200530),5/19/2010,1,6.49
NWMN OWN PEPPERONI PIZZA 13.2 OZ (2066200530),6/2/2010,3,6.32
NWMN OWN PEPPERONI PIZZA 13.2 OZ (2066200530),6/9/2010,2,6.24
NWMN OWN PEPPERONI PIZZA 13.2 OZ (2066200530),6/16/2010,1,5.99
NWMN OWN PEPPERONI PIZZA 13.2 OZ (2066200530),6/23/2010,1,5.99
NWMN OWN PEPPERONI PIZZA 13.2 OZ (2066200530),6/30/2010,2,5.99
NWMN OWN PEPPERONI PIZZA 13.2 OZ (2066200530),7/14/2010,1,5.99
NWMN OWN PEPPERONI PIZZA 13.2 OZ (2066200530),7/21/2010,1,5.99
NWMN OWN PEPPERONI PIZZA 13.2 OZ (2066200530),8/4/2010,1,5.99
NWMN OWN PEPPERONI PIZZA 13.2 OZ (2066200530),8/11/2010,2,5.99
NWMN OWN PEPPERONI PIZZA 13.2 OZ (2066200530),8/18/2010,1,5.99
NWMN OWN PEPPERONI PIZZA 13.2 OZ (2066200530),8/25/2010,2,5.99
NWMN OWN PEPPERONI PIZZA 13.2 OZ (2066200530),9/8/2010,1,5.99
NWMN OWN PEPPERONI PIZZA 13.2 OZ (2066200530),9/15/2010,1,5.99
NWMN OWN PEPPERONI PIZZA 13.2 OZ (2066200530),9/22/2010,2,5.99
NWMN OWN PEPPERONI PIZZA 13.2 OZ (2066200530),10/6/2010,1,5.99
NWMN OWN PEPPERONI PIZZA 13.2 OZ (2066200530),11/3/2010,2,5.99
NWMN OWN PEPPERONI PIZZA 13.2 OZ (2066200530),11/10/2010,1,5.99
NWMN OWN PEPPERONI PIZZA 13.2 OZ (2066200530),11/17/2010,2,5.99
NWMN OWN PEPPERONI PIZZA 13.2 OZ (2066200530),11/24/2010,2,5.99
NWMN OWN PEPPERONI PIZZA 13.2 OZ (2066200530),12/8/2010,2,4.99
NWMN OWN PEPPERONI PIZZA 13.2 OZ (2066200530),12/15/2010,3,4.99
NWMN OWN PEPPERONI PIZZA 13.2 OZ (2066200530),1/12/2011,1,5.99
NWMN OWN PEPPERONI PIZZA 13.2 OZ (2066200530),1/19/2011,3,5.99
NWMN OWN PEPPERONI PIZZA 13.2 OZ (2066200530),2/9/2011,1,5.99
NWMN OWN PEPPERONI PIZZA 13.2 OZ (2066200530),2/23/2011,1,5.99
NWMN OWN PEPPERONI PIZZA 13.2 OZ (2066200530),3/2/2011,1,5.99
NWMN OWN PEPPERONI PIZZA 13.2 OZ (2066200530),3/9/2011,1,5.99
NWMN OWN PEPPERONI PIZZA 13.2 OZ (2066200530),3/30/2011,1,5.99
NWMN OWN PEPPERONI PIZZA 13.2 OZ (2066200530),4/6/2011,1,5.99
NWMN OWN PEPPERONI PIZZA 13.2 OZ (2066200530),4/13/2011,1,5.99
NWMN OWN PEPPERONI PIZZA 13.2 OZ (2066200530),4/27/2011,2,5.99
NWMN OWN PEPPERONI PIZZA 13.2 OZ (2066200530),5/4/2011,2,5.99
NWMN OWN PEPPERONI PIZZA 13.2 OZ (2066200530),6/1/2011,1,5.99
NWMN OWN PEPPERONI PIZZA 13.2 OZ (2066200530),6/8/2011,1,6.49
NWMN OWN PEPPERONI PIZZA 13.2 OZ (2066200530),6/29/2011,1,4.49
NWMN OWN PEPPERONI PIZZA 13.2 OZ (2066200530),7/6/2011,1,4.49
NWMN OWN PEPPERONI PIZZA 13.2 OZ (2066200530),7/13/2011,1,4.49
NWMN OWN PEPPERONI PIZZA 13.2 OZ (2066200530),7/20/2011,3,4.49
NWMN OWN PEPPERONI PIZZA 13.2 OZ (2066200530),7/27/2011,1,5.99
NWMN OWN PEPPERONI PIZZA 13.2 OZ (2066200530),8/3/2011,1,5.99
NWMN OWN PEPPERONI PIZZA 13.2 OZ (2066200530),8/31/2011,1,6.49
NWMN OWN PEPPERONI PIZZA 13.2 OZ (2066200530),9/7/2011,2,4.99
NWMN OWN PEPPERONI PIZZA 13.2 OZ (2066200530),9/14/2011,1,4.99
NWMN OWN PEPPERONI PIZZA 13.2 OZ (2066200530),10/5/2011,1,6.09
NWMN OWN PEPPERONI PIZZA 13.2 OZ (2066200530),10/12/2011,1,6.09
NWMN OWN PEPPERONI PIZZA 13.2 OZ (2066200530),10/19/2011,2,6.59
NWMN OWN PEPPERONI PIZZA 13.2 OZ (2066200530),11/16/2011,1,5.99
NWMN OWN PEPPERONI PIZZA 13.2 OZ (2066200530),11/30/2011,1,5.99
NWMN OWN PEPPERONI PIZZA 13.2 OZ (2066200530),12/7/2011,1,5.99
NWMN OWN PEPPERONI PIZZA 13.2 OZ (2066200530),12/14/2011,1,5.99
NWMN OWN PEPPERONI PIZZA 13.2 OZ (2066200530),12/28/2011,1,6.99
NWMN OWN 4 CHEESE PIZZA 13.3 OZ (2066200531),3/30/2011,1,5.99
NWMN OWN 4 CHEESE PIZZA 13.3 OZ (2066200531),4/6/2011,2,5.99
NWMN OWN 4 CHEESE PIZZA 13.3 OZ (2066200531),4/27/2011,2,5.99
NWMN OWN 4 CHEESE PIZZA 13.3 OZ (2066200531),5/25/2011,2,5.99
NWMN OWN 4 CHEESE PIZZA 13.3 OZ (2066200531),6/1/2011,5,5.99
NWMN OWN 4 CHEESE PIZZA 13.3 OZ (2066200531),6/8/2011,1,5.99
NWMN OWN 4 CHEESE PIZZA 13.3 OZ (2066200531),6/15/2011,2,6.49
NWMN OWN 4 CHEESE PIZZA 13.3 OZ (2066200531),6/22/2011,2,6.49
NWMN OWN 4 CHEESE PIZZA 13.3 OZ (2066200531),6/29/2011,7,4.49
NWMN OWN 4 CHEESE PIZZA 13.3 OZ (2066200531),7/6/2011,1,4.49
NWMN OWN 4 CHEESE PIZZA 13.3 OZ (2066200531),7/20/2011,4,4.49
NWMN OWN 4 CHEESE PIZZA 13.3 OZ (2066200531),7/27/2011,1,5.99
NWMN OWN 4 CHEESE PIZZA 13.3 OZ (2066200531),8/3/2011,1,5.99
NWMN OWN 4 CHEESE PIZZA 13.3 OZ (2066200531),9/7/2011,2,4.99
NWMN OWN 4 CHEESE PIZZA 13.3 OZ (2066200531),9/21/2011,1,6.09
NWMN OWN 4 CHEESE PIZZA 13.3 OZ (2066200531),10/12/2011,2,6.09
NWMN OWN 4 CHEESE PIZZA 13.3 OZ (2066200531),11/9/2011,1,6.59
NWMN OWN 4 CHEESE PIZZA 13.3 OZ (2066200531),11/16/2011,1,5.99
NWMN OWN 4 CHEESE PIZZA 13.3 OZ (2066200531),12/7/2011,2,5.99
NWMN OWN 4 CHEESE PIZZA 13.3 OZ (2066200531),12/14/2011,2,5.99
NWMN OWN 4 CHEESE PIZZA 13.3 OZ (2066200531),12/21/2011,2,6.99
RLDGLD BRAIDED HONEY WHT 10 OZ (2840002333),2/2/2011,1,2.18
RLDGLD BRAIDED HONEY WHT 10 OZ (2840002333),2/9/2011,2,2.18
RLDGLD BRAIDED HONEY WHT 10 OZ (2840002333),2/16/2011,4,2.18
RLDGLD BRAIDED HONEY WHT 10 OZ (2840002333),2/23/2011,1,2.99
RLDGLD BRAIDED HONEY WHT 10 OZ (2840002333),3/2/2011,1,2.99
RLDGLD BRAIDED HONEY WHT 10 OZ (2840002333),3/9/2011,2,2.99
RLDGLD BRAIDED HONEY WHT 10 OZ (2840002333),3/23/2011,2,2.99
RLDGLD BRAIDED HONEY WHT 10 OZ (2840002333),4/6/2011,1,2.99
RLDGLD BRAIDED HONEY WHT 10 OZ (2840002333),4/13/2011,2,1.99
RLDGLD BRAIDED HONEY WHT 10 OZ (2840002333),4/20/2011,1,2.99
RLDGLD BRAIDED HONEY WHT 10 OZ (2840002333),4/27/2011,2,2.99
RLDGLD BRAIDED HONEY WHT 10 OZ (2840002333),5/18/2011,1,2.49
RLDGLD BRAIDED HONEY WHT 10 OZ (2840002333),6/1/2011,1,2.99
RLDGLD BRAIDED HONEY WHT 10 OZ (2840002333),6/8/2011,1,2.99
RLDGLD BRAIDED HONEY WHT 10 OZ (2840002333),10/12/2011,2,3.29
RLDGLD BRAIDED HONEY WHT 10 OZ (2840002333),10/19/2011,1,3.29
RLDGLD BRAIDED HONEY WHT 10 OZ (2840002333),10/26/2011,2,3.29
RLDGLD BRAIDED HONEY WHT 10 OZ (2840002333),11/2/2011,1,3.29
RLDGLD BRAIDED HONEY WHT 10 OZ (2840002333),11/23/2011,1,3.29
