sample_data_full.csv
ITEM,DATE,UNITS,PRICE
RLDGLD TINY TWISTS PRTZL 16 OZ (2840004768),1/14/2009,8,2.89
RLDGLD TINY TWISTS PRTZL 16 OZ (2840004768),1/21/2009,3,2.89
RLDGLD TINY TWISTS PRTZL 16 OZ (2840004768),1/28/2009,2,2.7
RLDGLD TINY TWISTS PRTZL 16 OZ (2840004768),2/4/2009,7,2.5
RLDGLD TINY TWISTS PRTZL 16 OZ (2840004768),2/11/2009,6,2.49
RLDGLD TINY TWISTS PRTZL 16 OZ (2840004768),2/18/2009,1,2.49
RLDGLD TINY TWISTS PRTZL 16 OZ (2840004768),2/25/2009,2,2.49
RLDGLD TINY TWISTS PRTZL 16 OZ (2840004768),3/4/2009,3,2.49
RLDGLD TINY TWISTS PRTZL 16 OZ (2840004768),3/11/2009,8,2.49
RLDGLD TINY TWISTS PRTZL 16 OZ (2840004768),3/18/2009,1,2.89
RLDGLD TINY TWISTS PRTZL 16 OZ (2840004768),3/25/2009,1,2.89
RLDGLD TINY TWISTS PRTZL 16 OZ (2840004768),4/1/2009,1,2.89
RLDGLD TINY TWISTS PRTZL 16 OZ (2840004768),4/8/2009,4,2.89
RLDGLD TINY TWISTS PRTZL 16 OZ (2840004768),4/15/2009,2,2.89
RLDGLD TINY TWISTS PRTZL 16 OZ (2840004768),4/22/2009,1,2.89
RLDGLD TINY TWISTS PRTZL 16 OZ (2840004768),4/29/2009,2,2.89
RLDGLD TINY TWISTS PRTZL 16 OZ (2840004768),5/6/2009,1,2.89
RLDGLD TINY TWISTS PRTZL 16 OZ (2840004768),5/20/2009,3,2.89
RLDGLD TINY TWISTS PRTZL 16 OZ (2840004768),5/27/2009,1,2.89
RLDGLD TINY TWISTS PRTZL 16 OZ (2840004768),6/3/2009,1,2.89
RLDGLD TINY TWISTS PRTZL 16 OZ (2840004768),6/17/2009,2,2.89
RLDGLD TINY TWISTS PRTZL 16 OZ (2840004768),6/24/2009,3,2.89
RLDGLD TINY TWISTS PRTZL 16 OZ (2840004768),7/8/2009,3,2.89
RLDGLD TINY TWISTS PRTZL 16 OZ (2840004768),7/15/2009,4,2.89
RLDGLD TINY TWISTS PRTZL 16 OZ (2840004768),8/12/2009,2,2.89
RLDGLD TINY TWISTS PRTZL 16 OZ (2840004768),8/19/2009,2,2.89
RLDGLD TINY TWISTS PRTZL 16 OZ (2840004768),8/26/2009,2,2.89
RLDGLD TINY TWISTS PRTZL 16 OZ (2840004768),9/2/2009,1,2.89
RLDGLD TINY TWISTS PRTZL 16 OZ (2840004768),9/9/2009,3,2.89
RLDGLD TINY TWISTS PRTZL 16 OZ (2840004768),9/16/2009,3,2.89
RLDGLD TINY TWISTS PRTZL 16 OZ (2840004768),9/23/2009,2,2.89
RLDGLD TINY TWISTS PRTZL 16 OZ (2840004768),10/7/2009,1,2.89
RLDGLD TINY TWISTS PRTZL 16 OZ (2840004768),10/14/2009,2,2.89
RLDGLD TINY TWISTS PRTZL 16 OZ (2840004768),12/2/2009,4,2.89
RLDGLD TINY TWISTS PRTZL 16 OZ (2840004768),12/16/2009,1,2.89
RLDGLD TINY TWISTS PRTZL 16 OZ (2840004768),12/23/2009,1,2.89
RLDGLD TINY TWISTS PRTZL 16 OZ (2840004768),1/13/2010,2,2.89
RLDGLD TINY TWISTS PRTZL 16 OZ (2840004768),1/20/2010,2,2.89
RLDGLD TINY TWISTS PRTZL 16 OZ (2840004768),2/3/2010,2,2.89
RLDGLD TINY TWISTS PRTZL 16 OZ (2840004768),2/17/2010,2,2.99
RLDGLD TINY TWISTS PRTZL 16 OZ (2840004768),2/24/2010,1,2.99
RLDGLD TINY TWISTS PRTZL 16 OZ (2840004768),3/3/2010,1,2.99
RLDGLD TINY TWISTS PRTZL 16 OZ (2840004768),3/10/2010,3,2.99
RLDGLD TINY TWISTS PRTZL 16 OZ (2840004768),4/7/2010,1,2.99
RLDGLD TINY TWISTS PRTZL 16 OZ (2840004768),5/26/2010,2,2.99
RLDGLD TINY TWISTS PRTZL 16 OZ (2840004768),6/2/2010,2,2.99
RLDGLD TINY TWISTS PRTZL 16 OZ (2840004768),6/16/2010,3,2.99
RLDGLD TINY TWISTS PRTZL 16 OZ (2840004768),6/30/2010,1,2.99
RLDGLD TINY TWISTS PRTZL 16 OZ (2840004768),7/7/2010,2,2.99
RLDGLD TINY TWISTS PRTZL 16 OZ (2840004768),7/14/2010,1,2.99
RLDGLD TINY TWISTS PRTZL 16 OZ (2840004768),7/21/2010,1,2.99
RLDGLD TINY TWISTS PRTZL 16 OZ (2840004768),7/28/2010,1,2.99
RLDGLD TINY TWISTS PRTZL 16 OZ (2840004768),8/4/2010,1,2.99
RLDGLD TINY TWISTS PRTZL 16 OZ (2840004768),8/11/2010,2,2.99
RLDGLD TINY TWISTS PRTZL 16 OZ (2840004768),8/18/2010,1,2.99
RLDGLD TINY TWISTS PRTZL 16 OZ (2840004768),8/25/2010,10,1.99
RLDGLD TINY TWISTS PRTZL 16 OZ (2840004768),9/1/2010,9,1.99
RLDGLD TINY TWISTS PRTZL 16 OZ (2840004768),9/8/2010,7,1.99
RLDGLD TINY TWISTS PRTZL 16 OZ (2840004768),9/15/2010,1,2.99
RLDGLD TINY TWISTS PRTZL 16 OZ (2840004768),9/22/2010,2,2.99
RLDGLD TINY TWISTS PRTZL 16 OZ (2840004768),9/29/2010,1,2.99
RLDGLD TINY TWISTS PRTZL 16 OZ (2840004768),10/6/2010,1,2.99
RLDGLD TINY TWISTS PRTZL 16 OZ (2840004768),10/13/2010,1,2.99
RLDGLD TINY TWISTS PRTZL 16 OZ (2840004768),10/20/2010,2,2.99
RLDGLD TINY TWISTS PRTZL 16 OZ (2840004768),10/27/2010,1,2.99
RLDGLD TINY TWISTS PRTZL 16 OZ (2840004768),11/10/2010,1,2.99
RLDGLD TINY TWISTS PRTZL 16 OZ (2840004768),1/19/2011,3,2.99
RLDGLD TINY TWISTS PRTZL 16 OZ (2840004768),1/26/2011,6,2.18
RLDGLD TINY TWISTS PRTZL 16 OZ (2840004768),2/2/2011,4,2.18
RLDGLD TINY TWISTS PRTZL 16 OZ (2840004768),2/9/2011,9,2.18
RLDGLD TINY TWISTS PRTZL 16 OZ (2840004768),2/16/2011,4,2.18
RLDGLD TINY TWISTS PRTZL 16 OZ (2840004768),3/9/2011,2,2.99
RLDGLD TINY TWISTS PRTZL 16 OZ (2840004768),3/16/2011,3,2.99
RLDGLD TINY TWISTS PRTZL 16 OZ (2840004768),3/23/2011,2,2.99
RLDGLD TINY TWISTS PRTZL 16 OZ (2840004768),3/30/2011,1,2.99
RLDGLD TINY TWISTS PRTZL 16 OZ (2840004768),4/6/2011,2,2.99
RLDGLD TINY TWISTS PRTZL 16 OZ (2840004768),4/13/2011,2,1.99
RLDGLD TINY TWISTS PRTZL 16 OZ (2840004768),4/20/2011,2,2.99
RLDGLD TINY TWISTS PRTZL 16 OZ (2840004768),4/27/2011,1,2.99
RLDGLD TINY TWISTS PRTZL 16 OZ (2840004768),5/4/2011,3,2.99
RLDGLD TINY TWISTS PRTZL 16 OZ (2840004768),5/11/2011,4,2.99
RLDGLD TINY TWISTS PRTZL 16 OZ (2840004768),5/18/2011,12,2.53
RLDGLD TINY TWISTS PRTZL 16 OZ (2840004768),5/25/2011,4,2.49
RLDGLD TINY TWISTS PRTZL 16 OZ (2840004768),6/1/2011,4,2.99
RLDGLD TINY TWISTS PRTZL 16 OZ (2840004768),6/8/2011,2,2.99
RLDGLD TINY TWISTS PRTZL 16 OZ (2840004768),6/15/2011,8,2.99
RLDGLD TINY TWISTS PRTZL 16 OZ (2840004768),6/22/2011,3,2.99
RLDGLD TINY TWISTS PRTZL 16 OZ (2840004768),6/29/2011,3,2.99
RLDGLD TINY TWISTS PRTZL 16 OZ (2840004768),7/6/2011,2,2.99
RLDGLD TINY TWISTS PRTZL 16 OZ (2840004768),7/13/2011,1,2.99
RLDGLD TINY TWISTS PRTZL 16 OZ (2840004768),7/20/2011,5,3.29
RLDGLD TINY TWISTS PRTZL 16 OZ (2840004768),8/3/2011,2,3.29
RLDGLD TINY TWISTS PRTZL 16 OZ (2840004768),8/10/2011,2,3.29
RLDGLD TINY TWISTS PRTZL 16 OZ (2840004768),8/17/2011,8,3.29
RLDGLD TINY TWISTS PRTZL 16 OZ (2840004768),8/31/2011,2,3.29
RLDGLD TINY TWISTS PRTZL 16 OZ (2840004768),9/7/2011,2,3.29
RLDGLD TINY TWISTS PRTZL 16 OZ (2840004768),9/21/2011,2,3.29
RLDGLD TINY TWISTS PRTZL 16 OZ (2840004768),9/28/2011,2,3.29
RLDGLD TINY TWISTS PRTZL 16 OZ (2840004768),10/5/2011,1,3.29
RLDGLD TINY TWISTS PRTZL 16 OZ (2840004768),10/12/2011,1,3.29
RLDGLD TINY TWISTS PRTZL 16 OZ (2840004768),10/26/2011,1,3.29
RLDGLD TINY TWISTS PRTZL 16 OZ (2840004768),11/2/2011,1,3.29
RLDGLD TINY TWISTS PRTZL 16 OZ (2840004768),11/9/2011,2,3.29
RLDGLD TINY TWISTS PRTZL 16 OZ (2840004768),11/16/2011,3,3.29
RLDGLD TINY TWISTS PRTZL 16 OZ (2840004768),11/23/2011,2,3.29
RLDGLD TINY TWISTS PRTZL 16 OZ (2840004768),12/14/2011,1,3.29
RLDGLD TINY TWISTS PRTZL 16 OZ (2840004768),12/28/2011,2,3.29
RLDGLD TINY TWISTS PRTZL 16 OZ (2840004768),1/4/2012,1,3.29
RLDGLD PRETZEL STICKS 16 OZ (2840004770),10/14/2009,2,2.89
RLDGLD PRETZEL STICKS 16 OZ (2840004770),10/21/2009,1,2.89
RLDGLD PRETZEL STICKS 16 OZ (2840004770),10/28/2009,1,2.89
RLDGLD PRETZEL STICKS 16 OZ (2840004770),11/11/2009,2,2.89
RLDGLD PRETZEL STICKS 16 OZ (2840004770),12/9/2009,2,2.89
RLDGLD PRETZEL STICKS 16 OZ (2840004770),12/16/2009,2,2.89
RLDGLD PRETZEL STICKS 16 OZ (2840004770),1/6/2010,2,2.89
RLDGLD PRETZEL STICKS 16 OZ (2840004770),1/13/2010,1,2.89
RLDGLD PRETZEL STICKS 16 OZ (2840004770),1/20/2010,1,2.89
RLDGLD PRETZEL STICKS 16 OZ (2840004770),2/24/2010,1,2.99
RLDGLD PRETZEL STICKS 16 OZ (2840004770),12/29/2010,1,2.99
RLDGLD PRETZEL STICKS 16 OZ (2840004770),1/5/2011,1,2.99
RLDGLD PRETZEL STICKS 16 OZ (2840004770),1/12/2011,2,2.99
RLDGLD PRETZEL STICKS 16 OZ (2840004770),1/19/2011,1,2.99
RLDGLD PRETZEL STICKS 16 OZ (2840004770),1/26/2011,5,2.18
RLDGLD PRETZEL STICKS 16 OZ (2840004770),2/2/2011,6,2.18
RLDGLD PRETZEL STICKS 16 OZ (2840004770),2/9/2011,11,2.18
RLDGLD PRETZEL STICKS 16 OZ (2840004770),2/16/2011,7,2.18
RLDGLD PRETZEL STICKS 16 OZ (2840004770),2/23/2011,1,2.99
RLDGLD PRETZEL STICKS 16 OZ (2840004770),3/9/2011,3,2.99
RLDGLD PRETZEL STICKS 16 OZ (2840004770),3/16/2011,4,2.99
RLDGLD PRETZEL STICKS 16 OZ (2840004770),3/23/2011,2,2.99
RLDGLD PRETZEL STICKS 16 OZ (2840004770),3/30/2011,1,2.99
RLDGLD PRETZEL STICKS 16 OZ (2840004770),4/13/2011,8,2.12
RLDGLD PRETZEL STICKS 16 OZ (2840004770),4/27/2011,2,2.99
RLDGLD PRETZEL STICKS 16 OZ (2840004770),5/11/2011,4,2.99
RLDGLD PRETZEL STICKS 16 OZ (2840004770),5/18/2011,4,2.49
RLDGLD PRETZEL STICKS 16 OZ (2840004770),5/25/2011,3,2.49
RLDGLD PRETZEL STICKS 16 OZ (2840004770),6/1/2011,2,2.99
RLDGLD PRETZEL STICKS 16 OZ (2840004770),6/15/2011,2,2.99
RLDGLD PRETZEL STICKS 16 OZ (2840004770),6/22/2011,2,2.99
RLDGLD PRETZEL STICKS 16 OZ (2840004770),6/29/2011,1,2.99
RLDGLD PRETZEL STICKS 16 OZ (2840004770),7/6/2011,1,2.99
RLDGLD PRETZEL STICKS 16 OZ (2840004770),7/13/2011,5,2.99
RLDGLD PRETZEL STICKS 16 OZ (2840004770),7/27/2011,1,3.29
RLDGLD PRETZEL STICKS 16 OZ (2840004770),8/3/2011,1,3.29
RLDGLD PRETZEL STICKS 16 OZ (2840004770),8/10/2011,1,3.29
RLDGLD PRETZEL STICKS 16 OZ (2840004770),8/17/2011,2,3.29
RLDGLD PRETZEL STICKS 16 OZ (2840004770),8/24/2011,1,3.29
RLDGLD PRETZEL STICKS 16 OZ (2840004770),8/31/2011,1,3.29
RLDGLD PRETZEL STICKS 16 OZ (2840004770),9/7/2011,1,3.29
RLDGLD PRETZEL STICKS 16 OZ (2840004770),9/14/2011,1,3.29
RLDGLD PRETZEL STICKS 16 OZ (2840004770),9/21/2011,3,3.29
RLDGLD PRETZEL STICKS 16 OZ (2840004770),10/5/2011,2,3.29
RLDGLD PRETZEL STICKS 16 OZ (2840004770),10/12/2011,1,3.29
RLDGLD PRETZEL STICKS 16 OZ (2840004770),11/2/2011,1,3.29
RLDGLD PRETZEL STICKS 16 OZ (2840004770),11/9/2011,2,3.29
RLDGLD PRETZEL STICKS 16 OZ (2840004770),11/23/2011,1,3.29
RLDGLD PRETZEL STICKS 16 OZ (2840004770),12/21/2011,1,3.29
QKER CAP N CRUNCH BERRIES 13 OZ (3000006560),1/14/2009,87,2
QKER CAP N CRUNCH BERRIES 13 OZ (3000006560),1/21/2009,27,2.59
QKER CAP N CRUNCH BERRIES 13 OZ (3000006560),1/28/2009,25,2.59
QKER CAP N CRUNCH BERRIES 13 OZ (3000006560),2/4/2009,26,2.59
QKER CAP N CRUNCH BERRIES 13 OZ (3000006560),2/11/2009,42,2.59
QKER CAP N CRUNCH BERRIES 13 OZ (3000006560),2/18/2009,21,2.59
QKER CAP N CRUNCH BERRIES 13 OZ (3000006560),2/25/2009,5,2.59
QKER CAP N CRUNCH BERRIES 13 OZ (3000006560),3/4/2009,5,2.59
QKER CAP N CRUNCH BERRIES 13 OZ (3000006560),3/11/2009,30,2.59
QKER CAP N CRUNCH BERRIES 13 OZ (3000006560),3/18/2009,21,2.59
QKER CAP N CRUNCH BERRIES 13 OZ (3000006560),3/25/2009,14,2.59
QKER CAP N CRUNCH BERRIES 13 OZ (3000006560),4/1/2009,32,2.5
QKER CAP N CRUNCH BERRIES 13 OZ (3000006560),4/8/2009,70,2.5
QKER CAP N CRUNCH BERRIES 13 OZ (3000006560),4/15/2009,29,2.59
QKER CAP N CRUNCH BERRIES 13 OZ (3000006560),4/22/2009,30,2.59
QKER CAP N CRUNCH BERRIES 13 OZ (3000006560),4/29/2009,20,2.59
QKER CAP N CRUNCH BERRIES 13 OZ (3000006560),5/6/2009,20,2.59
QKER CAP N CRUNCH BERRIES 13 OZ (3000006560),5/13/2009,41,2.59
QKER CAP N CRUNCH BERRIES 13 OZ (3000006560),5/20/2009,24,2.59
QKER CAP N CRUNCH BERRIES 13 OZ (3000006560),5/27/2009,25,2.29
QKER CAP N CRUNCH BERRIES 13 OZ (3000006560),6/3/2009,17,2.29
QKER CAP N CRUNCH BERRIES 13 OZ (3000006560),6/10/2009,38,2.59
QKER CAP N CRUNCH BERRIES 13 OZ (3000006560),6/17/2009,35,2.59
QKER CAP N CRUNCH BERRIES 13 OZ (3000006560),6/24/2009,14,2.59
QKER CAP N CRUNCH BERRIES 13 OZ (3000006560),7/1/2009,13,2.59
QKER CAP N CRUNCH BERRIES 13 OZ (3000006560),7/8/2009,27,2.59
QKER CAP N CRUNCH BERRIES 13 OZ (3000006560),7/15/2009,44,2.59
QKER CAP N CRUNCH BERRIES 13 OZ (3000006560),7/22/2009,19,2.59
QKER CAP N CRUNCH BERRIES 13 OZ (3000006560),7/29/2009,17,2.59
QKER CAP N CRUNCH BERRIES 13 OZ (3000006560),8/5/2009,13,2.59
QKER CAP N CRUNCH BERRIES 13 OZ (3000006560),8/12/2009,25,2.59
QKER CAP N CRUNCH BERRIES 13 OZ (3000006560),8/19/2009,17,2.59
QKER CAP N CRUNCH BERRIES 13 OZ (3000006560),8/26/2009,74,2
QKER CAP N CRUNCH BERRIES 13 OZ (3000006560),9/2/2009,51,2
QKER CAP N CRUNCH BERRIES 13 OZ (3000006560),9/9/2009,55,1.99
QKER CAP N CRUNCH BERRIES 13 OZ (3000006560),9/16/2009,9,2
QKER CAP N CRUNCH BERRIES 13 OZ (3000006560),9/23/2009,16,2.59
QKER CAP N CRUNCH BERRIES 13 OZ (3000006560),9/30/2009,7,2.59
QKER CAP N CRUNCH BERRIES 13 OZ (3000006560),10/7/2009,19,2.59
QKER CAP N CRUNCH BERRIES 13 OZ (3000006560),10/14/2009,35,2.59
QKER CAP N CRUNCH BERRIES 13 OZ (3000006560),10/21/2009,22,2.59
QKER CAP N CRUNCH BERRIES 13 OZ (3000006560),10/28/2009,9,2.59
QKER CAP N CRUNCH BERRIES 13 OZ (3000006560),11/4/2009,4,2.59
QKER CAP N CRUNCH BERRIES 13 OZ (3000006560),11/11/2009,15,2.59
QKER CAP N CRUNCH BERRIES 13 OZ (3000006560),11/18/2009,12,2.5
QKER CAP N CRUNCH BERRIES 13 OZ (3000006560),11/25/2009,12,2.5
QKER CAP N CRUNCH BERRIES 13 OZ (3000006560),12/2/2009,8,2.59
QKER CAP N CRUNCH BERRIES 13 OZ (3000006560),12/9/2009,24,2.59
QKER CAP N CRUNCH BERRIES 13 OZ (3000006560),12/16/2009,35,2.59
QKER CAP N CRUNCH BERRIES 13 OZ (3000006560),12/23/2009,110,1.88
QKER CAP N CRUNCH BERRIES 13 OZ (3000006560),12/30/2009,34,1.88
QKER CAP N CRUNCH BERRIES 13 OZ (3000006560),1/6/2010,136,1.88
QKER CAP N CRUNCH BERRIES 13 OZ (3000006560),1/13/2010,99,1.89
QKER CAP N CRUNCH BERRIES 13 OZ (3000006560),1/20/2010,34,2.57
QKER CAP N CRUNCH BERRIES 13 OZ (3000006560),1/27/2010,26,2.59
QKER CAP N CRUNCH BERRIES 13 OZ (3000006560),2/3/2010,13,2.59
QKER CAP N CRUNCH BERRIES 13 OZ (3000006560),2/10/2010,38,2.59
QKER CAP N CRUNCH BERRIES 13 OZ (3000006560),2/17/2010,41,2.59
QKER CAP N CRUNCH BERRIES 13 OZ (3000006560),2/24/2010,22,2.59
QKER CAP N CRUNCH BERRIES 13 OZ (3000006560),3/3/2010,14,2.59
QKER CAP N CRUNCH BERRIES 13 OZ (3000006560),3/10/2010,19,2.59
QKER CAP N CRUNCH BERRIES 13 OZ (3000006560),3/17/2010,6,2.59
QKER CAP N CRUNCH BERRIES 13 OZ (3000006560),3/24/2010,11,2.59
QKER CAP N CRUNCH BERRIES 13 OZ (3000006560),3/31/2010,15,2.59
QKER CAP N CRUNCH BERRIES 13 OZ (3000006560),4/7/2010,17,2.59
QKER CAP N CRUNCH BERRIES 13 OZ (3000006560),4/14/2010,38,2.59
QKER CAP N CRUNCH BERRIES 13 OZ (3000006560),4/21/2010,16,2.59
QKER CAP N CRUNCH BERRIES 13 OZ (3000006560),4/28/2010,15,2.59
QKER CAP N CRUNCH BERRIES 13 OZ (3000006560),5/5/2010,13,2.59
QKER CAP N CRUNCH BERRIES 13 OZ (3000006560),5/12/2010,31,2.59
QKER CAP N CRUNCH BERRIES 13 OZ (3000006560),5/19/2010,18,2.59
QKER CAP N CRUNCH BERRIES 13 OZ (3000006560),5/26/2010,15,2.59
QKER CAP N CRUNCH BERRIES 13 OZ (3000006560),6/2/2010,14,2.59
QKER CAP N CRUNCH BERRIES 13 OZ (3000006560),6/9/2010,26,2.59
QKER CAP N CRUNCH BERRIES 13 OZ (3000006560),6/16/2010,33,2.59
QKER CAP N CRUNCH BERRIES 13 OZ (3000006560),6/23/2010,10,2.59
QKER CAP N CRUNCH BERRIES 13 OZ (3000006560),6/30/2010,6,2.59
QKER CAP N CRUNCH BERRIES 13 OZ (3000006560),7/7/2010,17,2.59
QKER CAP N CRUNCH BERRIES 13 OZ (3000006560),7/14/2010,19,2.59
QKER CAP N CRUNCH BERRIES 13 OZ (3000006560),7/21/2010,16,2.59
QKER CAP N CRUNCH BERRIES 13 OZ (3000006560),7/28/2010,18,2.59
QKER CAP N CRUNCH BERRIES 13 OZ (3000006560),8/4/2010,17,2.59
QKER CAP N CRUNCH BERRIES 13 OZ (3000006560),8/11/2010,137,1.48
QKER CAP N CRUNCH BERRIES 13 OZ (3000006560),8/18/2010,9,2.59
QKER CAP N CRUNCH BERRIES 13 OZ (3000006560),8/25/2010,14,2.59
QKER CAP N CRUNCH BERRIES 13 OZ (3000006560),9/1/2010,10,2.59
QKER CAP N CRUNCH BERRIES 13 OZ (3000006560),9/8/2010,121,1.99
QKER CAP N CRUNCH BERRIES 13 OZ (3000006560),9/15/2010,110,1.98
QKER CAP N CRUNCH BERRIES 13 OZ (3000006560),9/22/2010,64,1.98
QKER CAP N CRUNCH BERRIES 13 OZ (3000006560),9/29/2010,30,1.98
QKER CAP N CRUNCH BERRIES 13 OZ (3000006560),10/6/2010,13,2.59
QKER CAP N CRUNCH BERRIES 13 OZ (3000006560),10/13/2010,32,2.29
QKER CAP N CRUNCH BERRIES 13 OZ (3000006560),10/20/2010,16,2.29
QKER CAP N CRUNCH BERRIES 13 OZ (3000006560),10/27/2010,11,2.29
QKER CAP N CRUNCH BERRIES 13 OZ (3000006560),11/3/2010,10,2.29
QKER CAP N CRUNCH BERRIES 13 OZ (3000006560),11/10/2010,57,2
QKER CAP N CRUNCH BERRIES 13 OZ (3000006560),11/17/2010,12,1.99
QKER CAP N CRUNCH BERRIES 13 OZ (3000006560),11/24/2010,9,2.39
QKER CAP N CRUNCH BERRIES 13 OZ (3000006560),12/1/2010,7,2.39
QKER CAP N CRUNCH BERRIES 13 OZ (3000006560),12/8/2010,22,2.39
QKER CAP N CRUNCH BERRIES 13 OZ (3000006560),12/15/2010,34,2.39
QKER CAP N CRUNCH BERRIES 13 OZ (3000006560),12/22/2010,23,2
QKER CAP N CRUNCH BERRIES 13 OZ (3000006560),12/29/2010,22,2
QKER CAP N CRUNCH BERRIES 13 OZ (3000006560),1/5/2011,25,2.39
QKER CAP N CRUNCH BERRIES 13 OZ (3000006560),1/12/2011,42,2.39
QKER CAP N CRUNCH BERRIES 13 OZ (3000006560),1/19/2011,12,2.66
QKER CAP N CRUNCH BERRIES 13 OZ (3000006560),1/26/2011,20,2.66
QKER CAP N CRUNCH BERRIES 13 OZ (3000006560),2/2/2011,10,2.66
QKER CAP N CRUNCH BERRIES 13 OZ (3000006560),2/9/2011,29,2.65
QKER CAP N CRUNCH BERRIES 13 OZ (3000006560),2/16/2011,65,1.89
QKER CAP N CRUNCH BERRIES 13 OZ (3000006560),2/23/2011,52,1.88
QKER CAP N CRUNCH BERRIES 13 OZ (3000006560),3/2/2011,22,2.66
QKER CAP N CRUNCH BERRIES 13 OZ (3000006560),3/9/2011,29,2.66
QKER CAP N CRUNCH BERRIES 13 OZ (3000006560),3/16/2011,39,2.66
QKER CAP N CRUNCH BERRIES 13 OZ (3000006560),3/23/2011,21,2.66
QKER CAP N CRUNCH BERRIES 13 OZ (3000006560),3/30/2011,12,2.66
QKER CAP N CRUNCH BERRIES 13 OZ (3000006560),4/6/2011,134,1.89
QKER CAP N CRUNCH BERRIES 13 OZ (3000006560),4/13/2011,193,1.88
QKER CAP N CRUNCH BERRIES 13 OZ (3000006560),4/20/2011,24,2.66
QKER CAP N CRUNCH BERRIES 13 OZ (3000006560),4/27/2011,14,2.66
QKER CAP N CRUNCH BERRIES 13 OZ (3000006560),5/4/2011,1,2.66
QKER CAP N CRUNCH BERRIES 13 OZ (3000006560),5/11/2011,10,2.27
QKER CAP N CRUNCH BERRIES 13 OZ (3000006560),5/18/2011,16,2.36
QKER CAP N CRUNCH BERRIES 13 OZ (3000006560),5/25/2011,9,2.92
QKER CAP N CRUNCH BERRIES 13 OZ (3000006560),6/1/2011,10,2.92
QKER CAP N CRUNCH BERRIES 13 OZ (3000006560),6/8/2011,30,2.92
QKER CAP N CRUNCH BERRIES 13 OZ (3000006560),6/15/2011,7,3.09
