sample_data_full.csv
ITEM,DATE,UNITS,PRICE
CREST PH CLN MINT RINSE 1 LT (3700044982),1/14/2009,2,5
CREST PH CLN MINT RINSE 1 LT (3700044982),1/28/2009,2,5
CREST PH CLN MINT RINSE 1 LT (3700044982),2/4/2009,1,4.99
CREST PH CLN MINT RINSE 1 LT (3700044982),2/11/2009,2,4.99
CREST PH CLN MINT RINSE 1 LT (3700044982),2/18/2009,1,4.99
CREST PH CLN MINT RINSE 1 LT (3700044982),6/10/2009,1,5.49
CREST PH CLN MINT RINSE 1 LT (3700044982),7/1/2009,1,4.99
CREST PH CLN MINT RINSE 1 LT (3700044982),7/22/2009,2,5.49
CREST PH CLN MINT RINSE 1 LT (3700044982),8/12/2009,1,5.49
CREST PH CLN MINT RINSE 1 LT (3700044982),8/26/2009,2,4.47
CREST PH CLN MINT RINSE 1 LT (3700044982),9/2/2009,1,4.47
CREST PH CLN MINT RINSE 1 LT (3700044982),9/9/2009,1,4.47
CREST PH CLN MINT RINSE 1 LT (3700044982),9/16/2009,1,4.47
CREST PH CLN MINT RINSE 1 LT (3700044982),9/30/2009,2,5.49
CREST PH CLN MINT RINSE 1 LT (3700044982),10/14/2009,2,4.99
CREST PH CLN MINT RINSE 1 LT (3700044982),10/28/2009,1,4.99
CREST PH CLN MINT RINSE 1 LT (3700044982),11/11/2009,2,5.34
CREST PH CLN MINT RINSE 1 LT (3700044982),1/13/2010,1,4.5
CREST PH CLN MINT RINSE 1 LT (3700044982),1/20/2010,1,4.5
CREST PH CLN MINT RINSE 1 LT (3700044982),1/27/2010,3,4.5
CREST PH CLN MINT RINSE 1 LT (3700044982),2/24/2010,1,5.49
CREST PH CLN MINT RINSE 1 LT (3700044982),3/10/2010,1,4.49
CREST PH CLN MINT RINSE 1 LT (3700044982),3/31/2010,1,4.49
CREST PH CLN MINT RINSE 1 LT (3700044982),4/7/2010,2,5.49
CREST PH CLN MINT RINSE 1 LT (3700044982),4/21/2010,1,5.49
CREST PH CLN MINT RINSE 1 LT (3700044982),5/12/2010,2,4.99
CREST PH CLN MINT RINSE 1 LT (3700044982),5/19/2010,2,4.99
CREST PH CLN MINT RINSE 1 LT (3700044982),5/26/2010,2,4.99
CREST PH CLN MINT RINSE 1 LT (3700044982),6/9/2010,1,5.49
CREST PH CLN MINT RINSE 1 LT (3700044982),6/16/2010,1,5.49
CREST PH CLN MINT RINSE 1 LT (3700044982),6/30/2010,1,5.49
CREST PH CLN MINT RINSE 1 LT (3700044982),7/21/2010,1,5.49
CREST PH CLN MINT RINSE 1 LT (3700044982),8/4/2010,1,4.79
CREST PH CLN MINT RINSE 1 LT (3700044982),8/11/2010,1,4.79
CREST PH CLN MINT RINSE 1 LT (3700044982),8/18/2010,2,4.79
CREST PH CLN MINT RINSE 1 LT (3700044982),8/25/2010,1,5.49
CREST PH CLN MINT RINSE 1 LT (3700044982),9/8/2010,1,5.49
CREST PH CLN MINT RINSE 1 LT (3700044982),9/22/2010,3,4.49
CREST PH CLN MINT RINSE 1 LT (3700044982),10/6/2010,1,4.49
CREST PH CLN MINT RINSE 1 LT (3700044982),10/20/2010,1,5.49
CREST PH CLN MINT RINSE 1 LT (3700044982),11/3/2010,3,5.49
CREST PH CLN MINT RINSE 1 LT (3700044982),11/10/2010,1,4.5
CREST PH CLN MINT RINSE 1 LT (3700044982),11/17/2010,1,4.5
CREST PH CLN MINT RINSE 1 LT (3700044982),11/24/2010,1,5.49
CREST PH CLN MINT RINSE 1 LT (3700044982),12/8/2010,2,5.49
CREST PH CLN MINT RINSE 1 LT (3700044982),1/5/2011,1,4.49
CREST PH CLN MINT RINSE 1 LT (3700044982),1/12/2011,1,4.49
CREST PH CLN MINT RINSE 1 LT (3700044982),1/19/2011,1,4.49
CREST PH CLN MINT RINSE 1 LT (3700044982),1/26/2011,1,5.49
CREST PH CLN MINT RINSE 1 LT (3700044982),2/2/2011,3,5.49
CREST PH CLN MINT RINSE 1 LT (3700044982),2/9/2011,1,5.49
CREST PH CLN MINT RINSE 1 LT (3700044982),2/16/2011,3,5.49
CREST PH CLN MINT RINSE 1 LT (3700044982),2/23/2011,2,5.49
CREST PH CLN MINT RINSE 1 LT (3700044982),3/2/2011,2,5.49
CREST PH CLN MINT RINSE 1 LT (3700044982),3/16/2011,2,4.49
CREST PH CLN MINT RINSE 1 LT (3700044982),3/30/2011,1,5.49
CREST PH CLN MINT RINSE 1 LT (3700044982),4/6/2011,1,5.49
CREST PH CLN MINT RINSE 1 LT (3700044982),4/13/2011,1,5.49
CREST PH CLN MINT RINSE 1 LT (3700044982),6/15/2011,1,4.4
CREST PH CLN MINT RINSE 1 LT (3700044982),6/22/2011,1,4.4
CREST PH CLN MINT RINSE 1 LT (3700044982),7/13/2011,1,4.4
CREST PH CLN MINT RINSE 1 LT (3700044982),7/27/2011,1,4.4
CREST PH CLN MINT RINSE 1 LT (3700044982),8/3/2011,1,4.4
CREST PH CLN MINT RINSE 1 LT (3700044982),8/10/2011,2,4.49
CREST PH CLN MINT RINSE 1 LT (3700044982),8/24/2011,1,5.23
CREST PH CLN MINT RINSE 1 LT (3700044982),9/21/2011,2,5.25
CREST PH CLN MINT RINSE 1 LT (3700044982),9/28/2011,1,5.25
CREST PH CLN MINT RINSE 1 LT (3700044982),11/2/2011,3,4.99
CREST PH CLN MINT RINSE 1 LT (3700044982),11/16/2011,1,5.25
CREST PH CLN MINT RINSE 1 LT (3700044982),11/23/2011,1,5.25
CREST PH CLN MINT RINSE 1 LT (3700044982),12/7/2011,1,5.25
CREST PH CLN MINT RINSE 1 LT (3700044982),12/14/2011,1,5.25
CREST PH CLN MINT RINSE 1 LT (3700044982),1/4/2012,3,5.25
KELL FROSTED FLAKES 15 OZ (3800031838),1/14/2009,36,2.96
KELL FROSTED FLAKES 15 OZ (3800031838),1/21/2009,17,2.96
KELL FROSTED FLAKES 15 OZ (3800031838),1/28/2009,20,2.96
KELL FROSTED FLAKES 15 OZ (3800031838),2/4/2009,24,2.96
KELL FROSTED FLAKES 15 OZ (3800031838),2/11/2009,18,2.49
KELL FROSTED FLAKES 15 OZ (3800031838),2/18/2009,18,2.14
KELL FROSTED FLAKES 15 OZ (3800031838),2/25/2009,8,2.22
KELL FROSTED FLAKES 15 OZ (3800031838),3/4/2009,6,2.96
KELL FROSTED FLAKES 15 OZ (3800031838),3/11/2009,17,2.79
KELL FROSTED FLAKES 15 OZ (3800031838),3/18/2009,28,2.96
KELL FROSTED FLAKES 15 OZ (3800031838),3/25/2009,12,2.96
KELL FROSTED FLAKES 15 OZ (3800031838),4/1/2009,14,2.96
KELL FROSTED FLAKES 15 OZ (3800031838),4/8/2009,20,2.96
KELL FROSTED FLAKES 15 OZ (3800031838),4/15/2009,16,2.96
KELL FROSTED FLAKES 15 OZ (3800031838),4/22/2009,24,2.96
KELL FROSTED FLAKES 15 OZ (3800031838),4/29/2009,11,2.96
KELL FROSTED FLAKES 15 OZ (3800031838),5/6/2009,21,2.96
KELL FROSTED FLAKES 15 OZ (3800031838),5/13/2009,157,1.98
KELL FROSTED FLAKES 15 OZ (3800031838),5/20/2009,78,2.47
KELL FROSTED FLAKES 15 OZ (3800031838),5/27/2009,24,2.65
KELL FROSTED FLAKES 15 OZ (3800031838),6/3/2009,24,2.76
KELL FROSTED FLAKES 15 OZ (3800031838),6/10/2009,142,2.48
KELL FROSTED FLAKES 15 OZ (3800031838),6/17/2009,98,2.46
KELL FROSTED FLAKES 15 OZ (3800031838),6/24/2009,25,2.88
KELL FROSTED FLAKES 15 OZ (3800031838),7/1/2009,21,2.88
KELL FROSTED FLAKES 15 OZ (3800031838),7/8/2009,21,2.74
KELL FROSTED FLAKES 15 OZ (3800031838),7/15/2009,38,2.88
KELL FROSTED FLAKES 15 OZ (3800031838),7/22/2009,12,2.88
KELL FROSTED FLAKES 15 OZ (3800031838),7/29/2009,6,2.88
KELL FROSTED FLAKES 15 OZ (3800031838),8/5/2009,113,1.66
KELL FROSTED FLAKES 15 OZ (3800031838),8/12/2009,36,2.22
KELL FROSTED FLAKES 15 OZ (3800031838),8/19/2009,84,2.5
KELL FROSTED FLAKES 15 OZ (3800031838),8/26/2009,12,2.66
KELL FROSTED FLAKES 15 OZ (3800031838),9/2/2009,8,2.24
KELL FROSTED FLAKES 15 OZ (3800031838),9/9/2009,13,2.74
KELL FROSTED FLAKES 15 OZ (3800031838),9/16/2009,20,2.99
KELL FROSTED FLAKES 15 OZ (3800031838),9/23/2009,16,2.8
KELL FROSTED FLAKES 15 OZ (3800031838),9/30/2009,17,2.99
KELL FROSTED FLAKES 15 OZ (3800031838),10/7/2009,19,3.19
KELL FROSTED FLAKES 15 OZ (3800031838),10/14/2009,18,3.03
KELL FROSTED FLAKES 15 OZ (3800031838),10/21/2009,7,2.73
KELL FROSTED FLAKES 15 OZ (3800031838),10/28/2009,6,3.19
KELL FROSTED FLAKES 15 OZ (3800031838),11/4/2009,1,3.19
KELL FROSTED FLAKES 15 OZ (3800031838),11/11/2009,14,2.51
KELL FROSTED FLAKES 15 OZ (3800031838),11/18/2009,12,2.39
KELL FROSTED FLAKES 15 OZ (3800031838),11/25/2009,25,2.45
KELL FROSTED FLAKES 15 OZ (3800031838),12/2/2009,68,2.52
KELL FROSTED FLAKES 15 OZ (3800031838),12/9/2009,61,1.77
KELL FROSTED FLAKES 15 OZ (3800031838),12/16/2009,10,3.19
KELL FROSTED FLAKES 15 OZ (3800031838),12/23/2009,11,3.19
KELL FROSTED FLAKES 15 OZ (3800031838),12/30/2009,8,3.19
KELL FROSTED FLAKES 15 OZ (3800031838),1/6/2010,5,2.99
KELL FROSTED FLAKES 15 OZ (3800031838),1/13/2010,17,2.99
KELL FROSTED FLAKES 15 OZ (3800031838),1/20/2010,5,2.99
KELL FROSTED FLAKES 15 OZ (3800031838),1/27/2010,23,2.99
KELL FROSTED FLAKES 15 OZ (3800031838),2/3/2010,8,2.99
KELL FROSTED FLAKES 15 OZ (3800031838),2/10/2010,24,2.99
KELL FROSTED FLAKES 15 OZ (3800031838),2/17/2010,17,2.81
KELL FROSTED FLAKES 15 OZ (3800031838),2/24/2010,15,2.79
KELL FROSTED FLAKES 15 OZ (3800031838),3/3/2010,86,2.5
KELL FROSTED FLAKES 15 OZ (3800031838),3/10/2010,21,2.99
KELL FROSTED FLAKES 15 OZ (3800031838),3/17/2010,1,2.64
KELL FROSTED FLAKES 15 OZ (3800031838),3/24/2010,1,2.99
KELL FROSTED FLAKES 15 OZ (3800031838),3/31/2010,11,2.45
KELL FROSTED FLAKES 15 OZ (3800031838),4/7/2010,9,2.99
KELL FROSTED FLAKES 15 OZ (3800031838),4/14/2010,21,2.99
KELL FROSTED FLAKES 15 OZ (3800031838),4/21/2010,23,2.99
KELL FROSTED FLAKES 15 OZ (3800031838),4/28/2010,119,1.97
KELL FROSTED FLAKES 15 OZ (3800031838),5/5/2010,137,1.96
KELL FROSTED FLAKES 15 OZ (3800031838),5/12/2010,175,1.96
KELL FROSTED FLAKES 15 OZ (3800031838),5/19/2010,110,1.95
KELL FROSTED FLAKES 15 OZ (3800031838),5/26/2010,20,2.99
KELL FROSTED FLAKES 15 OZ (3800031838),6/2/2010,9,2.99
KELL FROSTED FLAKES 15 OZ (3800031838),6/9/2010,22,2.85
KELL FROSTED FLAKES 15 OZ (3800031838),6/16/2010,87,2.53
KELL FROSTED FLAKES 15 OZ (3800031838),6/23/2010,51,2.51
KELL FROSTED FLAKES 15 OZ (3800031838),6/30/2010,10,2.99
KELL FROSTED FLAKES 15 OZ (3800031838),7/7/2010,18,2.99
KELL FROSTED FLAKES 15 OZ (3800031838),7/14/2010,125,2.04
KELL FROSTED FLAKES 15 OZ (3800031838),7/21/2010,16,2.99
KELL FROSTED FLAKES 15 OZ (3800031838),7/28/2010,11,2.99
KELL FROSTED FLAKES 15 OZ (3800031838),8/4/2010,16,2.99
KELL FROSTED FLAKES 15 OZ (3800031838),8/11/2010,12,2.99
KELL FROSTED FLAKES 15 OZ (3800031838),8/18/2010,13,2.99
KELL FROSTED FLAKES 15 OZ (3800031838),8/25/2010,2,1.5
KELL FROSTED FLAKES 15 OZ (3800031838),9/1/2010,7,2.99
KELL FROSTED FLAKES 15 OZ (3800031838),9/8/2010,8,2.79
KELL FROSTED FLAKES 15 OZ (3800031838),9/15/2010,8,3.19
KELL FROSTED FLAKES 15 OZ (3800031838),9/22/2010,1,3.19
KELL FROSTED FLAKES 15 OZ (3800031838),9/29/2010,4,3.19
KELL FROSTED FLAKES 15 OZ (3800031838),10/6/2010,7,3.19
KELL FROSTED FLAKES 15 OZ (3800031838),10/13/2010,10,3.19
KELL FROSTED FLAKES 15 OZ (3800031838),10/20/2010,10,3.19
KELL FROSTED FLAKES 15 OZ (3800031838),10/27/2010,7,3.19
KELL FROSTED FLAKES 15 OZ (3800031838),11/3/2010,6,3.19
KELL FROSTED FLAKES 15 OZ (3800031838),11/10/2010,12,3.19
KELL FROSTED FLAKES 15 OZ (3800031838),11/17/2010,4,2.84
KELL FROSTED FLAKES 15 OZ (3800031838),11/24/2010,7,3.32
KELL FROSTED FLAKES 15 OZ (3800031838),12/1/2010,5,2.66
KELL FROSTED FLAKES 15 OZ (3800031838),12/8/2010,17,3.32
KELL FROSTED FLAKES 15 OZ (3800031838),12/15/2010,17,3.32
KELL FROSTED FLAKES 15 OZ (3800031838),12/22/2010,9,3.32
KELL FROSTED FLAKES 15 OZ (3800031838),12/29/2010,1,3.32
KELL FROSTED FLAKES 15 OZ (3800031838),1/5/2011,5,3.32
KELL FROSTED FLAKES 15 OZ (3800031838),1/12/2011,18,3.14
KELL FROSTED FLAKES 15 OZ (3800031838),1/19/2011,13,3.32
KELL FROSTED FLAKES 15 OZ (3800031838),1/26/2011,13,3.32
KELL FROSTED FLAKES 15 OZ (3800031838),2/2/2011,4,3.32
KELL FROSTED FLAKES 15 OZ (3800031838),2/9/2011,11,3.32
KELL FROSTED FLAKES 15 OZ (3800031838),2/16/2011,30,2.5
KELL FROSTED FLAKES 15 OZ (3800031838),2/23/2011,17,2.5
KELL FROSTED FLAKES 15 OZ (3800031838),3/2/2011,19,2.5
KELL FROSTED FLAKES 15 OZ (3800031838),3/9/2011,13,3.32
KELL FROSTED FLAKES 15 OZ (3800031838),3/16/2011,9,3.32
KELL FROSTED FLAKES 15 OZ (3800031838),3/23/2011,5,3.32
KELL FROSTED FLAKES 15 OZ (3800031838),3/30/2011,6,3.03
KELL FROSTED FLAKES 15 OZ (3800031838),4/6/2011,7,3.28
KELL FROSTED FLAKES 15 OZ (3800031838),4/13/2011,11,3.28
KELL FROSTED FLAKES 15 OZ (3800031838),4/20/2011,5,3.28
KELL FROSTED FLAKES 15 OZ (3800031838),4/27/2011,7,3.28
KELL FROSTED FLAKES 15 OZ (3800031838),5/4/2011,13,3.28
KELL FROSTED FLAKES 15 OZ (3800031838),5/11/2011,11,3.28
KELL FROSTED FLAKES 15 OZ (3800031838),5/18/2011,2,3.28
KELL FROSTED FLAKES 15 OZ (3800031838),5/25/2011,8,3.28
KELL FROSTED FLAKES 15 OZ (3800031838),6/1/2011,9,3.28
KELL FROSTED FLAKES 15 OZ (3800031838),6/8/2011,12,3.01
KELL FROSTED FLAKES 15 OZ (3800031838),6/15/2011,11,3.25
KELL FROSTED FLAKES 15 OZ (3800031838),6/22/2011,63,2.48
KELL FROSTED FLAKES 15 OZ (3800031838),6/29/2011,46,2.58
KELL FROSTED FLAKES 15 OZ (3800031838),7/6/2011,21,3.28
KELL FROSTED FLAKES 15 OZ (3800031838),7/13/2011,30,3.28
KELL FROSTED FLAKES 15 OZ (3800031838),7/20/2011,17,3.28
KELL FROSTED FLAKES 15 OZ (3800031838),7/27/2011,12,3.28
KELL FROSTED FLAKES 15 OZ (3800031838),8/3/2011,10,3.28
KELL FROSTED FLAKES 15 OZ (3800031838),8/10/2011,24,3.01
KELL FROSTED FLAKES 15 OZ (3800031838),8/17/2011,17,2.89
KELL FROSTED FLAKES 15 OZ (3800031838),8/24/2011,7,2.81
KELL FROSTED FLAKES 15 OZ (3800031838),8/31/2011,7,3.28
KELL FROSTED FLAKES 15 OZ (3800031838),9/7/2011,19,3.28
KELL FROSTED FLAKES 15 OZ (3800031838),9/14/2011,26,3.28
KELL FROSTED FLAKES 15 OZ (3800031838),9/21/2011,23,3.28
KELL FROSTED FLAKES 15 OZ (3800031838),9/28/2011,10,3.28
KELL FROSTED FLAKES 15 OZ (3800031838),10/5/2011,12,3.28
KELL FROSTED FLAKES 15 OZ (3800031838),10/12/2011,37,3.28
KELL FROSTED FLAKES 15 OZ (3800031838),10/19/2011,20,3.28
KELL FROSTED FLAKES 15 OZ (3800031838),10/26/2011,7,3.38
KELL FROSTED FLAKES 15 OZ (3800031838),11/2/2011,31,2.5
KELL FROSTED FLAKES 15 OZ (3800031838),11/9/2011,18,3.38
KELL FROSTED FLAKES 15 OZ (3800031838),11/16/2011,14,3.14
KELL FROSTED FLAKES 15 OZ (3800031838),11/23/2011,16,3.38
KELL FROSTED FLAKES 15 OZ (3800031838),11/30/2011,18,3.38
KELL FROSTED FLAKES 15 OZ (3800031838),12/7/2011,177,1.99
KELL FROSTED FLAKES 15 OZ (3800031838),12/14/2011,195,2
KELL FROSTED FLAKES 15 OZ (3800031838),12/21/2011,12,3.38
KELL FROSTED FLAKES 15 OZ (3800031838),12/28/2011,5,3.38
KELL FROSTED FLAKES 15 OZ (3800031838),1/4/2012,18,3.38
