sample_data_full.csv
ITEM,DATE,UNITS,PRICE
KELL FROOT LOOPS 12.2 OZ (3800039118),1/14/2009,59,2.67
KELL FROOT LOOPS 12.2 OZ (3800039118),1/21/2009,63,2.67
KELL FROOT LOOPS 12.2 OZ (3800039118),1/28/2009,10,3.29
KELL FROOT LOOPS 12.2 OZ (3800039118),2/4/2009,9,3.29
KELL FROOT LOOPS 12.2 OZ (3800039118),2/11/2009,13,3.29
KELL FROOT LOOPS 12.2 OZ (3800039118),2/18/2009,4,3.29
KELL FROOT LOOPS 12.2 OZ (3800039118),2/25/2009,3,3.29
KELL FROOT LOOPS 12.2 OZ (3800039118),3/4/2009,1,3.29
KELL FROOT LOOPS 12.2 OZ (3800039118),3/11/2009,7,3.29
KELL FROOT LOOPS 12.2 OZ (3800039118),3/18/2009,56,2.5
KELL FROOT LOOPS 12.2 OZ (3800039118),3/25/2009,38,2.49
KELL FROOT LOOPS 12.2 OZ (3800039118),4/1/2009,22,2.49
KELL FROOT LOOPS 12.2 OZ (3800039118),4/8/2009,7,3.29
KELL FROOT LOOPS 12.2 OZ (3800039118),4/15/2009,6,3.29
KELL FROOT LOOPS 12.2 OZ (3800039118),4/22/2009,3,3.29
KELL FROOT LOOPS 12.2 OZ (3800039118),4/29/2009,3,3.29
KELL FROOT LOOPS 12.2 OZ (3800039118),5/6/2009,6,3.29
KELL FROOT LOOPS 12.2 OZ (3800039118),5/13/2009,9,3.29
KELL FROOT LOOPS 12.2 OZ (3800039118),5/20/2009,9,2.99
KELL FROOT LOOPS 12.2 OZ (3800039118),5/27/2009,5,2.99
KELL FROOT LOOPS 12.2 OZ (3800039118),6/3/2009,6,2.99
KELL FROOT LOOPS 12.2 OZ (3800039118),6/10/2009,84,2.5
KELL FROOT LOOPS 12.2 OZ (3800039118),6/17/2009,85,2.48
KELL FROOT LOOPS 12.2 OZ (3800039118),6/24/2009,10,2.94
KELL FROOT LOOPS 12.2 OZ (3800039118),7/1/2009,7,2.99
KELL FROOT LOOPS 12.2 OZ (3800039118),7/8/2009,6,3.19
KELL FROOT LOOPS 12.2 OZ (3800039118),7/15/2009,6,3.19
KELL FROOT LOOPS 12.2 OZ (3800039118),7/22/2009,2,3.19
KELL FROOT LOOPS 12.2 OZ (3800039118),7/29/2009,5,3.19
KELL FROOT LOOPS 12.2 OZ (3800039118),8/5/2009,86,1.63
KELL FROOT LOOPS 12.2 OZ (3800039118),8/12/2009,30,2.89
KELL FROOT LOOPS 12.2 OZ (3800039118),8/19/2009,78,2.5
KELL FROOT LOOPS 12.2 OZ (3800039118),8/26/2009,3,3.19
KELL FROOT LOOPS 12.2 OZ (3800039118),9/2/2009,2,3.19
KELL FROOT LOOPS 12.2 OZ (3800039118),9/9/2009,11,3.19
KELL FROOT LOOPS 12.2 OZ (3800039118),9/16/2009,14,3.16
KELL FROOT LOOPS 12.2 OZ (3800039118),9/23/2009,6,3.19
KELL FROOT LOOPS 12.2 OZ (3800039118),9/30/2009,1,3.19
KELL FROOT LOOPS 12.2 OZ (3800039118),10/7/2009,13,3.19
KELL FROOT LOOPS 12.2 OZ (3800039118),10/14/2009,16,2.49
KELL FROOT LOOPS 12.2 OZ (3800039118),10/21/2009,15,2.49
KELL FROOT LOOPS 12.2 OZ (3800039118),10/28/2009,12,2.49
KELL FROOT LOOPS 12.2 OZ (3800039118),11/4/2009,10,2.49
KELL FROOT LOOPS 12.2 OZ (3800039118),11/11/2009,10,3.19
KELL FROOT LOOPS 12.2 OZ (3800039118),11/18/2009,9,3.19
KELL FROOT LOOPS 12.2 OZ (3800039118),11/25/2009,52,2.5
KELL FROOT LOOPS 12.2 OZ (3800039118),12/2/2009,49,2.51
KELL FROOT LOOPS 12.2 OZ (3800039118),12/9/2009,91,1.68
KELL FROOT LOOPS 12.2 OZ (3800039118),12/16/2009,13,3.19
KELL FROOT LOOPS 12.2 OZ (3800039118),12/23/2009,9,3.19
KELL FROOT LOOPS 12.2 OZ (3800039118),12/30/2009,6,3.19
KELL FROOT LOOPS 12.2 OZ (3800039118),1/6/2010,9,2.99
KELL FROOT LOOPS 12.2 OZ (3800039118),1/13/2010,20,2.99
KELL FROOT LOOPS 12.2 OZ (3800039118),1/20/2010,14,2.99
KELL FROOT LOOPS 12.2 OZ (3800039118),1/27/2010,12,2.99
KELL FROOT LOOPS 12.2 OZ (3800039118),2/3/2010,9,2.99
KELL FROOT LOOPS 12.2 OZ (3800039118),2/10/2010,24,2.99
KELL FROOT LOOPS 12.2 OZ (3800039118),2/17/2010,16,2.99
KELL FROOT LOOPS 12.2 OZ (3800039118),2/24/2010,12,2.99
KELL FROOT LOOPS 12.2 OZ (3800039118),3/3/2010,72,2.49
KELL FROOT LOOPS 12.2 OZ (3800039118),3/10/2010,20,2.99
KELL FROOT LOOPS 12.2 OZ (3800039118),3/17/2010,5,2.99
KELL FROOT LOOPS 12.2 OZ (3800039118),3/24/2010,6,2.99
KELL FROOT LOOPS 12.2 OZ (3800039118),3/31/2010,8,2.99
KELL FROOT LOOPS 12.2 OZ (3800039118),4/7/2010,7,2.99
KELL FROOT LOOPS 12.2 OZ (3800039118),4/14/2010,20,2.99
KELL FROOT LOOPS 12.2 OZ (3800039118),4/21/2010,18,2.99
KELL FROOT LOOPS 12.2 OZ (3800039118),4/28/2010,116,1.98
KELL FROOT LOOPS 12.2 OZ (3800039118),5/5/2010,94,1.98
KELL FROOT LOOPS 12.2 OZ (3800039118),5/12/2010,137,1.97
KELL FROOT LOOPS 12.2 OZ (3800039118),5/19/2010,152,1.97
KELL FROOT LOOPS 12.2 OZ (3800039118),5/26/2010,11,2.99
KELL FROOT LOOPS 12.2 OZ (3800039118),6/2/2010,12,2.99
KELL FROOT LOOPS 12.2 OZ (3800039118),6/9/2010,28,2.99
KELL FROOT LOOPS 12.2 OZ (3800039118),6/16/2010,71,2.52
KELL FROOT LOOPS 12.2 OZ (3800039118),6/23/2010,51,2.51
KELL FROOT LOOPS 12.2 OZ (3800039118),6/30/2010,7,2.92
KELL FROOT LOOPS 12.2 OZ (3800039118),7/7/2010,13,2.99
KELL FROOT LOOPS 12.2 OZ (3800039118),7/14/2010,79,2.99
KELL FROOT LOOPS 12.2 OZ (3800039118),7/21/2010,11,2.99
KELL FROOT LOOPS 12.2 OZ (3800039118),7/28/2010,12,2.99
KELL FROOT LOOPS 12.2 OZ (3800039118),8/4/2010,6,2.99
KELL FROOT LOOPS 12.2 OZ (3800039118),8/11/2010,20,2.99
KELL FROOT LOOPS 12.2 OZ (3800039118),8/18/2010,10,2.99
KELL FROOT LOOPS 12.2 OZ (3800039118),8/25/2010,2,2.99
KELL FROOT LOOPS 12.2 OZ (3800039118),9/1/2010,3,2.99
KELL FROOT LOOPS 12.2 OZ (3800039118),9/8/2010,6,3.07
KELL FROOT LOOPS 12.2 OZ (3800039118),9/15/2010,7,3.09
KELL FROOT LOOPS 12.2 OZ (3800039118),9/22/2010,4,3.09
KELL FROOT LOOPS 12.2 OZ (3800039118),9/29/2010,5,3.09
KELL FROOT LOOPS 12.2 OZ (3800039118),10/6/2010,8,3.09
KELL FROOT LOOPS 12.2 OZ (3800039118),10/13/2010,146,1.99
KELL FROOT LOOPS 12.2 OZ (3800039118),10/20/2010,70,1.99
KELL FROOT LOOPS 12.2 OZ (3800039118),10/27/2010,3,3.09
KELL FROOT LOOPS 12.2 OZ (3800039118),11/3/2010,9,3.09
KELL FROOT LOOPS 12.2 OZ (3800039118),11/10/2010,14,3.09
KELL FROOT LOOPS 12.2 OZ (3800039118),11/17/2010,9,3.09
KELL FROOT LOOPS 12.2 OZ (3800039118),11/24/2010,8,3.32
KELL FROOT LOOPS 12.2 OZ (3800039118),12/1/2010,5,3.32
KELL FROOT LOOPS 12.2 OZ (3800039118),12/8/2010,3,3.32
KELL FROOT LOOPS 12.2 OZ (3800039118),12/15/2010,12,3.32
KELL FROOT LOOPS 12.2 OZ (3800039118),12/22/2010,6,3.32
KELL FROOT LOOPS 12.2 OZ (3800039118),12/29/2010,3,3.32
KELL FROOT LOOPS 12.2 OZ (3800039118),1/5/2011,4,3.32
KELL FROOT LOOPS 12.2 OZ (3800039118),1/12/2011,23,3.32
KELL FROOT LOOPS 12.2 OZ (3800039118),1/19/2011,9,3.32
KELL FROOT LOOPS 12.2 OZ (3800039118),1/26/2011,8,3.32
KELL FROOT LOOPS 12.2 OZ (3800039118),2/2/2011,49,2.49
KELL FROOT LOOPS 12.2 OZ (3800039118),2/9/2011,62,2.49
KELL FROOT LOOPS 12.2 OZ (3800039118),2/16/2011,17,3.27
KELL FROOT LOOPS 12.2 OZ (3800039118),2/23/2011,6,3.32
KELL FROOT LOOPS 12.2 OZ (3800039118),3/2/2011,5,3.32
KELL FROOT LOOPS 12.2 OZ (3800039118),3/9/2011,14,3.32
KELL FROOT LOOPS 12.2 OZ (3800039118),3/16/2011,6,3.32
KELL FROOT LOOPS 12.2 OZ (3800039118),3/23/2011,7,3.32
KELL FROOT LOOPS 12.2 OZ (3800039118),3/30/2011,8,3.32
KELL FROOT LOOPS 12.2 OZ (3800039118),4/6/2011,5,3.32
KELL FROOT LOOPS 12.2 OZ (3800039118),4/13/2011,3,3.32
KELL FROOT LOOPS 12.2 OZ (3800039118),4/20/2011,6,3.32
KELL FROOT LOOPS 12.2 OZ (3800039118),4/27/2011,15,3.32
KELL FROOT LOOPS 12.2 OZ (3800039118),5/4/2011,86,1.98
KELL FROOT LOOPS 12.2 OZ (3800039118),5/11/2011,191,1.98
KELL FROOT LOOPS 12.2 OZ (3800039118),5/18/2011,141,1.98
KELL FROOT LOOPS 12.2 OZ (3800039118),5/25/2011,107,2
KELL FROOT LOOPS 12.2 OZ (3800039118),6/1/2011,7,3.32
KELL FROOT LOOPS 12.2 OZ (3800039118),6/8/2011,2,3.32
KELL FROOT LOOPS 12.2 OZ (3800039118),6/15/2011,13,3.32
KELL FROOT LOOPS 12.2 OZ (3800039118),6/22/2011,8,2.95
KELL FROOT LOOPS 12.2 OZ (3800039118),6/29/2011,10,3.32
KELL FROOT LOOPS 12.2 OZ (3800039118),7/6/2011,7,3.32
KELL FROOT LOOPS 12.2 OZ (3800039118),7/13/2011,23,3.37
KELL FROOT LOOPS 12.2 OZ (3800039118),7/20/2011,201,2.45
KELL FROOT LOOPS 12.2 OZ (3800039118),7/27/2011,160,2.33
KELL FROOT LOOPS 12.2 OZ (3800039118),8/3/2011,60,2.59
KELL FROOT LOOPS 12.2 OZ (3800039118),8/10/2011,10,3.38
KELL FROOT LOOPS 12.2 OZ (3800039118),8/17/2011,12,3.35
KELL FROOT LOOPS 12.2 OZ (3800039118),8/24/2011,4,3.38
KELL FROOT LOOPS 12.2 OZ (3800039118),8/31/2011,2,3.38
KELL FROOT LOOPS 12.2 OZ (3800039118),9/7/2011,9,3.38
KELL FROOT LOOPS 12.2 OZ (3800039118),9/14/2011,11,3.38
KELL FROOT LOOPS 12.2 OZ (3800039118),9/21/2011,7,3.38
KELL FROOT LOOPS 12.2 OZ (3800039118),9/28/2011,4,3.38
KELL FROOT LOOPS 12.2 OZ (3800039118),10/5/2011,3,3.55
KELL FROOT LOOPS 12.2 OZ (3800039118),10/12/2011,11,3.55
KELL FROOT LOOPS 12.2 OZ (3800039118),10/19/2011,2,3.55
KELL FROOT LOOPS 12.2 OZ (3800039118),10/26/2011,9,3.55
KELL FROOT LOOPS 12.2 OZ (3800039118),11/2/2011,52,2.52
KELL FROOT LOOPS 12.2 OZ (3800039118),11/9/2011,6,3.49
KELL FROOT LOOPS 12.2 OZ (3800039118),11/16/2011,7,3.49
KELL FROOT LOOPS 12.2 OZ (3800039118),11/23/2011,2,3.49
KELL FROOT LOOPS 12.2 OZ (3800039118),11/30/2011,7,3.49
KELL FROOT LOOPS 12.2 OZ (3800039118),12/7/2011,155,2.01
KELL FROOT LOOPS 12.2 OZ (3800039118),12/14/2011,123,2
KELL FROOT LOOPS 12.2 OZ (3800039118),12/21/2011,4,3.49
KELL FROOT LOOPS 12.2 OZ (3800039118),12/28/2011,4,3.49
KELL FROOT LOOPS 12.2 OZ (3800039118),1/4/2012,4,3.49
ACT MINT A/CAV FLUOR RNS 532 ML (4116709428),1/14/2009,1,3.99
ACT MINT A/CAV FLUOR RNS 532 ML (4116709428),1/28/2009,2,3.99
ACT MINT A/CAV FLUOR RNS 532 ML (4116709428),2/18/2009,1,4.59
ACT MINT A/CAV FLUOR RNS 532 ML (4116709428),2/25/2009,2,4.59
ACT MINT A/CAV FLUOR RNS 532 ML (4116709428),3/11/2009,1,4.59
ACT MINT A/CAV FLUOR RNS 532 ML (4116709428),3/18/2009,1,4.59
ACT MINT A/CAV FLUOR RNS 532 ML (4116709428),4/8/2009,1,4.59
ACT MINT A/CAV FLUOR RNS 532 ML (4116709428),6/10/2009,2,4.59
ACT MINT A/CAV FLUOR RNS 532 ML (4116709428),7/8/2009,1,4.59
ACT MINT A/CAV FLUOR RNS 532 ML (4116709428),7/22/2009,1,4.59
ACT MINT A/CAV FLUOR RNS 532 ML (4116709428),7/29/2009,1,4.59
ACT MINT A/CAV FLUOR RNS 532 ML (4116709428),8/12/2009,1,4.59
ACT MINT A/CAV FLUOR RNS 532 ML (4116709428),9/16/2009,1,4.59
ACT MINT A/CAV FLUOR RNS 532 ML (4116709428),12/9/2009,2,3.69
ACT MINT A/CAV FLUOR RNS 532 ML (4116709428),1/13/2010,1,4.29
ACT MINT A/CAV FLUOR RNS 532 ML (4116709428),1/27/2010,2,4.29
ACT MINT A/CAV FLUOR RNS 532 ML (4116709428),2/10/2010,1,4.59
ACT MINT A/CAV FLUOR RNS 532 ML (4116709428),3/31/2010,1,4.59
ACT MINT A/CAV FLUOR RNS 532 ML (4116709428),4/14/2010,1,4.59
ACT MINT A/CAV FLUOR RNS 532 ML (4116709428),5/12/2010,1,4.59
ACT MINT A/CAV FLUOR RNS 532 ML (4116709428),6/16/2010,1,4.59
ACT MINT A/CAV FLUOR RNS 532 ML (4116709428),8/25/2010,1,4.49
ACT MINT A/CAV FLUOR RNS 532 ML (4116709428),9/15/2010,1,4.59
ACT MINT A/CAV FLUOR RNS 532 ML (4116709428),11/17/2010,1,4.59
ACT MINT A/CAV FLUOR RNS 532 ML (4116709428),12/15/2010,1,4.59
ACT MINT A/CAV FLUOR RNS 532 ML (4116709428),1/12/2011,1,3.99
ACT MINT A/CAV FLUOR RNS 532 ML (4116709428),2/9/2011,1,4.59
ACT MINT A/CAV FLUOR RNS 532 ML (4116709428),4/13/2011,1,4.59
ACT MINT A/CAV FLUOR RNS 532 ML (4116709428),4/27/2011,1,3.99
ACT MINT A/CAV FLUOR RNS 532 ML (4116709428),6/1/2011,1,4.59
ACT MINT A/CAV FLUOR RNS 532 ML (4116709428),6/22/2011,1,4.59
ACT MINT A/CAV FLUOR RNS 532 ML (4116709428),7/6/2011,1,4.59
ACT MINT A/CAV FLUOR RNS 532 ML (4116709428),7/20/2011,1,4.59
ACT MINT A/CAV FLUOR RNS 532 ML (4116709428),8/10/2011,1,4.59
ACT MINT A/CAV FLUOR RNS 532 ML (4116709428),8/17/2011,1,4.59
ACT MINT A/CAV FLUOR RNS 532 ML (4116709428),8/24/2011,1,3.99
ACT MINT A/CAV FLUOR RNS 532 ML (4116709428),9/21/2011,1,4.59
ACT MINT A/CAV FLUOR RNS 532 ML (4116709428),12/28/2011,1,4.59
ACT KIDS BBLGUM FLUOR RNS 532 ML (4116709448),1/28/2009,2,3.99
ACT KIDS BBLGUM FLUOR RNS 532 ML (4116709448),2/4/2009,3,3.99
ACT KIDS BBLGUM FLUOR RNS 532 ML (4116709448),2/11/2009,1,4.59
ACT KIDS BBLGUM FLUOR RNS 532 ML (4116709448),2/18/2009,1,4.59
ACT KIDS BBLGUM FLUOR RNS 532 ML (4116709448),3/18/2009,1,4.59
ACT KIDS BBLGUM FLUOR RNS 532 ML (4116709448),5/13/2009,2,4.29
ACT KIDS BBLGUM FLUOR RNS 532 ML (4116709448),6/3/2009,1,4.59
ACT KIDS BBLGUM FLUOR RNS 532 ML (4116709448),6/24/2009,1,4.59
ACT KIDS BBLGUM FLUOR RNS 532 ML (4116709448),7/29/2009,1,4.59
ACT KIDS BBLGUM FLUOR RNS 532 ML (4116709448),10/14/2009,1,4.59
ACT KIDS BBLGUM FLUOR RNS 532 ML (4116709448),11/4/2009,1,4.59
ACT KIDS BBLGUM FLUOR RNS 532 ML (4116709448),12/16/2009,1,4.59
ACT KIDS BBLGUM FLUOR RNS 532 ML (4116709448),3/10/2010,1,4.59
ACT KIDS BBLGUM FLUOR RNS 532 ML (4116709448),6/16/2010,1,4.59
ACT KIDS BBLGUM FLUOR RNS 532 ML (4116709448),6/23/2010,1,4.59
ACT KIDS BBLGUM FLUOR RNS 532 ML (4116709448),11/17/2010,1,4.59
ACT KIDS BBLGUM FLUOR RNS 532 ML (4116709448),12/1/2010,2,4.59
ACT KIDS BBLGUM FLUOR RNS 532 ML (4116709448),2/9/2011,1,4.59
ACT KIDS BBLGUM FLUOR RNS 532 ML (4116709448),4/13/2011,1,4.59
ACT KIDS BBLGUM FLUOR RNS 532 ML (4116709448),5/11/2011,1,3.99
ACT KIDS BBLGUM FLUOR RNS 532 ML (4116709448),7/6/2011,1,4.59
ACT KIDS BBLGUM FLUOR RNS 532 ML (4116709448),9/14/2011,1,3.99
ACT KIDS BBLGUM FLUOR RNS 532 ML (4116709448),11/23/2011,1,4.59
ACT KIDS BBLGUM FLUOR RNS 532 ML (4116709448),12/14/2011,1,4.59
ACT RSTR CL SPLSH MINT MW 532 ML (4116709565),3/11/2009,1,4.99
ACT RSTR CL SPLSH MINT MW 532 ML (4116709565),7/22/2009,1,4.99
ACT RSTR CL SPLSH MINT MW 532 ML (4116709565),2/24/2010,2,4.99
ACT RSTR CL SPLSH MINT MW 532 ML (4116709565),3/10/2010,1,4.99
ACT RSTR CL SPLSH MINT MW 532 ML (4116709565),4/7/2010,1,4.99
ACT RSTR CL SPLSH MINT MW 532 ML (4116709565),6/16/2010,1,4.99
ACT RSTR CL SPLSH MINT MW 532 ML (4116709565),6/23/2010,1,4.99
ACT RSTR CL SPLSH MINT MW 532 ML (4116709565),9/1/2010,1,4.99
ACT RSTR CL SPLSH MINT MW 532 ML (4116709565),9/15/2010,1,4.99
ACT RSTR CL SPLSH MINT MW 532 ML (4116709565),9/22/2010,1,4.69
ACT RSTR CL SPLSH MINT MW 532 ML (4116709565),11/10/2010,1,4.99
ACT RSTR CL SPLSH MINT MW 532 ML (4116709565),12/15/2010,2,4.99
ACT RSTR CL SPLSH MINT MW 532 ML (4116709565),2/2/2011,1,4.99
ACT RSTR CL SPLSH MINT MW 532 ML (4116709565),3/9/2011,1,4.99
ACT RSTR CL SPLSH MINT MW 532 ML (4116709565),3/23/2011,1,4.99
ACT RSTR CL SPLSH MINT MW 532 ML (4116709565),4/20/2011,1,4.99
ACT RSTR CL SPLSH MINT MW 532 ML (4116709565),5/25/2011,1,4.99
ACT RSTR CL SPLSH MINT MW 532 ML (4116709565),6/1/2011,1,4.99
ACT RSTR CL SPLSH MINT MW 532 ML (4116709565),6/15/2011,1,4.99
ACT RSTR CL SPLSH MINT MW 532 ML (4116709565),9/14/2011,1,4.99
ACT RSTR CL SPLSH MINT MW 532 ML (4116709565),9/28/2011,1,4.99
ACT RSTR CL SPLSH MINT MW 532 ML (4116709565),11/9/2011,1,4.99
ACT RSTR CL SPLSH MINT MW 532 ML (4116709565),12/21/2011,1,4.99
ACT RSTR CL SPLSH MINT MW 532 ML (4116709565),1/4/2012,1,4.99
