sample_data_full.csv
ITEM,DATE,UNITS,PRICE
SHURGD PRETZEL RODS 12 OZ (7027312504),2/18/2009,1,3.29
SHURGD PRETZEL RODS 12 OZ (7027312504),2/25/2009,9,1.83
SHURGD PRETZEL RODS 12 OZ (7027312504),3/4/2009,4,0.82
SHURGD PRETZEL RODS 12 OZ (7027312504),3/11/2009,2,3.29
SHURGD PRETZEL RODS 12 OZ (7027312504),4/1/2009,7,1.88
SHURGD PRETZEL RODS 12 OZ (7027312504),4/8/2009,10,1.97
SHURGD PRETZEL RODS 12 OZ (7027312504),4/15/2009,10,1.97
SHURGD PRETZEL RODS 12 OZ (7027312504),4/22/2009,12,1.92
SHURGD PRETZEL RODS 12 OZ (7027312504),4/29/2009,4,0.82
SHURGD PRETZEL RODS 12 OZ (7027312504),5/6/2009,10,1.65
SHURGD PRETZEL RODS 12 OZ (7027312504),5/20/2009,6,1.65
SHURGD PRETZEL RODS 12 OZ (7027312504),5/27/2009,5,1.32
SHURGD PRETZEL RODS 12 OZ (7027312504),6/3/2009,7,1.88
SHURGD PRETZEL RODS 12 OZ (7027312504),6/10/2009,19,1.73
SHURGD PRETZEL RODS 12 OZ (7027312504),6/24/2009,6,1.65
SHURGD PRETZEL RODS 12 OZ (7027312504),7/1/2009,9,1.83
SHURGD PRETZEL RODS 12 OZ (7027312504),7/8/2009,5,1.32
SHURGD PRETZEL RODS 12 OZ (7027312504),7/15/2009,7,1.88
SHURGD PRETZEL RODS 12 OZ (7027312504),7/22/2009,7,1.41
SHURGD PRETZEL RODS 12 OZ (7027312504),7/29/2009,5,2.63
SHURGD PRETZEL RODS 12 OZ (7027312504),8/5/2009,5,1.97
SHURGD PRETZEL RODS 12 OZ (7027312504),8/12/2009,12,1.92
SHURGD PRETZEL RODS 12 OZ (7027312504),8/19/2009,11,1.79
SHURGD PRETZEL RODS 12 OZ (7027312504),8/26/2009,4,2.47
SHURGD PRETZEL RODS 12 OZ (7027312504),9/2/2009,4,1.65
SHURGD PRETZEL RODS 12 OZ (7027312504),9/9/2009,4,1.65
SHURGD PRETZEL RODS 12 OZ (7027312504),9/16/2009,14,1.65
SHURGD PRETZEL RODS 12 OZ (7027312504),9/23/2009,4,1.65
SHURGD PRETZEL RODS 12 OZ (7027312504),9/30/2009,9,1.83
SHURGD PRETZEL RODS 12 OZ (7027312504),10/7/2009,19,1.73
SHURGD PRETZEL RODS 12 OZ (7027312504),10/14/2009,2,1.65
SHURGD PRETZEL RODS 12 OZ (7027312504),10/28/2009,12,1.65
SHURGD PRETZEL RODS 12 OZ (7027312504),11/4/2009,2,1.65
SHURGD PRETZEL RODS 12 OZ (7027312504),11/18/2009,5,1.32
SHURGD PRETZEL RODS 12 OZ (7027312504),1/20/2010,2,1.65
SHURGD PRETZEL RODS 12 OZ (7027312504),1/27/2010,6,2.19
SHURGD PRETZEL RODS 12 OZ (7027312504),2/3/2010,17,2.13
SHURGD PRETZEL RODS 12 OZ (7027312504),2/10/2010,10,2.3
SHURGD PRETZEL RODS 12 OZ (7027312504),7/14/2010,11,1.79
SHURGD PRETZEL RODS 12 OZ (7027312504),7/21/2010,9,1.46
SHURGD PRETZEL RODS 12 OZ (7027312504),7/28/2010,2,1.65
SHURGD PRETZEL RODS 12 OZ (7027312504),8/4/2010,16,1.44
SHURGD PRETZEL RODS 12 OZ (7027312504),8/11/2010,7,1.88
SHURGD PRETZEL RODS 12 OZ (7027312504),8/18/2010,10,1.5
SHURGD PRETZEL RODS 12 OZ (7027312504),9/1/2010,8,2.06
SHURGD PRETZEL RODS 12 OZ (7027312504),9/8/2010,9,1.46
SHURGD PRETZEL RODS 12 OZ (7027312504),9/15/2010,7,2.35
SHURGD PRETZEL RODS 12 OZ (7027312504),9/29/2010,7,1.88
SHURGD PRETZEL RODS 12 OZ (7027312504),10/6/2010,13,1.77
SHURGD PRETZEL RODS 12 OZ (7027312504),10/13/2010,8,1.83
SHURGD PRETZEL RODS 12 OZ (7027312504),10/20/2010,2,1.65
SHURGD PRETZEL RODS 12 OZ (7027312504),10/27/2010,4,0.82
SHURGD PRETZEL RODS 12 OZ (7027312504),11/3/2010,7,1.88
SHURGD PRETZEL RODS 12 OZ (7027312504),11/10/2010,19,1.73
SHURGD PRETZEL RODS 12 OZ (7027312504),11/17/2010,10,1.65
SHURGD PRETZEL RODS 12 OZ (7027312504),11/24/2010,6,1.65
SHURGD PRETZEL RODS 12 OZ (7027312504),12/1/2010,3,2.19
SHURGD PRETZEL RODS 12 OZ (7027312504),12/15/2010,4,1.65
SHURGD PRETZEL RODS 12 OZ (7027312504),12/22/2010,13,1.77
SHURGD PRETZEL RODS 12 OZ (7027312504),12/29/2010,7,2.35
SHURGD PRETZEL RODS 12 OZ (7027312504),1/5/2011,5,1.97
SHURGD PRETZEL RODS 12 OZ (7027312504),1/12/2011,5,2.19
SHURGD PRETZEL RODS 12 OZ (7027312504),1/19/2011,9,1.46
SHURGD PRETZEL RODS 12 OZ (7027312504),1/26/2011,13,1.52
SHURGD PRETZEL RODS 12 OZ (7027312504),2/2/2011,7,1.88
SHURGD PRETZEL RODS 12 OZ (7027312504),2/9/2011,8,1.65
SHURGD PRETZEL RODS 12 OZ (7027312504),2/16/2011,6,2.19
SHURGD PRETZEL RODS 12 OZ (7027312504),2/23/2011,1,2.19
SHURGD PRETZEL RODS 12 OZ (7027312504),3/2/2011,6,1.5
SHURGD PRETZEL RODS 12 OZ (7027312504),3/9/2011,7,2.35
SHURGD PRETZEL RODS 12 OZ (7027312504),3/16/2011,12,1.92
SHURGD PRETZEL RODS 12 OZ (7027312504),3/23/2011,13,1.77
SHURGD PRETZEL RODS 12 OZ (7027312504),3/30/2011,3,1.1
SHURGD PRETZEL RODS 12 OZ (7027312504),4/6/2011,10,1.97
SHURGD PRETZEL RODS 12 OZ (7027312504),4/13/2011,8,1.75
SHURGD PRETZEL RODS 12 OZ (7027312504),4/20/2011,8,1.75
SHURGD PRETZEL RODS 12 OZ (7027312504),4/27/2011,13,1.88
SHURGD PRETZEL RODS 12 OZ (7027312504),5/4/2011,10,1.75
SHURGD PRETZEL RODS 12 OZ (7027312504),5/11/2011,10,1.4
SHURGD PRETZEL RODS 12 OZ (7027312504),5/18/2011,5,2.09
SHURGD PRETZEL RODS 12 OZ (7027312504),5/25/2011,15,1.86
SHURGD PRETZEL RODS 12 OZ (7027312504),6/1/2011,6,2.33
SHURGD PRETZEL RODS 12 OZ (7027312504),6/8/2011,8,1.75
SHURGD PRETZEL RODS 12 OZ (7027312504),6/15/2011,4,1.75
SHURGD PRETZEL RODS 12 OZ (7027312504),6/22/2011,4,1.75
SHURGD PRETZEL RODS 12 OZ (7027312504),6/29/2011,3,1.16
SHURGD PRETZEL RODS 12 OZ (7027312504),7/6/2011,11,1.9
SHURGD PRETZEL RODS 12 OZ (7027312504),7/13/2011,8,2.18
SHURGD PRETZEL RODS 12 OZ (7027312504),7/20/2011,6,2.33
SHURGD PRETZEL RODS 12 OZ (7027312504),7/27/2011,3,2.33
SHURGD PRETZEL RODS 12 OZ (7027312504),8/3/2011,4,0.87
SHURGD PRETZEL RODS 12 OZ (7027312504),8/10/2011,8,1.75
SHURGD PRETZEL RODS 12 OZ (7027312504),8/17/2011,7,1.99
SHURGD PRETZEL RODS 12 OZ (7027312504),8/24/2011,7,1.99
SHURGD PRETZEL RODS 12 OZ (7027312504),8/31/2011,5,1.4
SHURGD PRETZEL RODS 12 OZ (7027312504),9/7/2011,10,2.09
SHURGD PRETZEL RODS 12 OZ (7027312504),9/14/2011,4,1.75
SHURGD PRETZEL RODS 12 OZ (7027312504),9/21/2011,13,1.88
SHURGD PRETZEL RODS 12 OZ (7027312504),10/5/2011,6,1.75
SHURGD PRETZEL RODS 12 OZ (7027312504),10/12/2011,3,1.16
SHURGD PRETZEL RODS 12 OZ (7027312504),10/19/2011,9,1.94
SHURGD PRETZEL RODS 12 OZ (7027312504),10/26/2011,5,1.4
SHURGD PRETZEL RODS 12 OZ (7027312504),11/2/2011,5,0.7
SHURGD PRETZEL RODS 12 OZ (7027312504),11/16/2011,6,1.75
SHURGD PRETZEL RODS 12 OZ (7027312504),11/23/2011,2,1.75
SHURGD PRETZEL RODS 12 OZ (7027312504),11/30/2011,4,1.75
SHURGD PRETZEL RODS 12 OZ (7027312504),12/7/2011,11,1.9
SHURGD PRETZEL RODS 12 OZ (7027312504),12/14/2011,4,1.75
SHURGD PRETZEL RODS 12 OZ (7027312504),12/21/2011,5,1.4
SHURGD PRETZEL RODS 12 OZ (7027312504),12/28/2011,3,1.16
SHURGD PRETZEL RODS 12 OZ (7027312504),1/4/2012,6,2.33
SHURGD MINI PRETZELS 16 OZ (7027316204),1/14/2009,13,2.02
SHURGD MINI PRETZELS 16 OZ (7027316204),1/21/2009,9,1.83
SHURGD MINI PRETZELS 16 OZ (7027316204),1/28/2009,11,1.5
SHURGD MINI PRETZELS 16 OZ (7027316204),2/4/2009,16,1.85
SHURGD MINI PRETZELS 16 OZ (7027316204),2/11/2009,13,2.02
SHURGD MINI PRETZELS 16 OZ (7027316204),2/18/2009,19,1.72
SHURGD MINI PRETZELS 16 OZ (7027316204),2/25/2009,13,1.52
SHURGD MINI PRETZELS 16 OZ (7027316204),3/4/2009,16,1.44
SHURGD MINI PRETZELS 16 OZ (7027316204),3/11/2009,6,1.65
SHURGD MINI PRETZELS 16 OZ (7027316204),3/18/2009,7,1.88
SHURGD MINI PRETZELS 16 OZ (7027316204),3/25/2009,8,1.65
SHURGD MINI PRETZELS 16 OZ (7027316204),4/1/2009,14,1.65
SHURGD MINI PRETZELS 16 OZ (7027316204),4/8/2009,12,1.65
SHURGD MINI PRETZELS 16 OZ (7027316204),4/15/2009,18,1.28
SHURGD MINI PRETZELS 16 OZ (7027316204),4/22/2009,15,1.54
SHURGD MINI PRETZELS 16 OZ (7027316204),4/29/2009,16,1.85
SHURGD MINI PRETZELS 16 OZ (7027316204),5/6/2009,9,1.46
SHURGD MINI PRETZELS 16 OZ (7027316204),5/13/2009,10,1.97
SHURGD MINI PRETZELS 16 OZ (7027316204),5/20/2009,8,2.47
SHURGD MINI PRETZELS 16 OZ (7027316204),5/27/2009,20,1.81
SHURGD MINI PRETZELS 16 OZ (7027316204),6/3/2009,15,1.75
SHURGD MINI PRETZELS 16 OZ (7027316204),6/10/2009,18,1.83
SHURGD MINI PRETZELS 16 OZ (7027316204),6/17/2009,13,1.52
SHURGD MINI PRETZELS 16 OZ (7027316204),6/24/2009,19,1.56
SHURGD MINI PRETZELS 16 OZ (7027316204),7/1/2009,6,1.65
SHURGD MINI PRETZELS 16 OZ (7027316204),7/8/2009,3,2.19
SHURGD MINI PRETZELS 16 OZ (7027316204),7/15/2009,18,1.46
SHURGD MINI PRETZELS 16 OZ (7027316204),7/22/2009,11,1.79
SHURGD MINI PRETZELS 16 OZ (7027316204),7/29/2009,8,1.65
SHURGD MINI PRETZELS 16 OZ (7027316204),8/5/2009,3,1.1
SHURGD MINI PRETZELS 16 OZ (7027316204),8/12/2009,8,1.23
SHURGD MINI PRETZELS 16 OZ (7027316204),8/19/2009,15,1.32
SHURGD MINI PRETZELS 16 OZ (7027316204),8/26/2009,5,1.97
SHURGD MINI PRETZELS 16 OZ (7027316204),9/2/2009,5,1.97
SHURGD MINI PRETZELS 16 OZ (7027316204),9/9/2009,10,1.61
SHURGD MINI PRETZELS 16 OZ (7027316204),9/16/2009,15,1.1
SHURGD MINI PRETZELS 16 OZ (7027316204),9/23/2009,11,1.2
SHURGD MINI PRETZELS 16 OZ (7027316204),9/30/2009,8,1.65
SHURGD MINI PRETZELS 16 OZ (7027316204),10/7/2009,6,1.65
SHURGD MINI PRETZELS 16 OZ (7027316204),10/14/2009,4,0.82
SHURGD MINI PRETZELS 16 OZ (7027316204),10/21/2009,9,2.19
SHURGD MINI PRETZELS 16 OZ (7027316204),11/4/2009,9,1.97
SHURGD MINI PRETZELS 16 OZ (7027316204),11/11/2009,21,1.41
SHURGD MINI PRETZELS 16 OZ (7027316204),11/18/2009,9,1.83
SHURGD MINI PRETZELS 16 OZ (7027316204),11/25/2009,6,1.1
SHURGD MINI PRETZELS 16 OZ (7027316204),12/2/2009,11,1.79
SHURGD MINI PRETZELS 16 OZ (7027316204),12/9/2009,9,1.83
SHURGD MINI PRETZELS 16 OZ (7027316204),12/16/2009,11,1.79
SHURGD MINI PRETZELS 16 OZ (7027316204),12/23/2009,9,1.83
SHURGD MINI PRETZELS 16 OZ (7027316204),12/30/2009,10,0.99
SHURGD MINI PRETZELS 16 OZ (7027316204),1/6/2010,12,1.65
SHURGD MINI PRETZELS 16 OZ (7027316204),1/13/2010,14,2.12
SHURGD MINI PRETZELS 16 OZ (7027316204),1/20/2010,13,1.52
SHURGD MINI PRETZELS 16 OZ (7027316204),1/27/2010,6,1.1
SHURGD MINI PRETZELS 16 OZ (7027316204),2/3/2010,12,1.1
SHURGD MINI PRETZELS 16 OZ (7027316204),2/17/2010,5,1.97
SHURGD MINI PRETZELS 16 OZ (7027316204),2/24/2010,2,1.65
SHURGD MINI PRETZELS 16 OZ (7027316204),3/3/2010,8,1.65
SHURGD MINI PRETZELS 16 OZ (7027316204),3/10/2010,6,1.65
SHURGD MINI PRETZELS 16 OZ (7027316204),3/17/2010,3,2.19
SHURGD MINI PRETZELS 16 OZ (7027316204),3/24/2010,4,1.65
SHURGD MINI PRETZELS 16 OZ (7027316204),3/31/2010,7,2.35
SHURGD MINI PRETZELS 16 OZ (7027316204),4/7/2010,5,1.32
SHURGD MINI PRETZELS 16 OZ (7027316204),4/14/2010,9,1.83
SHURGD MINI PRETZELS 16 OZ (7027316204),4/21/2010,5,1.32
SHURGD MINI PRETZELS 16 OZ (7027316204),4/28/2010,8,1.65
SHURGD MINI PRETZELS 16 OZ (7027316204),5/5/2010,4,2.47
SHURGD MINI PRETZELS 16 OZ (7027316204),5/12/2010,9,1.79
SHURGD MINI PRETZELS 16 OZ (7027316204),5/19/2010,7,1.41
SHURGD MINI PRETZELS 16 OZ (7027316204),6/2/2010,2,1.65
SHURGD MINI PRETZELS 16 OZ (7027316204),6/9/2010,8,1.23
SHURGD MINI PRETZELS 16 OZ (7027316204),6/16/2010,4,1.32
SHURGD MINI PRETZELS 16 OZ (7027316204),6/23/2010,10,2.19
SHURGD MINI PRETZELS 16 OZ (7027316204),6/30/2010,4,1.65
SHURGD MINI PRETZELS 16 OZ (7027316204),7/7/2010,12,1.92
SHURGD MINI PRETZELS 16 OZ (7027316204),7/14/2010,18,1.46
SHURGD MINI PRETZELS 16 OZ (7027316204),7/21/2010,11,0.9
SHURGD MINI PRETZELS 16 OZ (7027316204),7/28/2010,8,2.06
SHURGD MINI PRETZELS 16 OZ (7027316204),8/4/2010,12,1.92
SHURGD MINI PRETZELS 16 OZ (7027316204),8/11/2010,16,1.85
SHURGD MINI PRETZELS 16 OZ (7027316204),8/18/2010,11,1.79
SHURGD MINI PRETZELS 16 OZ (7027316204),8/25/2010,7,1.41
SHURGD MINI PRETZELS 16 OZ (7027316204),9/1/2010,14,1.41
SHURGD MINI PRETZELS 16 OZ (7027316204),9/8/2010,18,1.65
SHURGD MINI PRETZELS 16 OZ (7027316204),9/15/2010,18,1.65
SHURGD MINI PRETZELS 16 OZ (7027316204),9/22/2010,8,2.06
SHURGD MINI PRETZELS 16 OZ (7027316204),9/29/2010,8,1.23
SHURGD MINI PRETZELS 16 OZ (7027316204),10/6/2010,16,1.65
SHURGD MINI PRETZELS 16 OZ (7027316204),10/13/2010,14,1.18
SHURGD MINI PRETZELS 16 OZ (7027316204),10/20/2010,7,1.41
SHURGD MINI PRETZELS 16 OZ (7027316204),10/27/2010,10,1.65
SHURGD MINI PRETZELS 16 OZ (7027316204),11/3/2010,18,1.65
SHURGD MINI PRETZELS 16 OZ (7027316204),11/10/2010,20,1.97
SHURGD MINI PRETZELS 16 OZ (7027316204),11/17/2010,12,1.65
SHURGD MINI PRETZELS 16 OZ (7027316204),11/24/2010,7,1.41
SHURGD MINI PRETZELS 16 OZ (7027316204),12/1/2010,5,1.97
SHURGD MINI PRETZELS 16 OZ (7027316204),12/8/2010,13,1.75
SHURGD MINI PRETZELS 16 OZ (7027316204),12/15/2010,21,1.57
SHURGD MINI PRETZELS 16 OZ (7027316204),12/22/2010,6,2.19
SHURGD MINI PRETZELS 16 OZ (7027316204),12/29/2010,15,1.75
SHURGD MINI PRETZELS 16 OZ (7027316204),1/5/2011,10,1.97
SHURGD MINI PRETZELS 16 OZ (7027316204),1/12/2011,7,1.88
SHURGD MINI PRETZELS 16 OZ (7027316204),1/19/2011,6,1.1
SHURGD MINI PRETZELS 16 OZ (7027316204),1/26/2011,11,1.5
SHURGD MINI PRETZELS 16 OZ (7027316204),2/2/2011,10,1.65
SHURGD MINI PRETZELS 16 OZ (7027316204),2/9/2011,14,1.41
SHURGD MINI PRETZELS 16 OZ (7027316204),2/16/2011,10,1.32
SHURGD MINI PRETZELS 16 OZ (7027316204),2/23/2011,3,1.32
SHURGD MINI PRETZELS 16 OZ (7027316204),3/9/2011,10,1.97
SHURGD MINI PRETZELS 16 OZ (7027316204),3/16/2011,14,1.65
SHURGD MINI PRETZELS 16 OZ (7027316204),3/23/2011,7,1.41
SHURGD MINI PRETZELS 16 OZ (7027316204),3/30/2011,4,1.65
SHURGD MINI PRETZELS 16 OZ (7027316204),4/6/2011,4,0.82
SHURGD MINI PRETZELS 16 OZ (7027316204),4/13/2011,13,1.61
SHURGD MINI PRETZELS 16 OZ (7027316204),4/20/2011,5,2.09
SHURGD MINI PRETZELS 16 OZ (7027316204),4/27/2011,8,1.75
SHURGD MINI PRETZELS 16 OZ (7027316204),5/4/2011,6,2.33
SHURGD MINI PRETZELS 16 OZ (7027316204),5/11/2011,10,1.75
SHURGD MINI PRETZELS 16 OZ (7027316204),5/18/2011,7,1.5
SHURGD MINI PRETZELS 16 OZ (7027316204),5/25/2011,6,1.75
SHURGD MINI PRETZELS 16 OZ (7027316204),6/1/2011,4,0.87
SHURGD MINI PRETZELS 16 OZ (7027316204),6/8/2011,14,1.75
SHURGD MINI PRETZELS 16 OZ (7027316204),6/15/2011,8,2.18
SHURGD MINI PRETZELS 16 OZ (7027316204),6/22/2011,8,2.18
SHURGD MINI PRETZELS 16 OZ (7027316204),6/29/2011,16,1.75
SHURGD MINI PRETZELS 16 OZ (7027316204),7/6/2011,7,1.99
SHURGD MINI PRETZELS 16 OZ (7027316204),7/13/2011,12,1.75
SHURGD MINI PRETZELS 16 OZ (7027316204),7/20/2011,3,2.33
SHURGD MINI PRETZELS 16 OZ (7027316204),7/27/2011,11,1.59
SHURGD MINI PRETZELS 16 OZ (7027316204),8/3/2011,4,1.75
SHURGD MINI PRETZELS 16 OZ (7027316204),8/10/2011,18,1.75
SHURGD MINI PRETZELS 16 OZ (7027316204),8/17/2011,14,1.25
SHURGD MINI PRETZELS 16 OZ (7027316204),8/24/2011,7,1.99
SHURGD MINI PRETZELS 16 OZ (7027316204),8/31/2011,6,1.75
SHURGD MINI PRETZELS 16 OZ (7027316204),9/7/2011,11,1.9
SHURGD MINI PRETZELS 16 OZ (7027316204),9/14/2011,3,2.33
SHURGD MINI PRETZELS 16 OZ (7027316204),9/21/2011,5,1.75
SHURGD MINI PRETZELS 16 OZ (7027316204),9/28/2011,16,1.75
SHURGD MINI PRETZELS 16 OZ (7027316204),10/5/2011,5,1.4
SHURGD MINI PRETZELS 16 OZ (7027316204),10/12/2011,15,1.86
SHURGD MINI PRETZELS 16 OZ (7027316204),10/19/2011,5,2.33
SHURGD MINI PRETZELS 16 OZ (7027316204),10/26/2011,13,1.88
SHURGD MINI PRETZELS 16 OZ (7027316204),11/2/2011,18,1.92
SHURGD MINI PRETZELS 16 OZ (7027316204),11/9/2011,16,1.96
SHURGD MINI PRETZELS 16 OZ (7027316204),11/16/2011,13,1.88
SHURGD MINI PRETZELS 16 OZ (7027316204),11/23/2011,10,1.75
SHURGD MINI PRETZELS 16 OZ (7027316204),11/30/2011,17,1.23
SHURGD MINI PRETZELS 16 OZ (7027316204),12/7/2011,10,1.75
SHURGD MINI PRETZELS 16 OZ (7027316204),12/14/2011,11,1.9
SHURGD MINI PRETZELS 16 OZ (7027316204),12/21/2011,15,2.09
SHURGD MINI PRETZELS 16 OZ (7027316204),12/28/2011,14,1.5
SHURGD MINI PRETZELS 16 OZ (7027316204),1/4/2012,7,1.5
