sample_data_full.csv
ITEM,DATE,UNITS,PRICE
SHURGD PRETZEL STICKS 16 OZ (7027316404),1/14/2009,11,1.2
SHURGD PRETZEL STICKS 16 OZ (7027316404),1/21/2009,9,1.83
SHURGD PRETZEL STICKS 16 OZ (7027316404),1/28/2009,7,1.88
SHURGD PRETZEL STICKS 16 OZ (7027316404),2/4/2009,14,1.65
SHURGD PRETZEL STICKS 16 OZ (7027316404),2/11/2009,13,1.52
SHURGD PRETZEL STICKS 16 OZ (7027316404),2/18/2009,13,2.02
SHURGD PRETZEL STICKS 16 OZ (7027316404),2/25/2009,5,1.88
SHURGD PRETZEL STICKS 16 OZ (7027316404),3/4/2009,6,2.74
SHURGD PRETZEL STICKS 16 OZ (7027316404),3/11/2009,15,1.54
SHURGD PRETZEL STICKS 16 OZ (7027316404),3/18/2009,2,1.65
SHURGD PRETZEL STICKS 16 OZ (7027316404),4/1/2009,14,1.41
SHURGD PRETZEL STICKS 16 OZ (7027316404),4/8/2009,20,1.81
SHURGD PRETZEL STICKS 16 OZ (7027316404),4/15/2009,9,1.83
SHURGD PRETZEL STICKS 16 OZ (7027316404),4/22/2009,4,1.65
SHURGD PRETZEL STICKS 16 OZ (7027316404),4/29/2009,5,1.32
SHURGD PRETZEL STICKS 16 OZ (7027316404),5/6/2009,22,1.79
SHURGD PRETZEL STICKS 16 OZ (7027316404),5/13/2009,17,1.55
SHURGD PRETZEL STICKS 16 OZ (7027316404),5/20/2009,10,1.65
SHURGD PRETZEL STICKS 16 OZ (7027316404),5/27/2009,7,1.88
SHURGD PRETZEL STICKS 16 OZ (7027316404),6/3/2009,6,1.65
SHURGD PRETZEL STICKS 16 OZ (7027316404),6/10/2009,13,1.52
SHURGD PRETZEL STICKS 16 OZ (7027316404),6/17/2009,14,1.88
SHURGD PRETZEL STICKS 16 OZ (7027316404),7/1/2009,3,1.1
SHURGD PRETZEL STICKS 16 OZ (7027316404),7/8/2009,8,1.6
SHURGD PRETZEL STICKS 16 OZ (7027316404),7/15/2009,2,3.29
SHURGD PRETZEL STICKS 16 OZ (7027316404),7/22/2009,2,1.65
SHURGD PRETZEL STICKS 16 OZ (7027316404),7/29/2009,7,1.88
SHURGD PRETZEL STICKS 16 OZ (7027316404),8/5/2009,10,1.65
SHURGD PRETZEL STICKS 16 OZ (7027316404),8/12/2009,14,1.65
SHURGD PRETZEL STICKS 16 OZ (7027316404),8/19/2009,5,2.63
SHURGD PRETZEL STICKS 16 OZ (7027316404),8/26/2009,4,1.65
SHURGD PRETZEL STICKS 16 OZ (7027316404),9/2/2009,8,1.65
SHURGD PRETZEL STICKS 16 OZ (7027316404),9/9/2009,16,1.85
SHURGD PRETZEL STICKS 16 OZ (7027316404),9/16/2009,15,2.19
SHURGD PRETZEL STICKS 16 OZ (7027316404),9/23/2009,16,1.44
SHURGD PRETZEL STICKS 16 OZ (7027316404),9/30/2009,8,1.23
SHURGD PRETZEL STICKS 16 OZ (7027316404),10/7/2009,12,1.65
SHURGD PRETZEL STICKS 16 OZ (7027316404),10/14/2009,4,2.47
SHURGD PRETZEL STICKS 16 OZ (7027316404),10/21/2009,5,1.32
SHURGD PRETZEL STICKS 16 OZ (7027316404),11/4/2009,6,1.04
SHURGD PRETZEL STICKS 16 OZ (7027316404),11/11/2009,16,1.65
SHURGD PRETZEL STICKS 16 OZ (7027316404),11/18/2009,17,1.94
SHURGD PRETZEL STICKS 16 OZ (7027316404),11/25/2009,5,1.97
SHURGD PRETZEL STICKS 16 OZ (7027316404),12/2/2009,15,1.54
SHURGD PRETZEL STICKS 16 OZ (7027316404),12/9/2009,16,1.65
SHURGD PRETZEL STICKS 16 OZ (7027316404),12/16/2009,20,1.65
SHURGD PRETZEL STICKS 16 OZ (7027316404),12/23/2009,5,1.97
SHURGD PRETZEL STICKS 16 OZ (7027316404),12/30/2009,8,2.06
SHURGD PRETZEL STICKS 16 OZ (7027316404),1/6/2010,27,2.07
SHURGD PRETZEL STICKS 16 OZ (7027316404),1/13/2010,19,1.56
SHURGD PRETZEL STICKS 16 OZ (7027316404),1/20/2010,15,1.97
SHURGD PRETZEL STICKS 16 OZ (7027316404),1/27/2010,8,2.06
SHURGD PRETZEL STICKS 16 OZ (7027316404),2/3/2010,4,2.47
SHURGD PRETZEL STICKS 16 OZ (7027316404),2/17/2010,2,3.29
SHURGD PRETZEL STICKS 16 OZ (7027316404),3/3/2010,2,3.29
SHURGD PRETZEL STICKS 16 OZ (7027316404),3/10/2010,4,2.47
SHURGD PRETZEL STICKS 16 OZ (7027316404),3/24/2010,9,1.83
SHURGD PRETZEL STICKS 16 OZ (7027316404),3/31/2010,4,0.82
SHURGD PRETZEL STICKS 16 OZ (7027316404),4/7/2010,1,3.29
SHURGD PRETZEL STICKS 16 OZ (7027316404),4/14/2010,4,1.65
SHURGD PRETZEL STICKS 16 OZ (7027316404),4/21/2010,3,2.19
SHURGD PRETZEL STICKS 16 OZ (7027316404),4/28/2010,1,3.29
SHURGD PRETZEL STICKS 16 OZ (7027316404),5/5/2010,6,1.1
SHURGD PRETZEL STICKS 16 OZ (7027316404),5/12/2010,6,1.65
SHURGD PRETZEL STICKS 16 OZ (7027316404),5/19/2010,5,1.97
SHURGD PRETZEL STICKS 16 OZ (7027316404),5/26/2010,6,1.65
SHURGD PRETZEL STICKS 16 OZ (7027316404),6/2/2010,4,1.65
SHURGD PRETZEL STICKS 16 OZ (7027316404),6/9/2010,5,2.63
SHURGD PRETZEL STICKS 16 OZ (7027316404),6/16/2010,4,1.97
SHURGD PRETZEL STICKS 16 OZ (7027316404),6/23/2010,3,0.2
SHURGD PRETZEL STICKS 16 OZ (7027316404),6/30/2010,8,1.65
SHURGD PRETZEL STICKS 16 OZ (7027316404),7/7/2010,16,1.44
SHURGD PRETZEL STICKS 16 OZ (7027316404),7/14/2010,7,1.88
SHURGD PRETZEL STICKS 16 OZ (7027316404),7/21/2010,15,2.19
SHURGD PRETZEL STICKS 16 OZ (7027316404),7/28/2010,11,1.5
SHURGD PRETZEL STICKS 16 OZ (7027316404),8/4/2010,7,2.35
SHURGD PRETZEL STICKS 16 OZ (7027316404),8/11/2010,14,1.88
SHURGD PRETZEL STICKS 16 OZ (7027316404),8/18/2010,6,1.65
SHURGD PRETZEL STICKS 16 OZ (7027316404),8/25/2010,8,1.65
SHURGD PRETZEL STICKS 16 OZ (7027316404),9/1/2010,11,1.79
SHURGD PRETZEL STICKS 16 OZ (7027316404),9/8/2010,19,1.9
SHURGD PRETZEL STICKS 16 OZ (7027316404),9/15/2010,8,1.65
SHURGD PRETZEL STICKS 16 OZ (7027316404),9/22/2010,8,2.06
SHURGD PRETZEL STICKS 16 OZ (7027316404),9/29/2010,11,1.79
SHURGD PRETZEL STICKS 16 OZ (7027316404),10/6/2010,12,1.92
SHURGD PRETZEL STICKS 16 OZ (7027316404),10/13/2010,12,2.19
SHURGD PRETZEL STICKS 16 OZ (7027316404),10/20/2010,6,2.74
SHURGD PRETZEL STICKS 16 OZ (7027316404),10/27/2010,10,1.65
SHURGD PRETZEL STICKS 16 OZ (7027316404),11/3/2010,14,1.41
SHURGD PRETZEL STICKS 16 OZ (7027316404),11/10/2010,20,1.65
SHURGD PRETZEL STICKS 16 OZ (7027316404),11/17/2010,17,1.94
SHURGD PRETZEL STICKS 16 OZ (7027316404),11/24/2010,6,2.74
SHURGD PRETZEL STICKS 16 OZ (7027316404),12/1/2010,16,1.44
SHURGD PRETZEL STICKS 16 OZ (7027316404),12/8/2010,8,1.32
SHURGD PRETZEL STICKS 16 OZ (7027316404),12/15/2010,11,1.79
SHURGD PRETZEL STICKS 16 OZ (7027316404),12/22/2010,2,1.65
SHURGD PRETZEL STICKS 16 OZ (7027316404),1/5/2011,6,1.1
SHURGD PRETZEL STICKS 16 OZ (7027316404),1/12/2011,19,1.56
SHURGD PRETZEL STICKS 16 OZ (7027316404),1/19/2011,10,2.3
SHURGD PRETZEL STICKS 16 OZ (7027316404),1/26/2011,9,1.83
SHURGD PRETZEL STICKS 16 OZ (7027316404),2/2/2011,3,2.19
SHURGD PRETZEL STICKS 16 OZ (7027316404),2/9/2011,25,1.58
SHURGD PRETZEL STICKS 16 OZ (7027316404),2/16/2011,6,1.65
SHURGD PRETZEL STICKS 16 OZ (7027316404),2/23/2011,3,1.88
SHURGD PRETZEL STICKS 16 OZ (7027316404),3/9/2011,15,1.32
SHURGD PRETZEL STICKS 16 OZ (7027316404),3/16/2011,12,1.37
SHURGD PRETZEL STICKS 16 OZ (7027316404),3/23/2011,7,1.88
SHURGD PRETZEL STICKS 16 OZ (7027316404),3/30/2011,7,1.88
SHURGD PRETZEL STICKS 16 OZ (7027316404),4/6/2011,13,2.02
SHURGD PRETZEL STICKS 16 OZ (7027316404),4/13/2011,13,1.75
SHURGD PRETZEL STICKS 16 OZ (7027316404),4/20/2011,4,1.75
SHURGD PRETZEL STICKS 16 OZ (7027316404),4/27/2011,5,1.4
SHURGD PRETZEL STICKS 16 OZ (7027316404),5/4/2011,7,1.5
SHURGD PRETZEL STICKS 16 OZ (7027316404),5/11/2011,11,1.16
SHURGD PRETZEL STICKS 16 OZ (7027316404),5/18/2011,15,2.09
SHURGD PRETZEL STICKS 16 OZ (7027316404),5/25/2011,5,2.09
SHURGD PRETZEL STICKS 16 OZ (7027316404),6/1/2011,14,1.75
SHURGD PRETZEL STICKS 16 OZ (7027316404),6/8/2011,26,2.01
SHURGD PRETZEL STICKS 16 OZ (7027316404),6/15/2011,4,1.75
SHURGD PRETZEL STICKS 16 OZ (7027316404),6/22/2011,8,1.75
SHURGD PRETZEL STICKS 16 OZ (7027316404),6/29/2011,7,1.99
SHURGD PRETZEL STICKS 16 OZ (7027316404),7/6/2011,13,1.86
SHURGD PRETZEL STICKS 16 OZ (7027316404),7/13/2011,15,1.86
SHURGD PRETZEL STICKS 16 OZ (7027316404),7/20/2011,19,1.65
SHURGD PRETZEL STICKS 16 OZ (7027316404),7/27/2011,15,1.63
SHURGD PRETZEL STICKS 16 OZ (7027316404),8/3/2011,5,2.09
SHURGD PRETZEL STICKS 16 OZ (7027316404),8/10/2011,22,1.75
SHURGD PRETZEL STICKS 16 OZ (7027316404),8/17/2011,10,1.75
SHURGD PRETZEL STICKS 16 OZ (7027316404),8/24/2011,5,1.4
SHURGD PRETZEL STICKS 16 OZ (7027316404),8/31/2011,12,2.04
SHURGD PRETZEL STICKS 16 OZ (7027316404),9/7/2011,13,1.88
SHURGD PRETZEL STICKS 16 OZ (7027316404),9/14/2011,5,1.4
SHURGD PRETZEL STICKS 16 OZ (7027316404),9/21/2011,12,1.34
SHURGD PRETZEL STICKS 16 OZ (7027316404),9/28/2011,15,1.63
SHURGD PRETZEL STICKS 16 OZ (7027316404),10/5/2011,14,1.96
SHURGD PRETZEL STICKS 16 OZ (7027316404),10/12/2011,7,2.49
SHURGD PRETZEL STICKS 16 OZ (7027316404),10/19/2011,29,1.63
SHURGD PRETZEL STICKS 16 OZ (7027316404),10/26/2011,9,1.94
SHURGD PRETZEL STICKS 16 OZ (7027316404),11/2/2011,9,1.94
SHURGD PRETZEL STICKS 16 OZ (7027316404),11/9/2011,13,1.88
SHURGD PRETZEL STICKS 16 OZ (7027316404),11/16/2011,17,1.64
SHURGD PRETZEL STICKS 16 OZ (7027316404),11/23/2011,11,1.9
SHURGD PRETZEL STICKS 16 OZ (7027316404),11/30/2011,11,1.88
SHURGD PRETZEL STICKS 16 OZ (7027316404),12/7/2011,16,1.96
SHURGD PRETZEL STICKS 16 OZ (7027316404),12/14/2011,5,1.4
SHURGD PRETZEL STICKS 16 OZ (7027316404),12/21/2011,13,1.61
SHURGD PRETZEL STICKS 16 OZ (7027316404),12/28/2011,10,2.09
SHURGD PRETZEL STICKS 16 OZ (7027316404),1/4/2012,6,1.99
DIGIORNO THREE MEAT 29.8 OZ (7192100336),1/14/2009,12,5.99
DIGIORNO THREE MEAT 29.8 OZ (7192100336),1/21/2009,2,5.99
DIGIORNO THREE MEAT 29.8 OZ (7192100336),1/28/2009,6,6.29
DIGIORNO THREE MEAT 29.8 OZ (7192100336),2/4/2009,6,6.49
DIGIORNO THREE MEAT 29.8 OZ (7192100336),2/11/2009,9,6.29
DIGIORNO THREE MEAT 29.8 OZ (7192100336),2/18/2009,4,6.29
DIGIORNO THREE MEAT 29.8 OZ (7192100336),2/25/2009,5,6.53
DIGIORNO THREE MEAT 29.8 OZ (7192100336),3/4/2009,1,6.46
DIGIORNO THREE MEAT 29.8 OZ (7192100336),3/11/2009,5,5.99
DIGIORNO THREE MEAT 29.8 OZ (7192100336),3/18/2009,4,5.99
DIGIORNO THREE MEAT 29.8 OZ (7192100336),3/25/2009,7,5.99
DIGIORNO THREE MEAT 29.8 OZ (7192100336),4/1/2009,10,5.49
DIGIORNO THREE MEAT 29.8 OZ (7192100336),4/8/2009,16,5.49
DIGIORNO THREE MEAT 29.8 OZ (7192100336),4/15/2009,7,6.29
DIGIORNO THREE MEAT 29.8 OZ (7192100336),4/22/2009,2,6.29
DIGIORNO THREE MEAT 29.8 OZ (7192100336),4/29/2009,1,6.29
DIGIORNO THREE MEAT 29.8 OZ (7192100336),5/6/2009,3,6.29
DIGIORNO THREE MEAT 29.8 OZ (7192100336),5/13/2009,3,6.29
DIGIORNO THREE MEAT 29.8 OZ (7192100336),5/20/2009,4,6.29
DIGIORNO THREE MEAT 29.8 OZ (7192100336),5/27/2009,8,5.29
DIGIORNO THREE MEAT 29.8 OZ (7192100336),6/3/2009,4,5.29
DIGIORNO THREE MEAT 29.8 OZ (7192100336),6/10/2009,14,6.29
DIGIORNO THREE MEAT 29.8 OZ (7192100336),6/17/2009,1,6.29
DIGIORNO THREE MEAT 29.8 OZ (7192100336),6/24/2009,4,6.29
DIGIORNO THREE MEAT 29.8 OZ (7192100336),7/8/2009,15,4.99
DIGIORNO THREE MEAT 29.8 OZ (7192100336),7/15/2009,16,4.99
DIGIORNO THREE MEAT 29.8 OZ (7192100336),7/22/2009,2,7.49
DIGIORNO THREE MEAT 29.8 OZ (7192100336),8/5/2009,3,7.49
DIGIORNO THREE MEAT 29.8 OZ (7192100336),8/12/2009,4,7.49
DIGIORNO THREE MEAT 29.8 OZ (7192100336),8/19/2009,1,7.49
DIGIORNO THREE MEAT 29.8 OZ (7192100336),8/26/2009,3,7.49
DIGIORNO THREE MEAT 29.8 OZ (7192100336),9/2/2009,2,7.49
DIGIORNO THREE MEAT 29.8 OZ (7192100336),9/9/2009,6,6.99
DIGIORNO THREE MEAT 29.8 OZ (7192100336),9/16/2009,3,6.99
DIGIORNO THREE MEAT 29.8 OZ (7192100336),9/23/2009,22,4.47
DIGIORNO THREE MEAT 29.8 OZ (7192100336),9/30/2009,27,4.56
DIGIORNO THREE MEAT 29.8 OZ (7192100336),10/7/2009,32,4.55
DIGIORNO THREE MEAT 29.8 OZ (7192100336),10/14/2009,14,4.47
DIGIORNO THREE MEAT 29.8 OZ (7192100336),10/21/2009,1,6.99
DIGIORNO THREE MEAT 29.8 OZ (7192100336),10/28/2009,2,6.99
DIGIORNO THREE MEAT 29.8 OZ (7192100336),11/4/2009,2,6.99
DIGIORNO THREE MEAT 29.8 OZ (7192100336),11/11/2009,7,6.99
DIGIORNO THREE MEAT 29.8 OZ (7192100336),11/18/2009,12,4.99
DIGIORNO THREE MEAT 29.8 OZ (7192100336),11/25/2009,17,4.99
DIGIORNO THREE MEAT 29.8 OZ (7192100336),12/2/2009,15,4.83
DIGIORNO THREE MEAT 29.8 OZ (7192100336),12/16/2009,5,6.99
DIGIORNO THREE MEAT 29.8 OZ (7192100336),12/23/2009,4,6.99
DIGIORNO THREE MEAT 29.8 OZ (7192100336),12/30/2009,3,6.99
DIGIORNO THREE MEAT 29.8 OZ (7192100336),1/6/2010,5,6.99
DIGIORNO THREE MEAT 29.8 OZ (7192100336),1/13/2010,3,6.99
DIGIORNO THREE MEAT 29.8 OZ (7192100336),1/20/2010,5,6.99
DIGIORNO THREE MEAT 29.8 OZ (7192100336),1/27/2010,4,4.99
DIGIORNO THREE MEAT 29.8 OZ (7192100336),2/10/2010,7,6.99
DIGIORNO THREE MEAT 29.8 OZ (7192100336),2/17/2010,3,6.99
DIGIORNO THREE MEAT 29.8 OZ (7192100336),2/24/2010,1,6.99
DIGIORNO THREE MEAT 29.8 OZ (7192100336),3/3/2010,2,6.99
DIGIORNO THREE MEAT 29.8 OZ (7192100336),3/10/2010,22,4.47
DIGIORNO THREE MEAT 29.8 OZ (7192100336),3/17/2010,3,4.47
DIGIORNO THREE MEAT 29.8 OZ (7192100336),3/24/2010,26,4.47
DIGIORNO THREE MEAT 29.8 OZ (7192100336),3/31/2010,25,4.47
DIGIORNO THREE MEAT 29.8 OZ (7192100336),4/7/2010,2,6.99
DIGIORNO THREE MEAT 29.8 OZ (7192100336),4/14/2010,4,6.99
DIGIORNO THREE MEAT 29.8 OZ (7192100336),4/21/2010,3,6.99
DIGIORNO THREE MEAT 29.8 OZ (7192100336),4/28/2010,6,6.99
DIGIORNO THREE MEAT 29.8 OZ (7192100336),5/5/2010,3,6.99
DIGIORNO THREE MEAT 29.8 OZ (7192100336),5/12/2010,6,6.99
DIGIORNO THREE MEAT 29.8 OZ (7192100336),5/19/2010,1,6.99
DIGIORNO THREE MEAT 29.8 OZ (7192100336),5/26/2010,3,6.99
DIGIORNO THREE MEAT 29.8 OZ (7192100336),6/2/2010,2,6.99
DIGIORNO THREE MEAT 29.8 OZ (7192100336),6/9/2010,5,6.99
DIGIORNO THREE MEAT 29.8 OZ (7192100336),6/16/2010,28,4.99
DIGIORNO THREE MEAT 29.8 OZ (7192100336),6/23/2010,15,4.99
DIGIORNO THREE MEAT 29.8 OZ (7192100336),6/30/2010,1,6.99
DIGIORNO THREE MEAT 29.8 OZ (7192100336),7/7/2010,3,6.99
DIGIORNO THREE MEAT 29.8 OZ (7192100336),7/14/2010,25,5.04
DIGIORNO THREE MEAT 29.8 OZ (7192100336),7/21/2010,1,6.99
DIGIORNO THREE MEAT 29.8 OZ (7192100336),7/28/2010,1,6.99
DIGIORNO THREE MEAT 29.8 OZ (7192100336),8/4/2010,2,6.99
DIGIORNO THREE MEAT 29.8 OZ (7192100336),8/11/2010,6,6.99
DIGIORNO THREE MEAT 29.8 OZ (7192100336),8/18/2010,18,4.99
DIGIORNO THREE MEAT 29.8 OZ (7192100336),8/25/2010,6,4.99
DIGIORNO THREE MEAT 29.8 OZ (7192100336),9/1/2010,7,5.28
DIGIORNO THREE MEAT 29.8 OZ (7192100336),9/8/2010,4,4.99
DIGIORNO THREE MEAT 29.8 OZ (7192100336),9/15/2010,12,4.99
DIGIORNO THREE MEAT 29.8 OZ (7192100336),9/22/2010,17,4.77
DIGIORNO THREE MEAT 29.8 OZ (7192100336),9/29/2010,12,4.91
DIGIORNO THREE MEAT 29.8 OZ (7192100336),10/6/2010,5,4.99
DIGIORNO THREE MEAT 29.8 OZ (7192100336),10/13/2010,28,4.49
DIGIORNO THREE MEAT 29.8 OZ (7192100336),10/20/2010,25,4.49
DIGIORNO THREE MEAT 29.8 OZ (7192100336),10/27/2010,3,6.99
DIGIORNO THREE MEAT 29.8 OZ (7192100336),11/3/2010,2,6.99
DIGIORNO THREE MEAT 29.8 OZ (7192100336),11/10/2010,6,6.99
DIGIORNO THREE MEAT 29.8 OZ (7192100336),11/17/2010,3,6.99
DIGIORNO THREE MEAT 29.8 OZ (7192100336),11/24/2010,11,5.5
DIGIORNO THREE MEAT 29.8 OZ (7192100336),12/1/2010,5,5.5
DIGIORNO THREE MEAT 29.8 OZ (7192100336),12/8/2010,7,6.99
DIGIORNO THREE MEAT 29.8 OZ (7192100336),12/15/2010,6,6.99
DIGIORNO THREE MEAT 29.8 OZ (7192100336),12/22/2010,3,6.99
DIGIORNO THREE MEAT 29.8 OZ (7192100336),12/29/2010,4,6.99
DIGIORNO THREE MEAT 29.8 OZ (7192100336),1/5/2011,3,6.99
DIGIORNO THREE MEAT 29.8 OZ (7192100336),1/12/2011,4,6.99
DIGIORNO THREE MEAT 29.8 OZ (7192100336),1/19/2011,2,6.99
DIGIORNO THREE MEAT 29.8 OZ (7192100336),1/26/2011,1,6.99
DIGIORNO THREE MEAT 29.8 OZ (7192100336),2/2/2011,14,4.99
DIGIORNO THREE MEAT 29.8 OZ (7192100336),2/9/2011,32,4.99
DIGIORNO THREE MEAT 29.8 OZ (7192100336),3/2/2011,1,7.19
DIGIORNO THREE MEAT 29.8 OZ (7192100336),3/9/2011,16,4.77
DIGIORNO THREE MEAT 29.8 OZ (7192100336),3/16/2011,29,4.85
DIGIORNO THREE MEAT 29.8 OZ (7192100336),3/23/2011,11,4.77
DIGIORNO THREE MEAT 29.8 OZ (7192100336),3/30/2011,13,4.96
DIGIORNO THREE MEAT 29.8 OZ (7192100336),4/6/2011,2,7.19
DIGIORNO THREE MEAT 29.8 OZ (7192100336),4/13/2011,2,7.19
DIGIORNO THREE MEAT 29.8 OZ (7192100336),4/20/2011,2,7.19
DIGIORNO THREE MEAT 29.8 OZ (7192100336),4/27/2011,3,7.19
DIGIORNO THREE MEAT 29.8 OZ (7192100336),5/4/2011,3,5
DIGIORNO THREE MEAT 29.8 OZ (7192100336),5/11/2011,6,6.89
DIGIORNO THREE MEAT 29.8 OZ (7192100336),5/18/2011,6,6.89
DIGIORNO THREE MEAT 29.8 OZ (7192100336),5/25/2011,3,6.59
DIGIORNO THREE MEAT 29.8 OZ (7192100336),6/1/2011,1,6.59
DIGIORNO THREE MEAT 29.8 OZ (7192100336),6/8/2011,8,5.77
DIGIORNO THREE MEAT 29.8 OZ (7192100336),6/15/2011,19,5.81
DIGIORNO THREE MEAT 29.8 OZ (7192100336),6/22/2011,2,6.59
DIGIORNO THREE MEAT 29.8 OZ (7192100336),6/29/2011,2,6.59
DIGIORNO THREE MEAT 29.8 OZ (7192100336),7/6/2011,6,4.99
DIGIORNO THREE MEAT 29.8 OZ (7192100336),7/13/2011,17,4.99
DIGIORNO THREE MEAT 29.8 OZ (7192100336),7/20/2011,4,6.59
DIGIORNO THREE MEAT 29.8 OZ (7192100336),7/27/2011,1,6.59
DIGIORNO THREE MEAT 29.8 OZ (7192100336),8/3/2011,3,5.64
DIGIORNO THREE MEAT 29.8 OZ (7192100336),8/10/2011,9,5.64
DIGIORNO THREE MEAT 29.8 OZ (7192100336),8/17/2011,6,5.64
DIGIORNO THREE MEAT 29.8 OZ (7192100336),8/24/2011,3,5.64
DIGIORNO THREE MEAT 29.8 OZ (7192100336),8/31/2011,6,5.64
DIGIORNO THREE MEAT 29.8 OZ (7192100336),9/7/2011,8,5.64
DIGIORNO THREE MEAT 29.8 OZ (7192100336),9/14/2011,11,5.64
DIGIORNO THREE MEAT 29.8 OZ (7192100336),9/21/2011,16,4.9
DIGIORNO THREE MEAT 29.8 OZ (7192100336),9/28/2011,20,4.89
DIGIORNO THREE MEAT 29.8 OZ (7192100336),10/5/2011,6,5.64
DIGIORNO THREE MEAT 29.8 OZ (7192100336),10/12/2011,12,5.64
DIGIORNO THREE MEAT 29.8 OZ (7192100336),10/19/2011,3,5.8
DIGIORNO THREE MEAT 29.8 OZ (7192100336),10/26/2011,6,5.8
DIGIORNO THREE MEAT 29.8 OZ (7192100336),11/2/2011,6,5.8
DIGIORNO THREE MEAT 29.8 OZ (7192100336),11/9/2011,5,5.8
DIGIORNO THREE MEAT 29.8 OZ (7192100336),11/16/2011,11,5.8
DIGIORNO THREE MEAT 29.8 OZ (7192100336),11/23/2011,9,5.5
DIGIORNO THREE MEAT 29.8 OZ (7192100336),11/30/2011,7,5.5
DIGIORNO THREE MEAT 29.8 OZ (7192100336),12/7/2011,7,5.8
DIGIORNO THREE MEAT 29.8 OZ (7192100336),12/14/2011,17,5.8
DIGIORNO THREE MEAT 29.8 OZ (7192100336),12/21/2011,8,5.8
DIGIORNO THREE MEAT 29.8 OZ (7192100336),12/28/2011,5,5.8
DIGIORNO THREE MEAT 29.8 OZ (7192100336),1/4/2012,11,5
