sample_data_full.csv
ITEM,DATE,UNITS,PRICE
DIGRN SUPREME PIZZA 32.7 OZ (7192100337),1/14/2009,23,5.99
DIGRN SUPREME PIZZA 32.7 OZ (7192100337),1/21/2009,9,5.99
DIGRN SUPREME PIZZA 32.7 OZ (7192100337),1/28/2009,6,6.29
DIGRN SUPREME PIZZA 32.7 OZ (7192100337),2/4/2009,8,6.56
DIGRN SUPREME PIZZA 32.7 OZ (7192100337),2/11/2009,6,6.29
DIGRN SUPREME PIZZA 32.7 OZ (7192100337),2/18/2009,3,6.29
DIGRN SUPREME PIZZA 32.7 OZ (7192100337),2/25/2009,7,6.29
DIGRN SUPREME PIZZA 32.7 OZ (7192100337),3/11/2009,7,5.9
DIGRN SUPREME PIZZA 32.7 OZ (7192100337),3/18/2009,3,5.99
DIGRN SUPREME PIZZA 32.7 OZ (7192100337),3/25/2009,1,5.99
DIGRN SUPREME PIZZA 32.7 OZ (7192100337),4/1/2009,11,5.49
DIGRN SUPREME PIZZA 32.7 OZ (7192100337),4/8/2009,11,5.66
DIGRN SUPREME PIZZA 32.7 OZ (7192100337),4/15/2009,3,6.29
DIGRN SUPREME PIZZA 32.7 OZ (7192100337),4/22/2009,6,6.29
DIGRN SUPREME PIZZA 32.7 OZ (7192100337),4/29/2009,1,6.29
DIGRN SUPREME PIZZA 32.7 OZ (7192100337),5/6/2009,2,6.29
DIGRN SUPREME PIZZA 32.7 OZ (7192100337),5/13/2009,9,6.29
DIGRN SUPREME PIZZA 32.7 OZ (7192100337),5/20/2009,6,6.29
DIGRN SUPREME PIZZA 32.7 OZ (7192100337),5/27/2009,3,5.29
DIGRN SUPREME PIZZA 32.7 OZ (7192100337),6/3/2009,6,5.29
DIGRN SUPREME PIZZA 32.7 OZ (7192100337),6/10/2009,2,6.29
DIGRN SUPREME PIZZA 32.7 OZ (7192100337),6/17/2009,7,6.29
DIGRN SUPREME PIZZA 32.7 OZ (7192100337),6/24/2009,4,6.29
DIGRN SUPREME PIZZA 32.7 OZ (7192100337),7/1/2009,8,6.29
DIGRN SUPREME PIZZA 32.7 OZ (7192100337),7/8/2009,19,4.99
DIGRN SUPREME PIZZA 32.7 OZ (7192100337),7/15/2009,34,4.99
DIGRN SUPREME PIZZA 32.7 OZ (7192100337),7/22/2009,7,7.49
DIGRN SUPREME PIZZA 32.7 OZ (7192100337),7/29/2009,2,7.49
DIGRN SUPREME PIZZA 32.7 OZ (7192100337),8/5/2009,2,7.49
DIGRN SUPREME PIZZA 32.7 OZ (7192100337),8/12/2009,7,7.49
DIGRN SUPREME PIZZA 32.7 OZ (7192100337),8/19/2009,5,7.49
DIGRN SUPREME PIZZA 32.7 OZ (7192100337),9/2/2009,1,7.49
DIGRN SUPREME PIZZA 32.7 OZ (7192100337),9/9/2009,3,6.99
DIGRN SUPREME PIZZA 32.7 OZ (7192100337),9/16/2009,8,6.99
DIGRN SUPREME PIZZA 32.7 OZ (7192100337),9/23/2009,46,4.52
DIGRN SUPREME PIZZA 32.7 OZ (7192100337),9/30/2009,17,4.47
DIGRN SUPREME PIZZA 32.7 OZ (7192100337),10/7/2009,14,4.47
DIGRN SUPREME PIZZA 32.7 OZ (7192100337),10/14/2009,22,4.58
DIGRN SUPREME PIZZA 32.7 OZ (7192100337),10/21/2009,5,6.99
DIGRN SUPREME PIZZA 32.7 OZ (7192100337),10/28/2009,3,6.99
DIGRN SUPREME PIZZA 32.7 OZ (7192100337),11/4/2009,5,6.99
DIGRN SUPREME PIZZA 32.7 OZ (7192100337),11/11/2009,4,6.99
DIGRN SUPREME PIZZA 32.7 OZ (7192100337),11/18/2009,10,5.19
DIGRN SUPREME PIZZA 32.7 OZ (7192100337),11/25/2009,12,4.99
DIGRN SUPREME PIZZA 32.7 OZ (7192100337),12/2/2009,18,4.61
DIGRN SUPREME PIZZA 32.7 OZ (7192100337),12/9/2009,15,6.99
DIGRN SUPREME PIZZA 32.7 OZ (7192100337),12/16/2009,3,6.99
DIGRN SUPREME PIZZA 32.7 OZ (7192100337),12/23/2009,10,6.99
DIGRN SUPREME PIZZA 32.7 OZ (7192100337),12/30/2009,5,6.99
DIGRN SUPREME PIZZA 32.7 OZ (7192100337),1/6/2010,5,6.99
DIGRN SUPREME PIZZA 32.7 OZ (7192100337),1/13/2010,9,6.99
DIGRN SUPREME PIZZA 32.7 OZ (7192100337),1/20/2010,6,6.99
DIGRN SUPREME PIZZA 32.7 OZ (7192100337),1/27/2010,20,4.99
DIGRN SUPREME PIZZA 32.7 OZ (7192100337),2/3/2010,15,6.99
DIGRN SUPREME PIZZA 32.7 OZ (7192100337),2/10/2010,5,6.99
DIGRN SUPREME PIZZA 32.7 OZ (7192100337),2/17/2010,5,6.99
DIGRN SUPREME PIZZA 32.7 OZ (7192100337),2/24/2010,5,6.99
DIGRN SUPREME PIZZA 32.7 OZ (7192100337),3/3/2010,5,6.99
DIGRN SUPREME PIZZA 32.7 OZ (7192100337),3/10/2010,26,4.47
DIGRN SUPREME PIZZA 32.7 OZ (7192100337),3/17/2010,9,4.47
DIGRN SUPREME PIZZA 32.7 OZ (7192100337),3/24/2010,32,4.47
DIGRN SUPREME PIZZA 32.7 OZ (7192100337),3/31/2010,27,4.47
DIGRN SUPREME PIZZA 32.7 OZ (7192100337),4/7/2010,6,6.99
DIGRN SUPREME PIZZA 32.7 OZ (7192100337),4/14/2010,2,6.99
DIGRN SUPREME PIZZA 32.7 OZ (7192100337),4/21/2010,3,6.99
DIGRN SUPREME PIZZA 32.7 OZ (7192100337),4/28/2010,3,6.99
DIGRN SUPREME PIZZA 32.7 OZ (7192100337),5/5/2010,4,6.99
DIGRN SUPREME PIZZA 32.7 OZ (7192100337),5/12/2010,8,6.99
DIGRN SUPREME PIZZA 32.7 OZ (7192100337),5/19/2010,8,6.99
DIGRN SUPREME PIZZA 32.7 OZ (7192100337),5/26/2010,1,6.99
DIGRN SUPREME PIZZA 32.7 OZ (7192100337),6/2/2010,2,6.99
DIGRN SUPREME PIZZA 32.7 OZ (7192100337),6/9/2010,4,6.99
DIGRN SUPREME PIZZA 32.7 OZ (7192100337),6/16/2010,32,4.99
DIGRN SUPREME PIZZA 32.7 OZ (7192100337),6/23/2010,28,5.2
DIGRN SUPREME PIZZA 32.7 OZ (7192100337),6/30/2010,2,6.99
DIGRN SUPREME PIZZA 32.7 OZ (7192100337),7/7/2010,2,6.99
DIGRN SUPREME PIZZA 32.7 OZ (7192100337),7/14/2010,27,4.85
DIGRN SUPREME PIZZA 32.7 OZ (7192100337),7/21/2010,2,6.99
DIGRN SUPREME PIZZA 32.7 OZ (7192100337),7/28/2010,3,6.99
DIGRN SUPREME PIZZA 32.7 OZ (7192100337),8/4/2010,1,6.99
DIGRN SUPREME PIZZA 32.7 OZ (7192100337),8/11/2010,4,6.99
DIGRN SUPREME PIZZA 32.7 OZ (7192100337),8/18/2010,18,4.99
DIGRN SUPREME PIZZA 32.7 OZ (7192100337),8/25/2010,16,4.99
DIGRN SUPREME PIZZA 32.7 OZ (7192100337),9/1/2010,6,5.32
DIGRN SUPREME PIZZA 32.7 OZ (7192100337),9/8/2010,19,4.99
DIGRN SUPREME PIZZA 32.7 OZ (7192100337),9/15/2010,20,4.99
DIGRN SUPREME PIZZA 32.7 OZ (7192100337),9/22/2010,34,4.78
DIGRN SUPREME PIZZA 32.7 OZ (7192100337),9/29/2010,6,4.99
DIGRN SUPREME PIZZA 32.7 OZ (7192100337),10/6/2010,9,4.99
DIGRN SUPREME PIZZA 32.7 OZ (7192100337),10/13/2010,37,4.49
DIGRN SUPREME PIZZA 32.7 OZ (7192100337),10/20/2010,40,4.49
DIGRN SUPREME PIZZA 32.7 OZ (7192100337),10/27/2010,4,6.37
DIGRN SUPREME PIZZA 32.7 OZ (7192100337),11/3/2010,2,6.99
DIGRN SUPREME PIZZA 32.7 OZ (7192100337),11/10/2010,3,6.99
DIGRN SUPREME PIZZA 32.7 OZ (7192100337),11/17/2010,8,6.99
DIGRN SUPREME PIZZA 32.7 OZ (7192100337),11/24/2010,8,5.5
DIGRN SUPREME PIZZA 32.7 OZ (7192100337),12/1/2010,4,5.5
DIGRN SUPREME PIZZA 32.7 OZ (7192100337),12/8/2010,6,6.99
DIGRN SUPREME PIZZA 32.7 OZ (7192100337),12/15/2010,5,6.99
DIGRN SUPREME PIZZA 32.7 OZ (7192100337),12/22/2010,6,6.99
DIGRN SUPREME PIZZA 32.7 OZ (7192100337),12/29/2010,7,6.99
DIGRN SUPREME PIZZA 32.7 OZ (7192100337),1/5/2011,2,6.99
DIGRN SUPREME PIZZA 32.7 OZ (7192100337),1/12/2011,4,6.99
DIGRN SUPREME PIZZA 32.7 OZ (7192100337),1/19/2011,2,6.99
DIGRN SUPREME PIZZA 32.7 OZ (7192100337),1/26/2011,2,6.99
DIGRN SUPREME PIZZA 32.7 OZ (7192100337),2/2/2011,22,4.99
DIGRN SUPREME PIZZA 32.7 OZ (7192100337),2/9/2011,50,4.99
DIGRN SUPREME PIZZA 32.7 OZ (7192100337),2/16/2011,3,6.99
DIGRN SUPREME PIZZA 32.7 OZ (7192100337),2/23/2011,1,7.19
DIGRN SUPREME PIZZA 32.7 OZ (7192100337),3/2/2011,7,7.19
DIGRN SUPREME PIZZA 32.7 OZ (7192100337),3/9/2011,21,4.77
DIGRN SUPREME PIZZA 32.7 OZ (7192100337),3/16/2011,25,4.77
DIGRN SUPREME PIZZA 32.7 OZ (7192100337),3/23/2011,17,4.77
DIGRN SUPREME PIZZA 32.7 OZ (7192100337),3/30/2011,17,4.91
DIGRN SUPREME PIZZA 32.7 OZ (7192100337),4/6/2011,4,7.19
DIGRN SUPREME PIZZA 32.7 OZ (7192100337),4/13/2011,6,7.19
DIGRN SUPREME PIZZA 32.7 OZ (7192100337),4/20/2011,4,7.19
DIGRN SUPREME PIZZA 32.7 OZ (7192100337),4/27/2011,6,7.19
DIGRN SUPREME PIZZA 32.7 OZ (7192100337),5/4/2011,9,5
DIGRN SUPREME PIZZA 32.7 OZ (7192100337),5/11/2011,9,6.89
DIGRN SUPREME PIZZA 32.7 OZ (7192100337),5/18/2011,5,6.89
DIGRN SUPREME PIZZA 32.7 OZ (7192100337),5/25/2011,2,6.59
DIGRN SUPREME PIZZA 32.7 OZ (7192100337),6/1/2011,3,6.59
DIGRN SUPREME PIZZA 32.7 OZ (7192100337),6/8/2011,16,5.77
DIGRN SUPREME PIZZA 32.7 OZ (7192100337),6/15/2011,13,5.77
DIGRN SUPREME PIZZA 32.7 OZ (7192100337),6/22/2011,3,6.59
DIGRN SUPREME PIZZA 32.7 OZ (7192100337),6/29/2011,6,6.59
DIGRN SUPREME PIZZA 32.7 OZ (7192100337),7/6/2011,11,4.99
DIGRN SUPREME PIZZA 32.7 OZ (7192100337),7/13/2011,12,4.99
DIGRN SUPREME PIZZA 32.7 OZ (7192100337),7/20/2011,7,6.59
DIGRN SUPREME PIZZA 32.7 OZ (7192100337),7/27/2011,1,6.59
DIGRN SUPREME PIZZA 32.7 OZ (7192100337),8/3/2011,2,5.64
DIGRN SUPREME PIZZA 32.7 OZ (7192100337),8/10/2011,12,5.64
DIGRN SUPREME PIZZA 32.7 OZ (7192100337),8/17/2011,8,5.64
DIGRN SUPREME PIZZA 32.7 OZ (7192100337),8/31/2011,4,5.64
DIGRN SUPREME PIZZA 32.7 OZ (7192100337),9/7/2011,5,5.64
DIGRN SUPREME PIZZA 32.7 OZ (7192100337),9/14/2011,11,5.64
DIGRN SUPREME PIZZA 32.7 OZ (7192100337),9/21/2011,23,4.89
DIGRN SUPREME PIZZA 32.7 OZ (7192100337),9/28/2011,9,4.82
DIGRN SUPREME PIZZA 32.7 OZ (7192100337),10/5/2011,7,5.55
DIGRN SUPREME PIZZA 32.7 OZ (7192100337),10/12/2011,11,5.64
DIGRN SUPREME PIZZA 32.7 OZ (7192100337),10/19/2011,6,5.8
DIGRN SUPREME PIZZA 32.7 OZ (7192100337),10/26/2011,3,5.8
DIGRN SUPREME PIZZA 32.7 OZ (7192100337),11/2/2011,8,5.8
DIGRN SUPREME PIZZA 32.7 OZ (7192100337),11/9/2011,3,5.8
DIGRN SUPREME PIZZA 32.7 OZ (7192100337),11/16/2011,16,5.8
DIGRN SUPREME PIZZA 32.7 OZ (7192100337),11/23/2011,10,5.5
DIGRN SUPREME PIZZA 32.7 OZ (7192100337),11/30/2011,8,5.5
DIGRN SUPREME PIZZA 32.7 OZ (7192100337),12/7/2011,10,5.8
DIGRN SUPREME PIZZA 32.7 OZ (7192100337),12/14/2011,10,5.8
DIGRN SUPREME PIZZA 32.7 OZ (7192100337),12/21/2011,5,5.8
DIGRN SUPREME PIZZA 32.7 OZ (7192100337),12/28/2011,2,5.8
DIGRN SUPREME PIZZA 32.7 OZ (7192100337),1/4/2012,14,5.06
DIGRN PEPP PIZZA 28.3 OZ (7192100339),1/14/2009,17,5.99
DIGRN PEPP PIZZA 28.3 OZ (7192100339),1/21/2009,16,5.99
DIGRN PEPP PIZZA 28.3 OZ (7192100339),1/28/2009,5,6.29
DIGRN PEPP PIZZA 28.3 OZ (7192100339),2/4/2009,5,6.29
DIGRN PEPP PIZZA 28.3 OZ (7192100339),2/11/2009,16,6.36
DIGRN PEPP PIZZA 28.3 OZ (7192100339),2/18/2009,8,6.44
DIGRN PEPP PIZZA 28.3 OZ (7192100339),2/25/2009,3,6.29
DIGRN PEPP PIZZA 28.3 OZ (7192100339),3/4/2009,7,6.29
DIGRN PEPP PIZZA 28.3 OZ (7192100339),3/11/2009,6,6.39
DIGRN PEPP PIZZA 28.3 OZ (7192100339),3/18/2009,12,5.99
DIGRN PEPP PIZZA 28.3 OZ (7192100339),3/25/2009,9,5.99
DIGRN PEPP PIZZA 28.3 OZ (7192100339),4/1/2009,9,5.71
DIGRN PEPP PIZZA 28.3 OZ (7192100339),4/8/2009,12,5.49
DIGRN PEPP PIZZA 28.3 OZ (7192100339),4/15/2009,14,6.29
DIGRN PEPP PIZZA 28.3 OZ (7192100339),4/22/2009,9,6.29
DIGRN PEPP PIZZA 28.3 OZ (7192100339),4/29/2009,5,6.29
DIGRN PEPP PIZZA 28.3 OZ (7192100339),5/6/2009,9,6.29
DIGRN PEPP PIZZA 28.3 OZ (7192100339),5/13/2009,6,6.29
DIGRN PEPP PIZZA 28.3 OZ (7192100339),5/20/2009,8,6.29
DIGRN PEPP PIZZA 28.3 OZ (7192100339),5/27/2009,3,5.29
DIGRN PEPP PIZZA 28.3 OZ (7192100339),6/3/2009,6,5.29
DIGRN PEPP PIZZA 28.3 OZ (7192100339),6/10/2009,7,6.29
DIGRN PEPP PIZZA 28.3 OZ (7192100339),6/17/2009,9,6.29
DIGRN PEPP PIZZA 28.3 OZ (7192100339),6/24/2009,4,6.29
DIGRN PEPP PIZZA 28.3 OZ (7192100339),7/1/2009,5,6.29
DIGRN PEPP PIZZA 28.3 OZ (7192100339),7/8/2009,28,4.99
DIGRN PEPP PIZZA 28.3 OZ (7192100339),7/15/2009,30,4.99
DIGRN PEPP PIZZA 28.3 OZ (7192100339),7/22/2009,5,7.49
DIGRN PEPP PIZZA 28.3 OZ (7192100339),7/29/2009,3,7.49
DIGRN PEPP PIZZA 28.3 OZ (7192100339),8/5/2009,5,7.49
DIGRN PEPP PIZZA 28.3 OZ (7192100339),8/12/2009,7,7.49
DIGRN PEPP PIZZA 28.3 OZ (7192100339),8/19/2009,7,7.49
DIGRN PEPP PIZZA 28.3 OZ (7192100339),8/26/2009,2,7.49
DIGRN PEPP PIZZA 28.3 OZ (7192100339),9/2/2009,5,7.49
DIGRN PEPP PIZZA 28.3 OZ (7192100339),9/9/2009,7,6.99
DIGRN PEPP PIZZA 28.3 OZ (7192100339),9/16/2009,8,6.99
DIGRN PEPP PIZZA 28.3 OZ (7192100339),9/23/2009,38,4.54
DIGRN PEPP PIZZA 28.3 OZ (7192100339),9/30/2009,33,4.47
DIGRN PEPP PIZZA 28.3 OZ (7192100339),10/7/2009,28,4.47
DIGRN PEPP PIZZA 28.3 OZ (7192100339),10/14/2009,33,4.47
DIGRN PEPP PIZZA 28.3 OZ (7192100339),10/21/2009,8,6.68
DIGRN PEPP PIZZA 28.3 OZ (7192100339),10/28/2009,6,6.99
DIGRN PEPP PIZZA 28.3 OZ (7192100339),11/4/2009,7,6.99
DIGRN PEPP PIZZA 28.3 OZ (7192100339),11/11/2009,7,6.99
DIGRN PEPP PIZZA 28.3 OZ (7192100339),11/18/2009,23,4.99
DIGRN PEPP PIZZA 28.3 OZ (7192100339),11/25/2009,14,4.99
DIGRN PEPP PIZZA 28.3 OZ (7192100339),12/2/2009,7,4.69
DIGRN PEPP PIZZA 28.3 OZ (7192100339),12/9/2009,4,6.99
DIGRN PEPP PIZZA 28.3 OZ (7192100339),12/16/2009,6,6.99
DIGRN PEPP PIZZA 28.3 OZ (7192100339),12/23/2009,6,6.99
DIGRN PEPP PIZZA 28.3 OZ (7192100339),12/30/2009,3,6.99
DIGRN PEPP PIZZA 28.3 OZ (7192100339),1/6/2010,6,6.99
DIGRN PEPP PIZZA 28.3 OZ (7192100339),1/13/2010,10,6.99
DIGRN PEPP PIZZA 28.3 OZ (7192100339),1/20/2010,7,6.99
DIGRN PEPP PIZZA 28.3 OZ (7192100339),1/27/2010,29,5.06
DIGRN PEPP PIZZA 28.3 OZ (7192100339),2/3/2010,15,6.86
DIGRN PEPP PIZZA 28.3 OZ (7192100339),2/10/2010,11,6.99
DIGRN PEPP PIZZA 28.3 OZ (7192100339),2/17/2010,8,6.99
DIGRN PEPP PIZZA 28.3 OZ (7192100339),2/24/2010,6,6.99
DIGRN PEPP PIZZA 28.3 OZ (7192100339),3/3/2010,6,6.99
DIGRN PEPP PIZZA 28.3 OZ (7192100339),3/10/2010,23,4.69
DIGRN PEPP PIZZA 28.3 OZ (7192100339),3/17/2010,14,4.47
DIGRN PEPP PIZZA 28.3 OZ (7192100339),3/24/2010,21,4.47
DIGRN PEPP PIZZA 28.3 OZ (7192100339),3/31/2010,32,4.47
DIGRN PEPP PIZZA 28.3 OZ (7192100339),4/7/2010,5,6.99
DIGRN PEPP PIZZA 28.3 OZ (7192100339),4/14/2010,13,6.99
DIGRN PEPP PIZZA 28.3 OZ (7192100339),4/21/2010,3,6.99
DIGRN PEPP PIZZA 28.3 OZ (7192100339),4/28/2010,6,6.99
DIGRN PEPP PIZZA 28.3 OZ (7192100339),5/5/2010,7,6.99
DIGRN PEPP PIZZA 28.3 OZ (7192100339),5/12/2010,5,6.99
DIGRN PEPP PIZZA 28.3 OZ (7192100339),5/19/2010,4,6.99
DIGRN PEPP PIZZA 28.3 OZ (7192100339),5/26/2010,3,6.99
DIGRN PEPP PIZZA 28.3 OZ (7192100339),6/2/2010,7,6.99
DIGRN PEPP PIZZA 28.3 OZ (7192100339),6/9/2010,11,6.99
DIGRN PEPP PIZZA 28.3 OZ (7192100339),6/16/2010,26,4.99
DIGRN PEPP PIZZA 28.3 OZ (7192100339),6/23/2010,22,4.99
DIGRN PEPP PIZZA 28.3 OZ (7192100339),6/30/2010,2,6.99
DIGRN PEPP PIZZA 28.3 OZ (7192100339),7/7/2010,9,6.99
DIGRN PEPP PIZZA 28.3 OZ (7192100339),7/14/2010,29,5
DIGRN PEPP PIZZA 28.3 OZ (7192100339),7/21/2010,1,6.99
DIGRN PEPP PIZZA 28.3 OZ (7192100339),7/28/2010,4,6.99
DIGRN PEPP PIZZA 28.3 OZ (7192100339),8/4/2010,1,6.99
DIGRN PEPP PIZZA 28.3 OZ (7192100339),8/11/2010,10,6.99
DIGRN PEPP PIZZA 28.3 OZ (7192100339),8/18/2010,23,5.08
DIGRN PEPP PIZZA 28.3 OZ (7192100339),8/25/2010,22,5.08
DIGRN PEPP PIZZA 28.3 OZ (7192100339),9/1/2010,18,4.99
DIGRN PEPP PIZZA 28.3 OZ (7192100339),9/8/2010,15,4.99
DIGRN PEPP PIZZA 28.3 OZ (7192100339),9/15/2010,15,4.99
DIGRN PEPP PIZZA 28.3 OZ (7192100339),9/22/2010,8,4.8
DIGRN PEPP PIZZA 28.3 OZ (7192100339),9/29/2010,11,4.99
DIGRN PEPP PIZZA 28.3 OZ (7192100339),10/6/2010,8,4.99
DIGRN PEPP PIZZA 28.3 OZ (7192100339),10/13/2010,54,4.58
DIGRN PEPP PIZZA 28.3 OZ (7192100339),10/20/2010,36,4.49
DIGRN PEPP PIZZA 28.3 OZ (7192100339),10/27/2010,6,6.99
DIGRN PEPP PIZZA 28.3 OZ (7192100339),11/3/2010,1,6.99
DIGRN PEPP PIZZA 28.3 OZ (7192100339),11/10/2010,10,6.99
DIGRN PEPP PIZZA 28.3 OZ (7192100339),11/17/2010,8,6.99
DIGRN PEPP PIZZA 28.3 OZ (7192100339),11/24/2010,17,5.5
DIGRN PEPP PIZZA 28.3 OZ (7192100339),12/1/2010,9,5.5
DIGRN PEPP PIZZA 28.3 OZ (7192100339),12/8/2010,9,6.99
DIGRN PEPP PIZZA 28.3 OZ (7192100339),12/15/2010,5,6.99
DIGRN PEPP PIZZA 28.3 OZ (7192100339),12/22/2010,4,6.99
DIGRN PEPP PIZZA 28.3 OZ (7192100339),12/29/2010,5,6.99
DIGRN PEPP PIZZA 28.3 OZ (7192100339),1/5/2011,3,6.99
DIGRN PEPP PIZZA 28.3 OZ (7192100339),1/12/2011,6,6.99
DIGRN PEPP PIZZA 28.3 OZ (7192100339),1/19/2011,7,6.99
DIGRN PEPP PIZZA 28.3 OZ (7192100339),2/2/2011,18,4.99
DIGRN PEPP PIZZA 28.3 OZ (7192100339),2/9/2011,43,4.99
DIGRN PEPP PIZZA 28.3 OZ (7192100339),2/16/2011,8,6.99
DIGRN PEPP PIZZA 28.3 OZ (7192100339),2/23/2011,2,7.19
DIGRN PEPP PIZZA 28.3 OZ (7192100339),3/2/2011,4,7.19
DIGRN PEPP PIZZA 28.3 OZ (7192100339),3/9/2011,30,4.85
DIGRN PEPP PIZZA 28.3 OZ (7192100339),3/16/2011,34,4.77
DIGRN PEPP PIZZA 28.3 OZ (7192100339),3/23/2011,25,4.77
DIGRN PEPP PIZZA 28.3 OZ (7192100339),3/30/2011,19,4.77
DIGRN PEPP PIZZA 28.3 OZ (7192100339),4/6/2011,3,7.19
DIGRN PEPP PIZZA 28.3 OZ (7192100339),4/13/2011,3,7.19
DIGRN PEPP PIZZA 28.3 OZ (7192100339),4/20/2011,7,7.19
DIGRN PEPP PIZZA 28.3 OZ (7192100339),4/27/2011,9,7.19
DIGRN PEPP PIZZA 28.3 OZ (7192100339),5/4/2011,15,5
DIGRN PEPP PIZZA 28.3 OZ (7192100339),5/11/2011,9,6.89
DIGRN PEPP PIZZA 28.3 OZ (7192100339),5/18/2011,3,6.89
DIGRN PEPP PIZZA 28.3 OZ (7192100339),5/25/2011,7,6.59
DIGRN PEPP PIZZA 28.3 OZ (7192100339),6/1/2011,6,6.59
DIGRN PEPP PIZZA 28.3 OZ (7192100339),6/8/2011,17,5.77
DIGRN PEPP PIZZA 28.3 OZ (7192100339),6/15/2011,30,5.77
DIGRN PEPP PIZZA 28.3 OZ (7192100339),6/22/2011,4,6.59
DIGRN PEPP PIZZA 28.3 OZ (7192100339),6/29/2011,5,6.59
DIGRN PEPP PIZZA 28.3 OZ (7192100339),7/6/2011,7,5.9
DIGRN PEPP PIZZA 28.3 OZ (7192100339),7/13/2011,37,4.99
DIGRN PEPP PIZZA 28.3 OZ (7192100339),7/20/2011,7,6.59
DIGRN PEPP PIZZA 28.3 OZ (7192100339),7/27/2011,5,6.59
DIGRN PEPP PIZZA 28.3 OZ (7192100339),8/3/2011,4,5.64
DIGRN PEPP PIZZA 28.3 OZ (7192100339),8/10/2011,21,5.64
DIGRN PEPP PIZZA 28.3 OZ (7192100339),8/17/2011,9,5.64
DIGRN PEPP PIZZA 28.3 OZ (7192100339),8/24/2011,7,5.64
DIGRN PEPP PIZZA 28.3 OZ (7192100339),8/31/2011,12,5.64
DIGRN PEPP PIZZA 28.3 OZ (7192100339),9/7/2011,9,5.64
DIGRN PEPP PIZZA 28.3 OZ (7192100339),9/14/2011,8,5.64
DIGRN PEPP PIZZA 28.3 OZ (7192100339),9/21/2011,22,4.9
DIGRN PEPP PIZZA 28.3 OZ (7192100339),9/28/2011,27,4.79
DIGRN PEPP PIZZA 28.3 OZ (7192100339),10/5/2011,10,5.64
DIGRN PEPP PIZZA 28.3 OZ (7192100339),10/12/2011,16,5.64
DIGRN PEPP PIZZA 28.3 OZ (7192100339),10/19/2011,11,5.8
DIGRN PEPP PIZZA 28.3 OZ (7192100339),10/26/2011,10,5.8
DIGRN PEPP PIZZA 28.3 OZ (7192100339),11/2/2011,2,5.8
DIGRN PEPP PIZZA 28.3 OZ (7192100339),11/9/2011,14,5.8
DIGRN PEPP PIZZA 28.3 OZ (7192100339),11/16/2011,10,5.8
DIGRN PEPP PIZZA 28.3 OZ (7192100339),11/23/2011,15,5.5
DIGRN PEPP PIZZA 28.3 OZ (7192100339),11/30/2011,10,5.5
DIGRN PEPP PIZZA 28.3 OZ (7192100339),12/7/2011,11,5.8
DIGRN PEPP PIZZA 28.3 OZ (7192100339),12/14/2011,17,5.8
DIGRN PEPP PIZZA 28.3 OZ (7192100339),12/21/2011,10,5.8
DIGRN PEPP PIZZA 28.3 OZ (7192100339),12/28/2011,8,5.8
DIGRN PEPP PIZZA 28.3 OZ (7192100339),1/4/2012,29,5.08
