sample_data_full.csv
ITEM,DATE,UNITS,PRICE
FRSC BRCK OVN ITL PEP PZ 22.7 OZ (7218063052),1/14/2009,1,6.46
FRSC BRCK OVN ITL PEP PZ 22.7 OZ (7218063052),1/21/2009,1,6.46
FRSC BRCK OVN ITL PEP PZ 22.7 OZ (7218063052),2/4/2009,3,6.46
FRSC BRCK OVN ITL PEP PZ 22.7 OZ (7218063052),2/11/2009,6,4.99
FRSC BRCK OVN ITL PEP PZ 22.7 OZ (7218063052),2/18/2009,5,4.99
FRSC BRCK OVN ITL PEP PZ 22.7 OZ (7218063052),3/11/2009,12,4.46
FRSC BRCK OVN ITL PEP PZ 22.7 OZ (7218063052),3/18/2009,15,4.49
FRSC BRCK OVN ITL PEP PZ 22.7 OZ (7218063052),3/25/2009,10,4.49
FRSC BRCK OVN ITL PEP PZ 22.7 OZ (7218063052),4/8/2009,2,6.38
FRSC BRCK OVN ITL PEP PZ 22.7 OZ (7218063052),4/22/2009,1,6.38
FRSC BRCK OVN ITL PEP PZ 22.7 OZ (7218063052),5/6/2009,2,6.38
FRSC BRCK OVN ITL PEP PZ 22.7 OZ (7218063052),5/20/2009,1,6.38
FRSC BRCK OVN ITL PEP PZ 22.7 OZ (7218063052),5/27/2009,1,6.38
FRSC BRCK OVN ITL PEP PZ 22.7 OZ (7218063052),6/3/2009,1,6.38
FRSC BRCK OVN ITL PEP PZ 22.7 OZ (7218063052),6/10/2009,2,6.38
FRSC BRCK OVN ITL PEP PZ 22.7 OZ (7218063052),6/17/2009,2,6.38
FRSC BRCK OVN ITL PEP PZ 22.7 OZ (7218063052),7/1/2009,2,5.49
FRSC BRCK OVN ITL PEP PZ 22.7 OZ (7218063052),7/8/2009,1,5.49
FRSC BRCK OVN ITL PEP PZ 22.7 OZ (7218063052),7/15/2009,2,5.49
FRSC BRCK OVN ITL PEP PZ 22.7 OZ (7218063052),7/22/2009,2,5.49
FRSC BRCK OVN ITL PEP PZ 22.7 OZ (7218063052),7/29/2009,2,6.38
FRSC BRCK OVN ITL PEP PZ 22.7 OZ (7218063052),8/12/2009,1,6.38
FRSC BRCK OVN ITL PEP PZ 22.7 OZ (7218063052),8/19/2009,2,6.38
FRSC BRCK OVN ITL PEP PZ 22.7 OZ (7218063052),8/26/2009,1,4.99
FRSC BRCK OVN ITL PEP PZ 22.7 OZ (7218063052),9/2/2009,1,4.99
FRSC BRCK OVN ITL PEP PZ 22.7 OZ (7218063052),9/16/2009,1,6.89
FRSC BRCK OVN ITL PEP PZ 22.7 OZ (7218063052),9/23/2009,1,6.89
FRSC BRCK OVN ITL PEP PZ 22.7 OZ (7218063052),10/14/2009,5,4.99
FRSC BRCK OVN ITL PEP PZ 22.7 OZ (7218063052),10/21/2009,6,5.31
FRSC BRCK OVN ITL PEP PZ 22.7 OZ (7218063052),11/11/2009,1,6.38
FRSC BRCK OVN ITL PEP PZ 22.7 OZ (7218063052),11/25/2009,1,6.38
FRSC BRCK OVN ITL PEP PZ 22.7 OZ (7218063052),12/2/2009,1,6.38
FRSC BRCK OVN ITL PEP PZ 22.7 OZ (7218063052),12/9/2009,4,6.38
FRSC BRCK OVN ITL PEP PZ 22.7 OZ (7218063052),12/16/2009,4,6.38
FRSC BRCK OVN ITL PEP PZ 22.7 OZ (7218063052),12/23/2009,2,6.38
FRSC BRCK OVN ITL PEP PZ 22.7 OZ (7218063052),12/30/2009,1,6.38
FRSC BRCK OVN ITL PEP PZ 22.7 OZ (7218063052),1/6/2010,16,3.99
FRSC BRCK OVN ITL PEP PZ 22.7 OZ (7218063052),1/13/2010,13,3.99
FRSC BRCK OVN ITL PEP PZ 22.7 OZ (7218063052),1/20/2010,1,6.38
FRSC BRCK OVN ITL PEP PZ 22.7 OZ (7218063052),1/27/2010,3,6.38
FRSC BRCK OVN ITL PEP PZ 22.7 OZ (7218063052),2/3/2010,1,6.38
FRSC BRCK OVN ITL PEP PZ 22.7 OZ (7218063052),2/10/2010,1,6.27
FRSC BRCK OVN ITL PEP PZ 22.7 OZ (7218063052),2/17/2010,1,6.27
FRSC BRCK OVN ITL PEP PZ 22.7 OZ (7218063052),2/24/2010,3,6.27
FRSC BRCK OVN ITL PEP PZ 22.7 OZ (7218063052),3/3/2010,6,4.99
FRSC BRCK OVN ITL PEP PZ 22.7 OZ (7218063052),3/10/2010,1,6.27
FRSC BRCK OVN ITL PEP PZ 22.7 OZ (7218063052),3/24/2010,1,6.27
FRSC BRCK OVN ITL PEP PZ 22.7 OZ (7218063052),4/7/2010,2,4.99
FRSC BRCK OVN ITL PEP PZ 22.7 OZ (7218063052),4/14/2010,1,6.27
FRSC BRCK OVN ITL PEP PZ 22.7 OZ (7218063052),5/5/2010,7,4.99
FRSC BRCK OVN ITL PEP PZ 22.7 OZ (7218063052),5/12/2010,4,4.99
FRSC BRCK OVN ITL PEP PZ 22.7 OZ (7218063052),5/19/2010,2,6.29
FRSC BRCK OVN ITL PEP PZ 22.7 OZ (7218063052),6/2/2010,1,6.29
FRSC BRCK OVN ITL PEP PZ 22.7 OZ (7218063052),6/9/2010,1,6.29
FRSC BRCK OVN ITL PEP PZ 22.7 OZ (7218063052),6/16/2010,1,6.29
FRSC BRCK OVN ITL PEP PZ 22.7 OZ (7218063052),6/23/2010,3,6.29
FRSC BRCK OVN ITL PEP PZ 22.7 OZ (7218063052),6/30/2010,1,5.79
FRSC BRCK OVN ITL PEP PZ 22.7 OZ (7218063052),7/7/2010,2,5.79
FRSC BRCK OVN ITL PEP PZ 22.7 OZ (7218063052),7/14/2010,2,5.79
FRSC BRCK OVN ITL PEP PZ 22.7 OZ (7218063052),8/18/2010,1,6.89
FRSC BRCK OVN ITL PEP PZ 22.7 OZ (7218063052),9/15/2010,1,6.89
FRSC BRCK OVN ITL PEP PZ 22.7 OZ (7218063052),9/22/2010,2,6.89
FRSC BRCK OVN ITL PEP PZ 22.7 OZ (7218063052),9/29/2010,7,4.49
FRSC BRCK OVN ITL PEP PZ 22.7 OZ (7218063052),10/6/2010,6,4.49
FRSC BRCK OVN ITL PEP PZ 22.7 OZ (7218063052),10/13/2010,2,6.89
FRSC BRCK OVN ITL PEP PZ 22.7 OZ (7218063052),10/27/2010,5,4.48
FRSC BRCK OVN ITL PEP PZ 22.7 OZ (7218063052),11/3/2010,6,4.48
FRSC BRCK OVN ITL PEP PZ 22.7 OZ (7218063052),11/10/2010,3,6.89
FRSC BRCK OVN ITL PEP PZ 22.7 OZ (7218063052),11/17/2010,2,6.89
FRSC BRCK OVN ITL PEP PZ 22.7 OZ (7218063052),11/24/2010,1,6.89
FRSC BRCK OVN ITL PEP PZ 22.7 OZ (7218063052),12/8/2010,10,4.49
FRSC BRCK OVN ITL PEP PZ 22.7 OZ (7218063052),12/15/2010,3,4.49
FRSC BRCK OVN ITL PEP PZ 22.7 OZ (7218063052),12/22/2010,1,6.89
FRSC BRCK OVN ITL PEP PZ 22.7 OZ (7218063052),1/12/2011,2,6.89
FRSC BRCK OVN ITL PEP PZ 22.7 OZ (7218063052),1/19/2011,8,4.69
FRSC BRCK OVN ITL PEP PZ 22.7 OZ (7218063052),1/26/2011,5,4.69
FRSC BRCK OVN ITL PEP PZ 22.7 OZ (7218063052),2/9/2011,2,6.89
FRSC BRCK OVN ITL PEP PZ 22.7 OZ (7218063052),2/16/2011,2,6.89
FRSC BRCK OVN ITL PEP PZ 22.7 OZ (7218063052),3/2/2011,3,6.89
FRSC BRCK OVN ITL PEP PZ 22.7 OZ (7218063052),3/9/2011,1,6.89
FRSC BRCK OVN ITL PEP PZ 22.7 OZ (7218063052),3/30/2011,2,7.09
FRSC BRCK OVN ITL PEP PZ 22.7 OZ (7218063052),4/6/2011,1,7.09
FRSC BRCK OVN ITL PEP PZ 22.7 OZ (7218063052),4/13/2011,2,7.09
FRSC BRCK OVN ITL PEP PZ 22.7 OZ (7218063052),4/20/2011,1,7.09
FRSC BRCK OVN ITL PEP PZ 22.7 OZ (7218063052),5/4/2011,1,7.09
FRSC BRCK OVN ITL PEP PZ 22.7 OZ (7218063052),5/11/2011,18,4.74
FRSC BRCK OVN ITL PEP PZ 22.7 OZ (7218063052),5/18/2011,18,4.85
FRSC BRCK OVN ITL PEP PZ 22.7 OZ (7218063052),5/25/2011,1,7.09
FRSC BRCK OVN ITL PEP PZ 22.7 OZ (7218063052),6/15/2011,3,7.09
FRSC BRCK OVN ITL PEP PZ 22.7 OZ (7218063052),6/29/2011,1,7.39
FRSC BRCK OVN ITL PEP PZ 22.7 OZ (7218063052),7/6/2011,2,7.49
FRSC BRCK OVN ITL PEP PZ 22.7 OZ (7218063052),7/13/2011,1,7.49
FRSC BRCK OVN ITL PEP PZ 22.7 OZ (7218063052),7/20/2011,2,7.49
FRSC BRCK OVN ITL PEP PZ 22.7 OZ (7218063052),7/27/2011,1,4.99
FRSC BRCK OVN ITL PEP PZ 22.7 OZ (7218063052),8/3/2011,5,4.99
FRSC BRCK OVN ITL PEP PZ 22.7 OZ (7218063052),8/10/2011,6,7.49
FRSC BRCK OVN ITL PEP PZ 22.7 OZ (7218063052),8/17/2011,1,7.49
FRSC BRCK OVN ITL PEP PZ 22.7 OZ (7218063052),10/5/2011,1,4.99
FRSC BRCK OVN ITL PEP PZ 22.7 OZ (7218063052),10/12/2011,3,4.99
FRSC BRCK OVN ITL PEP PZ 22.7 OZ (7218063052),11/2/2011,3,7.49
FRSC BRCK OVN ITL PEP PZ 22.7 OZ (7218063052),11/9/2011,2,5.04
FRSC BRCK OVN ITL PEP PZ 22.7 OZ (7218063052),11/16/2011,3,5.12
FRSC BRCK OVN ITL PEP PZ 22.7 OZ (7218063052),11/23/2011,1,7.49
FRSC BRCK OVN ITL PEP PZ 22.7 OZ (7218063052),11/30/2011,1,7.49
FRSC BRCK OVN ITL PEP PZ 22.7 OZ (7218063052),12/7/2011,2,7.49
FRSC BRCK OVN ITL PEP PZ 22.7 OZ (7218063052),1/4/2012,1,5
FRSC PEPPERONI PIZZA 27.35 OZ (7218063979),1/14/2009,1,6.46
FRSC PEPPERONI PIZZA 27.35 OZ (7218063979),1/21/2009,3,6.46
FRSC PEPPERONI PIZZA 27.35 OZ (7218063979),1/28/2009,2,6.46
FRSC PEPPERONI PIZZA 27.35 OZ (7218063979),2/4/2009,3,6.46
FRSC PEPPERONI PIZZA 27.35 OZ (7218063979),2/11/2009,10,4.99
FRSC PEPPERONI PIZZA 27.35 OZ (7218063979),2/18/2009,5,4.99
FRSC PEPPERONI PIZZA 27.35 OZ (7218063979),2/25/2009,3,6.89
FRSC PEPPERONI PIZZA 27.35 OZ (7218063979),3/11/2009,9,4.49
FRSC PEPPERONI PIZZA 27.35 OZ (7218063979),3/18/2009,21,4.49
FRSC PEPPERONI PIZZA 27.35 OZ (7218063979),3/25/2009,6,4.49
FRSC PEPPERONI PIZZA 27.35 OZ (7218063979),4/1/2009,2,6.38
FRSC PEPPERONI PIZZA 27.35 OZ (7218063979),4/8/2009,3,6.38
FRSC PEPPERONI PIZZA 27.35 OZ (7218063979),4/15/2009,2,6.38
FRSC PEPPERONI PIZZA 27.35 OZ (7218063979),4/22/2009,2,6.38
FRSC PEPPERONI PIZZA 27.35 OZ (7218063979),5/6/2009,2,6.38
FRSC PEPPERONI PIZZA 27.35 OZ (7218063979),5/13/2009,2,6.38
FRSC PEPPERONI PIZZA 27.35 OZ (7218063979),6/3/2009,1,6.38
FRSC PEPPERONI PIZZA 27.35 OZ (7218063979),6/10/2009,4,6.38
FRSC PEPPERONI PIZZA 27.35 OZ (7218063979),6/17/2009,4,6.38
FRSC PEPPERONI PIZZA 27.35 OZ (7218063979),6/24/2009,2,6.38
FRSC PEPPERONI PIZZA 27.35 OZ (7218063979),7/1/2009,1,5.49
FRSC PEPPERONI PIZZA 27.35 OZ (7218063979),7/15/2009,4,5.49
FRSC PEPPERONI PIZZA 27.35 OZ (7218063979),7/22/2009,4,5.49
FRSC PEPPERONI PIZZA 27.35 OZ (7218063979),7/29/2009,2,6.38
FRSC PEPPERONI PIZZA 27.35 OZ (7218063979),8/5/2009,3,6.38
FRSC PEPPERONI PIZZA 27.35 OZ (7218063979),8/19/2009,1,6.38
FRSC PEPPERONI PIZZA 27.35 OZ (7218063979),9/2/2009,3,4.99
FRSC PEPPERONI PIZZA 27.35 OZ (7218063979),9/9/2009,4,6.89
FRSC PEPPERONI PIZZA 27.35 OZ (7218063979),9/16/2009,4,6.89
FRSC PEPPERONI PIZZA 27.35 OZ (7218063979),9/23/2009,1,6.89
FRSC PEPPERONI PIZZA 27.35 OZ (7218063979),10/14/2009,12,4.99
FRSC PEPPERONI PIZZA 27.35 OZ (7218063979),10/21/2009,15,4.99
FRSC PEPPERONI PIZZA 27.35 OZ (7218063979),10/28/2009,3,6.38
FRSC PEPPERONI PIZZA 27.35 OZ (7218063979),11/4/2009,1,6.38
FRSC PEPPERONI PIZZA 27.35 OZ (7218063979),11/11/2009,7,6.38
FRSC PEPPERONI PIZZA 27.35 OZ (7218063979),11/18/2009,2,6.38
FRSC PEPPERONI PIZZA 27.35 OZ (7218063979),11/25/2009,1,6.38
FRSC PEPPERONI PIZZA 27.35 OZ (7218063979),12/2/2009,2,6.38
FRSC PEPPERONI PIZZA 27.35 OZ (7218063979),12/9/2009,2,6.38
FRSC PEPPERONI PIZZA 27.35 OZ (7218063979),12/16/2009,5,6.38
FRSC PEPPERONI PIZZA 27.35 OZ (7218063979),12/23/2009,2,6.38
FRSC PEPPERONI PIZZA 27.35 OZ (7218063979),1/6/2010,18,3.99
FRSC PEPPERONI PIZZA 27.35 OZ (7218063979),1/13/2010,10,3.99
FRSC PEPPERONI PIZZA 27.35 OZ (7218063979),1/20/2010,1,6.38
FRSC PEPPERONI PIZZA 27.35 OZ (7218063979),1/27/2010,1,6.38
FRSC PEPPERONI PIZZA 27.35 OZ (7218063979),2/10/2010,1,6.27
FRSC PEPPERONI PIZZA 27.35 OZ (7218063979),2/17/2010,5,6.27
FRSC PEPPERONI PIZZA 27.35 OZ (7218063979),3/3/2010,10,4.99
FRSC PEPPERONI PIZZA 27.35 OZ (7218063979),3/10/2010,1,6.27
FRSC PEPPERONI PIZZA 27.35 OZ (7218063979),3/24/2010,2,6.27
FRSC PEPPERONI PIZZA 27.35 OZ (7218063979),4/7/2010,9,5.2
FRSC PEPPERONI PIZZA 27.35 OZ (7218063979),4/14/2010,4,6.27
FRSC PEPPERONI PIZZA 27.35 OZ (7218063979),4/21/2010,4,6.27
FRSC PEPPERONI PIZZA 27.35 OZ (7218063979),4/28/2010,1,6.27
FRSC PEPPERONI PIZZA 27.35 OZ (7218063979),5/5/2010,25,4.99
FRSC PEPPERONI PIZZA 27.35 OZ (7218063979),5/12/2010,12,4.99
FRSC PEPPERONI PIZZA 27.35 OZ (7218063979),5/19/2010,1,6.29
FRSC PEPPERONI PIZZA 27.35 OZ (7218063979),6/2/2010,2,6.29
FRSC PEPPERONI PIZZA 27.35 OZ (7218063979),6/9/2010,4,6.29
FRSC PEPPERONI PIZZA 27.35 OZ (7218063979),6/16/2010,1,6.29
FRSC PEPPERONI PIZZA 27.35 OZ (7218063979),6/23/2010,1,6.29
FRSC PEPPERONI PIZZA 27.35 OZ (7218063979),6/30/2010,2,5.79
FRSC PEPPERONI PIZZA 27.35 OZ (7218063979),7/7/2010,2,5.79
FRSC PEPPERONI PIZZA 27.35 OZ (7218063979),7/14/2010,3,5.79
FRSC PEPPERONI PIZZA 27.35 OZ (7218063979),7/21/2010,2,5.79
FRSC PEPPERONI PIZZA 27.35 OZ (7218063979),7/28/2010,1,6.89
FRSC PEPPERONI PIZZA 27.35 OZ (7218063979),8/4/2010,1,6.89
FRSC PEPPERONI PIZZA 27.35 OZ (7218063979),8/11/2010,2,6.89
FRSC PEPPERONI PIZZA 27.35 OZ (7218063979),9/1/2010,1,6.89
FRSC PEPPERONI PIZZA 27.35 OZ (7218063979),9/8/2010,1,6.89
FRSC PEPPERONI PIZZA 27.35 OZ (7218063979),9/15/2010,3,6.89
FRSC PEPPERONI PIZZA 27.35 OZ (7218063979),9/29/2010,3,4.49
FRSC PEPPERONI PIZZA 27.35 OZ (7218063979),10/6/2010,2,4.49
FRSC PEPPERONI PIZZA 27.35 OZ (7218063979),10/13/2010,2,6.89
FRSC PEPPERONI PIZZA 27.35 OZ (7218063979),10/20/2010,2,6.89
FRSC PEPPERONI PIZZA 27.35 OZ (7218063979),10/27/2010,6,4.48
FRSC PEPPERONI PIZZA 27.35 OZ (7218063979),11/3/2010,7,4.48
FRSC PEPPERONI PIZZA 27.35 OZ (7218063979),11/10/2010,2,6.89
FRSC PEPPERONI PIZZA 27.35 OZ (7218063979),11/17/2010,3,6.89
FRSC PEPPERONI PIZZA 27.35 OZ (7218063979),11/24/2010,1,6.89
FRSC PEPPERONI PIZZA 27.35 OZ (7218063979),12/1/2010,2,6.89
FRSC PEPPERONI PIZZA 27.35 OZ (7218063979),12/8/2010,11,4.49
FRSC PEPPERONI PIZZA 27.35 OZ (7218063979),12/15/2010,15,4.49
FRSC PEPPERONI PIZZA 27.35 OZ (7218063979),12/22/2010,1,6.89
FRSC PEPPERONI PIZZA 27.35 OZ (7218063979),1/12/2011,1,6.89
FRSC PEPPERONI PIZZA 27.35 OZ (7218063979),1/19/2011,13,4.69
FRSC PEPPERONI PIZZA 27.35 OZ (7218063979),1/26/2011,1,4.69
FRSC PEPPERONI PIZZA 27.35 OZ (7218063979),2/2/2011,6,6.89
FRSC PEPPERONI PIZZA 27.35 OZ (7218063979),2/9/2011,2,6.89
FRSC PEPPERONI PIZZA 27.35 OZ (7218063979),2/16/2011,2,6.89
FRSC PEPPERONI PIZZA 27.35 OZ (7218063979),3/2/2011,2,6.89
FRSC PEPPERONI PIZZA 27.35 OZ (7218063979),3/9/2011,7,6.89
FRSC PEPPERONI PIZZA 27.35 OZ (7218063979),3/16/2011,2,7.09
FRSC PEPPERONI PIZZA 27.35 OZ (7218063979),4/6/2011,2,7.09
FRSC PEPPERONI PIZZA 27.35 OZ (7218063979),4/13/2011,1,7.09
FRSC PEPPERONI PIZZA 27.35 OZ (7218063979),4/20/2011,1,7.09
FRSC PEPPERONI PIZZA 27.35 OZ (7218063979),5/11/2011,22,4.97
FRSC PEPPERONI PIZZA 27.35 OZ (7218063979),5/18/2011,7,4.78
FRSC PEPPERONI PIZZA 27.35 OZ (7218063979),6/1/2011,1,7.09
FRSC PEPPERONI PIZZA 27.35 OZ (7218063979),6/8/2011,1,7.09
FRSC PEPPERONI PIZZA 27.35 OZ (7218063979),6/15/2011,1,7.09
FRSC PEPPERONI PIZZA 27.35 OZ (7218063979),6/29/2011,1,7.39
FRSC PEPPERONI PIZZA 27.35 OZ (7218063979),7/6/2011,2,7.49
FRSC PEPPERONI PIZZA 27.35 OZ (7218063979),7/13/2011,2,7.49
FRSC PEPPERONI PIZZA 27.35 OZ (7218063979),7/20/2011,1,7.49
FRSC PEPPERONI PIZZA 27.35 OZ (7218063979),7/27/2011,5,4.99
FRSC PEPPERONI PIZZA 27.35 OZ (7218063979),8/3/2011,3,4.99
FRSC PEPPERONI PIZZA 27.35 OZ (7218063979),8/10/2011,2,6.24
FRSC PEPPERONI PIZZA 27.35 OZ (7218063979),8/17/2011,8,7.49
FRSC PEPPERONI PIZZA 27.35 OZ (7218063979),8/24/2011,2,7.49
FRSC PEPPERONI PIZZA 27.35 OZ (7218063979),9/7/2011,2,7.49
FRSC PEPPERONI PIZZA 27.35 OZ (7218063979),10/5/2011,6,4.99
FRSC PEPPERONI PIZZA 27.35 OZ (7218063979),10/12/2011,7,4.99
FRSC PEPPERONI PIZZA 27.35 OZ (7218063979),10/19/2011,2,7.49
FRSC PEPPERONI PIZZA 27.35 OZ (7218063979),10/26/2011,2,7.49
FRSC PEPPERONI PIZZA 27.35 OZ (7218063979),11/2/2011,2,7.49
FRSC PEPPERONI PIZZA 27.35 OZ (7218063979),11/9/2011,7,5.22
FRSC PEPPERONI PIZZA 27.35 OZ (7218063979),11/16/2011,2,5.04
FRSC PEPPERONI PIZZA 27.35 OZ (7218063979),11/23/2011,1,7.49
FRSC PEPPERONI PIZZA 27.35 OZ (7218063979),12/28/2011,1,6.99
FRSC PEPPERONI PIZZA 27.35 OZ (7218063979),1/4/2012,1,5
