sample_data_full.csv
ITEM,DATE,UNITS,PRICE
FRSC 4 CHEESE PIZZA 26.11 OZ (7218063983),1/14/2009,1,6.46
FRSC 4 CHEESE PIZZA 26.11 OZ (7218063983),1/21/2009,1,6.46
FRSC 4 CHEESE PIZZA 26.11 OZ (7218063983),2/4/2009,2,6.46
FRSC 4 CHEESE PIZZA 26.11 OZ (7218063983),3/18/2009,3,4.49
FRSC 4 CHEESE PIZZA 26.11 OZ (7218063983),3/25/2009,5,4.49
FRSC 4 CHEESE PIZZA 26.11 OZ (7218063983),4/1/2009,2,6.38
FRSC 4 CHEESE PIZZA 26.11 OZ (7218063983),4/8/2009,2,6.38
FRSC 4 CHEESE PIZZA 26.11 OZ (7218063983),4/15/2009,3,6.38
FRSC 4 CHEESE PIZZA 26.11 OZ (7218063983),4/22/2009,1,6.38
FRSC 4 CHEESE PIZZA 26.11 OZ (7218063983),5/6/2009,2,6.38
FRSC 4 CHEESE PIZZA 26.11 OZ (7218063983),5/13/2009,1,6.38
FRSC 4 CHEESE PIZZA 26.11 OZ (7218063983),5/20/2009,2,6.38
FRSC 4 CHEESE PIZZA 26.11 OZ (7218063983),5/27/2009,1,6.38
FRSC 4 CHEESE PIZZA 26.11 OZ (7218063983),6/3/2009,1,6.38
FRSC 4 CHEESE PIZZA 26.11 OZ (7218063983),6/10/2009,1,6.38
FRSC 4 CHEESE PIZZA 26.11 OZ (7218063983),6/24/2009,2,6.38
FRSC 4 CHEESE PIZZA 26.11 OZ (7218063983),7/1/2009,2,5.49
FRSC 4 CHEESE PIZZA 26.11 OZ (7218063983),7/8/2009,3,5.49
FRSC 4 CHEESE PIZZA 26.11 OZ (7218063983),7/15/2009,6,5.49
FRSC 4 CHEESE PIZZA 26.11 OZ (7218063983),7/22/2009,1,5.49
FRSC 4 CHEESE PIZZA 26.11 OZ (7218063983),7/29/2009,1,6.38
FRSC 4 CHEESE PIZZA 26.11 OZ (7218063983),8/5/2009,2,6.38
FRSC 4 CHEESE PIZZA 26.11 OZ (7218063983),8/19/2009,2,6.38
FRSC 4 CHEESE PIZZA 26.11 OZ (7218063983),8/26/2009,2,5.45
FRSC 4 CHEESE PIZZA 26.11 OZ (7218063983),9/2/2009,3,4.99
FRSC 4 CHEESE PIZZA 26.11 OZ (7218063983),9/9/2009,1,6.89
FRSC 4 CHEESE PIZZA 26.11 OZ (7218063983),9/16/2009,2,6.89
FRSC 4 CHEESE PIZZA 26.11 OZ (7218063983),9/30/2009,3,6.89
FRSC 4 CHEESE PIZZA 26.11 OZ (7218063983),10/7/2009,4,6.38
FRSC 4 CHEESE PIZZA 26.11 OZ (7218063983),10/14/2009,11,4.99
FRSC 4 CHEESE PIZZA 26.11 OZ (7218063983),10/21/2009,8,4.99
FRSC 4 CHEESE PIZZA 26.11 OZ (7218063983),10/28/2009,4,6.38
FRSC 4 CHEESE PIZZA 26.11 OZ (7218063983),11/4/2009,1,6.38
FRSC 4 CHEESE PIZZA 26.11 OZ (7218063983),11/11/2009,4,6.38
FRSC 4 CHEESE PIZZA 26.11 OZ (7218063983),11/18/2009,2,6.38
FRSC 4 CHEESE PIZZA 26.11 OZ (7218063983),11/25/2009,4,6.38
FRSC 4 CHEESE PIZZA 26.11 OZ (7218063983),12/2/2009,2,6.38
FRSC 4 CHEESE PIZZA 26.11 OZ (7218063983),12/9/2009,2,6.38
FRSC 4 CHEESE PIZZA 26.11 OZ (7218063983),12/16/2009,2,6.64
FRSC 4 CHEESE PIZZA 26.11 OZ (7218063983),12/30/2009,1,6.38
FRSC 4 CHEESE PIZZA 26.11 OZ (7218063983),1/6/2010,16,3.99
FRSC 4 CHEESE PIZZA 26.11 OZ (7218063983),1/13/2010,11,3.99
FRSC 4 CHEESE PIZZA 26.11 OZ (7218063983),1/20/2010,1,6.38
FRSC 4 CHEESE PIZZA 26.11 OZ (7218063983),1/27/2010,2,6.38
FRSC 4 CHEESE PIZZA 26.11 OZ (7218063983),2/3/2010,2,6.38
FRSC 4 CHEESE PIZZA 26.11 OZ (7218063983),2/10/2010,1,6.27
FRSC 4 CHEESE PIZZA 26.11 OZ (7218063983),2/17/2010,2,6.27
FRSC 4 CHEESE PIZZA 26.11 OZ (7218063983),2/24/2010,2,6.27
FRSC 4 CHEESE PIZZA 26.11 OZ (7218063983),3/3/2010,3,4.99
FRSC 4 CHEESE PIZZA 26.11 OZ (7218063983),3/10/2010,4,6.27
FRSC 4 CHEESE PIZZA 26.11 OZ (7218063983),3/24/2010,4,6.27
FRSC 4 CHEESE PIZZA 26.11 OZ (7218063983),4/7/2010,2,4.99
FRSC 4 CHEESE PIZZA 26.11 OZ (7218063983),4/14/2010,6,6.27
FRSC 4 CHEESE PIZZA 26.11 OZ (7218063983),4/21/2010,4,6.43
FRSC 4 CHEESE PIZZA 26.11 OZ (7218063983),4/28/2010,7,6.27
FRSC 4 CHEESE PIZZA 26.11 OZ (7218063983),5/5/2010,11,4.99
FRSC 4 CHEESE PIZZA 26.11 OZ (7218063983),5/12/2010,13,4.99
FRSC 4 CHEESE PIZZA 26.11 OZ (7218063983),5/19/2010,5,6.03
FRSC 4 CHEESE PIZZA 26.11 OZ (7218063983),5/26/2010,2,6.29
FRSC 4 CHEESE PIZZA 26.11 OZ (7218063983),6/2/2010,4,6.29
FRSC 4 CHEESE PIZZA 26.11 OZ (7218063983),6/9/2010,3,6.29
FRSC 4 CHEESE PIZZA 26.11 OZ (7218063983),6/16/2010,1,6.29
FRSC 4 CHEESE PIZZA 26.11 OZ (7218063983),6/23/2010,3,6.29
FRSC 4 CHEESE PIZZA 26.11 OZ (7218063983),7/7/2010,4,5.79
FRSC 4 CHEESE PIZZA 26.11 OZ (7218063983),7/14/2010,1,5.79
FRSC 4 CHEESE PIZZA 26.11 OZ (7218063983),7/21/2010,3,5.79
FRSC 4 CHEESE PIZZA 26.11 OZ (7218063983),8/4/2010,3,6.89
FRSC 4 CHEESE PIZZA 26.11 OZ (7218063983),8/11/2010,4,6.89
FRSC 4 CHEESE PIZZA 26.11 OZ (7218063983),8/25/2010,3,6.89
FRSC 4 CHEESE PIZZA 26.11 OZ (7218063983),9/8/2010,2,6.89
FRSC 4 CHEESE PIZZA 26.11 OZ (7218063983),9/15/2010,1,6.89
FRSC 4 CHEESE PIZZA 26.11 OZ (7218063983),9/22/2010,1,6.89
FRSC 4 CHEESE PIZZA 26.11 OZ (7218063983),9/29/2010,5,4.49
FRSC 4 CHEESE PIZZA 26.11 OZ (7218063983),10/6/2010,1,4.49
FRSC 4 CHEESE PIZZA 26.11 OZ (7218063983),10/13/2010,2,6.89
FRSC 4 CHEESE PIZZA 26.11 OZ (7218063983),10/27/2010,6,4.48
FRSC 4 CHEESE PIZZA 26.11 OZ (7218063983),11/3/2010,3,4.48
FRSC 4 CHEESE PIZZA 26.11 OZ (7218063983),11/10/2010,2,6.89
FRSC 4 CHEESE PIZZA 26.11 OZ (7218063983),11/17/2010,3,6.89
FRSC 4 CHEESE PIZZA 26.11 OZ (7218063983),11/24/2010,2,6.89
FRSC 4 CHEESE PIZZA 26.11 OZ (7218063983),12/1/2010,2,6.89
FRSC 4 CHEESE PIZZA 26.11 OZ (7218063983),12/8/2010,8,4.49
FRSC 4 CHEESE PIZZA 26.11 OZ (7218063983),12/15/2010,3,4.49
FRSC 4 CHEESE PIZZA 26.11 OZ (7218063983),12/22/2010,3,6.89
FRSC 4 CHEESE PIZZA 26.11 OZ (7218063983),12/29/2010,1,6.89
FRSC 4 CHEESE PIZZA 26.11 OZ (7218063983),1/5/2011,1,6.89
FRSC 4 CHEESE PIZZA 26.11 OZ (7218063983),1/12/2011,3,6.89
FRSC 4 CHEESE PIZZA 26.11 OZ (7218063983),1/19/2011,5,4.69
FRSC 4 CHEESE PIZZA 26.11 OZ (7218063983),2/2/2011,1,6.89
FRSC 4 CHEESE PIZZA 26.11 OZ (7218063983),2/9/2011,1,6.89
FRSC 4 CHEESE PIZZA 26.11 OZ (7218063983),2/16/2011,1,6.89
FRSC 4 CHEESE PIZZA 26.11 OZ (7218063983),3/23/2011,3,7.09
FRSC 4 CHEESE PIZZA 26.11 OZ (7218063983),3/30/2011,2,7.09
FRSC 4 CHEESE PIZZA 26.11 OZ (7218063983),4/6/2011,2,7.09
FRSC 4 CHEESE PIZZA 26.11 OZ (7218063983),4/13/2011,2,7.09
FRSC 4 CHEESE PIZZA 26.11 OZ (7218063983),4/20/2011,1,7.09
FRSC 4 CHEESE PIZZA 26.11 OZ (7218063983),5/4/2011,2,7.09
FRSC 4 CHEESE PIZZA 26.11 OZ (7218063983),5/11/2011,15,4.89
FRSC 4 CHEESE PIZZA 26.11 OZ (7218063983),5/18/2011,9,4.99
FRSC 4 CHEESE PIZZA 26.11 OZ (7218063983),5/25/2011,4,7.09
FRSC 4 CHEESE PIZZA 26.11 OZ (7218063983),6/8/2011,1,7.09
FRSC 4 CHEESE PIZZA 26.11 OZ (7218063983),6/22/2011,2,7.09
FRSC 4 CHEESE PIZZA 26.11 OZ (7218063983),7/13/2011,1,7.49
FRSC 4 CHEESE PIZZA 26.11 OZ (7218063983),7/27/2011,8,4.99
FRSC 4 CHEESE PIZZA 26.11 OZ (7218063983),8/3/2011,4,4.99
FRSC 4 CHEESE PIZZA 26.11 OZ (7218063983),9/14/2011,1,7.49
FRSC 4 CHEESE PIZZA 26.11 OZ (7218063983),9/21/2011,3,7.49
FRSC 4 CHEESE PIZZA 26.11 OZ (7218063983),9/28/2011,1,7.49
FRSC 4 CHEESE PIZZA 26.11 OZ (7218063983),10/5/2011,7,4.99
FRSC 4 CHEESE PIZZA 26.11 OZ (7218063983),10/12/2011,8,4.99
FRSC 4 CHEESE PIZZA 26.11 OZ (7218063983),10/19/2011,1,7.49
FRSC 4 CHEESE PIZZA 26.11 OZ (7218063983),10/26/2011,4,7.49
FRSC 4 CHEESE PIZZA 26.11 OZ (7218063983),11/2/2011,1,7.49
FRSC 4 CHEESE PIZZA 26.11 OZ (7218063983),11/9/2011,7,5.22
FRSC 4 CHEESE PIZZA 26.11 OZ (7218063983),11/16/2011,5,4.99
FRSC 4 CHEESE PIZZA 26.11 OZ (7218063983),11/23/2011,2,7.49
FRSC 4 CHEESE PIZZA 26.11 OZ (7218063983),11/30/2011,3,7.49
FRSC 4 CHEESE PIZZA 26.11 OZ (7218063983),12/14/2011,1,7.49
FRSC 4 CHEESE PIZZA 26.11 OZ (7218063983),1/4/2012,3,5
SNYDR PRETZEL RODS 10 OZ (7797502248),3/18/2009,3,2.49
SNYDR PRETZEL RODS 10 OZ (7797502248),3/25/2009,3,2.49
SNYDR PRETZEL RODS 10 OZ (7797502248),4/8/2009,6,2.49
SNYDR PRETZEL RODS 10 OZ (7797502248),4/15/2009,7,1.38
SNYDR PRETZEL RODS 10 OZ (7797502248),4/22/2009,8,2
SNYDR PRETZEL RODS 10 OZ (7797502248),4/29/2009,9,2
SNYDR PRETZEL RODS 10 OZ (7797502248),5/6/2009,5,2.39
SNYDR PRETZEL RODS 10 OZ (7797502248),5/13/2009,4,2.49
SNYDR PRETZEL RODS 10 OZ (7797502248),5/20/2009,1,2.49
SNYDR PRETZEL RODS 10 OZ (7797502248),5/27/2009,3,2.49
SNYDR PRETZEL RODS 10 OZ (7797502248),6/3/2009,4,2.49
SNYDR PRETZEL RODS 10 OZ (7797502248),6/10/2009,2,2.49
SNYDR PRETZEL RODS 10 OZ (7797502248),6/17/2009,1,2.49
SNYDR PRETZEL RODS 10 OZ (7797502248),7/1/2009,6,1.79
SNYDR PRETZEL RODS 10 OZ (7797502248),7/8/2009,4,1.79
SNYDR PRETZEL RODS 10 OZ (7797502248),7/15/2009,2,1.79
SNYDR PRETZEL RODS 10 OZ (7797502248),7/22/2009,3,2.49
SNYDR PRETZEL RODS 10 OZ (7797502248),8/5/2009,5,2.49
SNYDR PRETZEL RODS 10 OZ (7797502248),8/12/2009,1,2.49
SNYDR PRETZEL RODS 10 OZ (7797502248),8/19/2009,1,2.49
SNYDR PRETZEL RODS 10 OZ (7797502248),9/2/2009,1,2.49
SNYDR PRETZEL RODS 10 OZ (7797502248),9/9/2009,1,2.49
SNYDR PRETZEL RODS 10 OZ (7797502248),9/16/2009,1,2.49
SNYDR PRETZEL RODS 10 OZ (7797502248),9/30/2009,1,2.49
SNYDR PRETZEL RODS 10 OZ (7797502248),10/7/2009,1,1.79
SNYDR PRETZEL RODS 10 OZ (7797502248),10/14/2009,4,1.79
SNYDR PRETZEL RODS 10 OZ (7797502248),10/21/2009,4,1.79
SNYDR PRETZEL RODS 10 OZ (7797502248),10/28/2009,3,1.79
SNYDR PRETZEL RODS 10 OZ (7797502248),11/4/2009,5,2.49
SNYDR PRETZEL RODS 10 OZ (7797502248),11/11/2009,4,2.49
SNYDR PRETZEL RODS 10 OZ (7797502248),11/18/2009,6,2.49
SNYDR PRETZEL RODS 10 OZ (7797502248),11/25/2009,5,1.99
SNYDR PRETZEL RODS 10 OZ (7797502248),12/2/2009,2,1.99
SNYDR PRETZEL RODS 10 OZ (7797502248),12/9/2009,9,1.99
SNYDR PRETZEL RODS 10 OZ (7797502248),12/16/2009,3,2.49
SNYDR PRETZEL RODS 10 OZ (7797502248),12/23/2009,6,2.49
SNYDR PRETZEL RODS 10 OZ (7797502248),12/30/2009,3,2.49
SNYDR PRETZEL RODS 10 OZ (7797502248),1/6/2010,1,2.49
SNYDR PRETZEL RODS 10 OZ (7797502248),1/13/2010,1,2.25
SNYDR PRETZEL RODS 10 OZ (7797502248),1/20/2010,1,2.25
SNYDR PRETZEL RODS 10 OZ (7797502248),1/27/2010,1,2.25
SNYDR PRETZEL RODS 10 OZ (7797502248),2/3/2010,2,2.25
SNYDR PRETZEL RODS 10 OZ (7797502248),2/10/2010,1,2.49
SNYDR PRETZEL RODS 10 OZ (7797502248),2/17/2010,3,2.49
SNYDR PRETZEL RODS 10 OZ (7797502248),2/24/2010,6,2.19
SNYDR PRETZEL RODS 10 OZ (7797502248),3/3/2010,2,2.19
SNYDR PRETZEL RODS 10 OZ (7797502248),3/10/2010,4,2.19
SNYDR PRETZEL RODS 10 OZ (7797502248),3/17/2010,2,2.19
SNYDR PRETZEL RODS 10 OZ (7797502248),3/24/2010,2,2.49
SNYDR PRETZEL RODS 10 OZ (7797502248),3/31/2010,4,2.49
SNYDR PRETZEL RODS 10 OZ (7797502248),4/7/2010,2,2.49
SNYDR PRETZEL RODS 10 OZ (7797502248),4/14/2010,2,2.29
SNYDR PRETZEL RODS 10 OZ (7797502248),4/21/2010,8,2.29
SNYDR PRETZEL RODS 10 OZ (7797502248),4/28/2010,3,2.29
SNYDR PRETZEL RODS 10 OZ (7797502248),5/5/2010,5,2.49
SNYDR PRETZEL RODS 10 OZ (7797502248),5/19/2010,2,2.49
SNYDR PRETZEL RODS 10 OZ (7797502248),5/26/2010,2,2.49
SNYDR PRETZEL RODS 10 OZ (7797502248),6/2/2010,1,2.49
SNYDR PRETZEL RODS 10 OZ (7797502248),6/9/2010,4,2.49
SNYDR PRETZEL RODS 10 OZ (7797502248),6/16/2010,2,2.49
SNYDR PRETZEL RODS 10 OZ (7797502248),6/23/2010,2,2.49
SNYDR PRETZEL RODS 10 OZ (7797502248),6/30/2010,6,2.24
SNYDR PRETZEL RODS 10 OZ (7797502248),7/7/2010,3,2.19
SNYDR PRETZEL RODS 10 OZ (7797502248),7/14/2010,3,2.39
SNYDR PRETZEL RODS 10 OZ (7797502248),7/21/2010,4,2.34
SNYDR PRETZEL RODS 10 OZ (7797502248),7/28/2010,3,2.49
SNYDR PRETZEL RODS 10 OZ (7797502248),8/4/2010,2,2.49
SNYDR PRETZEL RODS 10 OZ (7797502248),8/11/2010,3,2.49
SNYDR PRETZEL RODS 10 OZ (7797502248),8/18/2010,6,2.24
SNYDR PRETZEL RODS 10 OZ (7797502248),8/25/2010,2,2.19
SNYDR PRETZEL RODS 10 OZ (7797502248),9/1/2010,5,2.37
SNYDR PRETZEL RODS 10 OZ (7797502248),9/8/2010,1,2.49
SNYDR PRETZEL RODS 10 OZ (7797502248),9/15/2010,4,2.49
SNYDR PRETZEL RODS 10 OZ (7797502248),9/22/2010,2,2.49
SNYDR PRETZEL RODS 10 OZ (7797502248),9/29/2010,1,2.49
SNYDR PRETZEL RODS 10 OZ (7797502248),10/6/2010,2,2.49
SNYDR PRETZEL RODS 10 OZ (7797502248),10/13/2010,2,2.49
SNYDR PRETZEL RODS 10 OZ (7797502248),10/20/2010,3,2.49
SNYDR PRETZEL RODS 10 OZ (7797502248),10/27/2010,2,2.49
SNYDR PRETZEL RODS 10 OZ (7797502248),11/3/2010,1,2.49
SNYDR PRETZEL RODS 10 OZ (7797502248),11/10/2010,1,2.49
SNYDR PRETZEL RODS 10 OZ (7797502248),11/17/2010,2,2.49
SNYDR PRETZEL RODS 10 OZ (7797502248),12/1/2010,1,2.29
SNYDR PRETZEL RODS 10 OZ (7797502248),12/8/2010,1,2.29
SNYDR PRETZEL RODS 10 OZ (7797502248),12/15/2010,1,2.29
SNYDR PRETZEL RODS 10 OZ (7797502248),12/22/2010,1,2.29
SNYDR PRETZEL RODS 10 OZ (7797502248),12/29/2010,1,2.29
SNYDR PRETZEL RODS 10 OZ (7797502248),1/5/2011,1,2.29
SNYDR PRETZEL RODS 10 OZ (7797502248),1/12/2011,1,2.49
SNYDR PRETZEL RODS 10 OZ (7797502248),1/19/2011,1,2.49
SNYDR PRETZEL RODS 10 OZ (7797502248),1/26/2011,3,2.49
SNYDR PRETZEL RODS 10 OZ (7797502248),2/9/2011,1,2.49
SNYDR PRETZEL RODS 10 OZ (7797502248),2/16/2011,1,2.49
SNYDR PRETZEL RODS 10 OZ (7797502248),2/23/2011,4,2.49
SNYDR PRETZEL RODS 10 OZ (7797502248),6/1/2011,3,2.49
SNYDR PRETZEL RODS 10 OZ (7797502248),6/8/2011,3,2.49
SNYDR PRETZEL RODS 10 OZ (7797502248),6/15/2011,1,2.49
SNYDR PRETZEL RODS 10 OZ (7797502248),6/22/2011,2,1.99
SNYDR PRETZEL RODS 10 OZ (7797502248),6/29/2011,1,1.99
SNYDR PRETZEL RODS 10 OZ (7797502248),7/6/2011,2,1.99
SNYDR PRETZEL RODS 10 OZ (7797502248),7/13/2011,2,2.49
SNYDR PRETZEL RODS 10 OZ (7797502248),8/24/2011,2,2.49
SNYDR PRETZEL RODS 10 OZ (7797502248),8/31/2011,1,2.49
SNYDR PRETZEL RODS 10 OZ (7797502248),9/7/2011,3,2.49
SNYDR PRETZEL RODS 10 OZ (7797502248),9/14/2011,3,2.49
SNYDR PRETZEL RODS 10 OZ (7797502248),9/21/2011,2,2.49
SNYDR PRETZEL RODS 10 OZ (7797502248),10/5/2011,2,2.49
SNYDR PRETZEL RODS 10 OZ (7797502248),10/12/2011,2,1.67
SNYDR PRETZEL RODS 10 OZ (7797502248),11/9/2011,2,2.49
SNYDR PRETZEL RODS 10 OZ (7797502248),11/23/2011,4,2.29
SNYDR PRETZEL RODS 10 OZ (7797502248),11/30/2011,2,2.29
SNYDR PRETZEL RODS 10 OZ (7797502248),12/7/2011,2,2.29
SNYDR PRETZEL RODS 10 OZ (7797502248),12/21/2011,2,2.29
SNYDR PRETZEL RODS 10 OZ (7797502248),12/28/2011,6,2.29
SNYDR PRETZEL RODS 10 OZ (7797502248),1/4/2012,1,2.29
