sample_data_full.csv
ITEM,DATE,UNITS,PRICE
LSTRNE FRS BRST ANTSPC MW 1 LT (31254742835),1/14/2009,1,4.99
LSTRNE FRS BRST ANTSPC MW 1 LT (31254742835),1/21/2009,1,4.99
LSTRNE FRS BRST ANTSPC MW 1 LT (31254742835),2/4/2009,3,4.99
LSTRNE FRS BRST ANTSPC MW 1 LT (31254742835),2/11/2009,1,4.99
LSTRNE FRS BRST ANTSPC MW 1 LT (31254742835),2/18/2009,1,4.5
LSTRNE FRS BRST ANTSPC MW 1 LT (31254742835),2/25/2009,3,4.5
LSTRNE FRS BRST ANTSPC MW 1 LT (31254742835),3/4/2009,2,4.5
LSTRNE FRS BRST ANTSPC MW 1 LT (31254742835),3/18/2009,2,4.99
LSTRNE FRS BRST ANTSPC MW 1 LT (31254742835),3/25/2009,1,4.99
LSTRNE FRS BRST ANTSPC MW 1 LT (31254742835),4/1/2009,1,4.99
LSTRNE FRS BRST ANTSPC MW 1 LT (31254742835),5/20/2009,1,3.99
LSTRNE FRS BRST ANTSPC MW 1 LT (31254742835),5/27/2009,1,3.99
LSTRNE FRS BRST ANTSPC MW 1 LT (31254742835),8/26/2009,1,3.99
LSTRNE FRS BRST ANTSPC MW 1 LT (31254742835),9/9/2009,2,3.99
LSTRNE FRS BRST ANTSPC MW 1 LT (31254742835),11/4/2009,3,4.33
LSTRNE FRS BRST ANTSPC MW 1 LT (31254742835),11/11/2009,1,4
LSTRNE FRS BRST ANTSPC MW 1 LT (31254742835),11/18/2009,4,4
LSTRNE FRS BRST ANTSPC MW 1 LT (31254742835),11/25/2009,2,4
LSTRNE FRS BRST ANTSPC MW 1 LT (31254742835),12/2/2009,2,4.99
LSTRNE FRS BRST ANTSPC MW 1 LT (31254742835),12/9/2009,1,4.99
LSTRNE FRS BRST ANTSPC MW 1 LT (31254742835),12/23/2009,1,4.76
LSTRNE FRS BRST ANTSPC MW 1 LT (31254742835),1/13/2010,1,4.76
LSTRNE FRS BRST ANTSPC MW 1 LT (31254742835),1/20/2010,2,4.76
LSTRNE FRS BRST ANTSPC MW 1 LT (31254742835),1/27/2010,2,3.99
LSTRNE FRS BRST ANTSPC MW 1 LT (31254742835),2/3/2010,1,3.99
LSTRNE FRS BRST ANTSPC MW 1 LT (31254742835),2/10/2010,1,3.99
LSTRNE FRS BRST ANTSPC MW 1 LT (31254742835),3/24/2010,1,4.76
LSTRNE FRS BRST ANTSPC MW 1 LT (31254742835),4/14/2010,1,4.76
LSTRNE FRS BRST ANTSPC MW 1 LT (31254742835),4/21/2010,3,4.76
LSTRNE FRS BRST ANTSPC MW 1 LT (31254742835),4/28/2010,1,4.76
LSTRNE FRS BRST ANTSPC MW 1 LT (31254742835),5/5/2010,1,4.76
LSTRNE FRS BRST ANTSPC MW 1 LT (31254742835),5/26/2010,4,3.87
LSTRNE FRS BRST ANTSPC MW 1 LT (31254742835),6/2/2010,3,3.99
LSTRNE FRS BRST ANTSPC MW 1 LT (31254742835),6/9/2010,1,3.99
LSTRNE FRS BRST ANTSPC MW 1 LT (31254742835),6/16/2010,3,3.99
LSTRNE FRS BRST ANTSPC MW 1 LT (31254742835),7/21/2010,1,4.76
LSTRNE FRS BRST ANTSPC MW 1 LT (31254742835),8/4/2010,4,4.76
LSTRNE FRS BRST ANTSPC MW 1 LT (31254742835),8/18/2010,1,3.99
LSTRNE FRS BRST ANTSPC MW 1 LT (31254742835),9/1/2010,1,3.99
LSTRNE FRS BRST ANTSPC MW 1 LT (31254742835),9/8/2010,1,4.76
LSTRNE FRS BRST ANTSPC MW 1 LT (31254742835),9/15/2010,2,4.99
LSTRNE FRS BRST ANTSPC MW 1 LT (31254742835),9/29/2010,1,4.99
LSTRNE FRS BRST ANTSPC MW 1 LT (31254742835),10/6/2010,3,4.99
LSTRNE FRS BRST ANTSPC MW 1 LT (31254742835),10/20/2010,4,4.99
LSTRNE FRS BRST ANTSPC MW 1 LT (31254742835),10/27/2010,1,4.99
LSTRNE FRS BRST ANTSPC MW 1 LT (31254742835),11/3/2010,3,4.99
LSTRNE FRS BRST ANTSPC MW 1 LT (31254742835),11/10/2010,3,4.99
LSTRNE FRS BRST ANTSPC MW 1 LT (31254742835),11/24/2010,1,4.99
LSTRNE FRS BRST ANTSPC MW 1 LT (31254742835),12/1/2010,1,4.99
LSTRNE FRS BRST ANTSPC MW 1 LT (31254742835),12/8/2010,1,4.99
LSTRNE FRS BRST ANTSPC MW 1 LT (31254742835),12/15/2010,1,4.99
LSTRNE FRS BRST ANTSPC MW 1 LT (31254742835),1/5/2011,1,4.99
LSTRNE FRS BRST ANTSPC MW 1 LT (31254742835),1/12/2011,1,4.99
LSTRNE FRS BRST ANTSPC MW 1 LT (31254742835),1/19/2011,1,4.99
LSTRNE FRS BRST ANTSPC MW 1 LT (31254742835),1/26/2011,1,4.99
LSTRNE FRS BRST ANTSPC MW 1 LT (31254742835),2/9/2011,3,4.99
LSTRNE FRS BRST ANTSPC MW 1 LT (31254742835),2/16/2011,1,4.87
LSTRNE FRS BRST ANTSPC MW 1 LT (31254742835),2/23/2011,3,4.87
LSTRNE FRS BRST ANTSPC MW 1 LT (31254742835),3/2/2011,1,4.87
LSTRNE FRS BRST ANTSPC MW 1 LT (31254742835),3/9/2011,2,4.87
LSTRNE FRS BRST ANTSPC MW 1 LT (31254742835),3/16/2011,1,4.87
LSTRNE FRS BRST ANTSPC MW 1 LT (31254742835),3/23/2011,3,4.87
LSTRNE FRS BRST ANTSPC MW 1 LT (31254742835),3/30/2011,1,4.87
LSTRNE FRS BRST ANTSPC MW 1 LT (31254742835),4/6/2011,1,3.99
LSTRNE FRS BRST ANTSPC MW 1 LT (31254742835),4/13/2011,3,3.99
LSTRNE FRS BRST ANTSPC MW 1 LT (31254742835),4/27/2011,2,3.99
LSTRNE FRS BRST ANTSPC MW 1 LT (31254742835),5/4/2011,3,4.83
LSTRNE FRS BRST ANTSPC MW 1 LT (31254742835),5/11/2011,1,4.83
LSTRNE FRS BRST ANTSPC MW 1 LT (31254742835),5/18/2011,1,4.83
LSTRNE FRS BRST ANTSPC MW 1 LT (31254742835),5/25/2011,1,4.83
LSTRNE FRS BRST ANTSPC MW 1 LT (31254742835),6/1/2011,5,3.99
LSTRNE FRS BRST ANTSPC MW 1 LT (31254742835),6/8/2011,1,3.99
LSTRNE FRS BRST ANTSPC MW 1 LT (31254742835),6/15/2011,2,3.99
LSTRNE FRS BRST ANTSPC MW 1 LT (31254742835),6/22/2011,2,3.99
LSTRNE FRS BRST ANTSPC MW 1 LT (31254742835),7/6/2011,1,4.83
LSTRNE FRS BRST ANTSPC MW 1 LT (31254742835),7/13/2011,1,4.83
LSTRNE FRS BRST ANTSPC MW 1 LT (31254742835),7/20/2011,2,4.83
LSTRNE FRS BRST ANTSPC MW 1 LT (31254742835),7/27/2011,3,4.97
LSTRNE FRS BRST ANTSPC MW 1 LT (31254742835),8/10/2011,1,4.99
LSTRNE FRS BRST ANTSPC MW 1 LT (31254742835),8/24/2011,2,3.99
LSTRNE FRS BRST ANTSPC MW 1 LT (31254742835),9/7/2011,4,3.99
LSTRNE FRS BRST ANTSPC MW 1 LT (31254742835),9/14/2011,2,4.49
LSTRNE FRS BRST ANTSPC MW 1 LT (31254742835),10/19/2011,1,4.99
LSTRNE FRS BRST ANTSPC MW 1 LT (31254742835),10/26/2011,2,4.99
LSTRNE FRS BRST ANTSPC MW 1 LT (31254742835),11/2/2011,3,3.99
LSTRNE FRS BRST ANTSPC MW 1 LT (31254742835),11/9/2011,3,3.99
LSTRNE FRS BRST ANTSPC MW 1 LT (31254742835),11/16/2011,2,3.99
LSTRNE FRS BRST ANTSPC MW 1 LT (31254742835),11/23/2011,2,3.99
LSTRNE FRS BRST ANTSPC MW 1 LT (31254742835),12/7/2011,1,4.99
LSTRNE FRS BRST ANTSPC MW 1 LT (31254742835),12/21/2011,2,4.97
LSTRNE FRS BRST ANTSPC MW 1 LT (31254742835),12/28/2011,2,4.97
POST HNY BN OTS HNY RSTD 18 OZ (88491201426),5/20/2009,14,3.29
POST HNY BN OTS HNY RSTD 18 OZ (88491201426),5/27/2009,18,3.29
POST HNY BN OTS HNY RSTD 18 OZ (88491201426),6/3/2009,8,3.29
POST HNY BN OTS HNY RSTD 18 OZ (88491201426),6/10/2009,22,3.29
POST HNY BN OTS HNY RSTD 18 OZ (88491201426),6/17/2009,22,3.29
POST HNY BN OTS HNY RSTD 18 OZ (88491201426),6/24/2009,26,3.29
POST HNY BN OTS HNY RSTD 18 OZ (88491201426),7/1/2009,23,3.29
POST HNY BN OTS HNY RSTD 18 OZ (88491201426),7/8/2009,23,3.43
POST HNY BN OTS HNY RSTD 18 OZ (88491201426),7/15/2009,27,3.1
POST HNY BN OTS HNY RSTD 18 OZ (88491201426),7/22/2009,23,3.43
POST HNY BN OTS HNY RSTD 18 OZ (88491201426),7/29/2009,27,3.43
POST HNY BN OTS HNY RSTD 18 OZ (88491201426),8/5/2009,20,3.43
POST HNY BN OTS HNY RSTD 18 OZ (88491201426),8/12/2009,28,3.43
POST HNY BN OTS HNY RSTD 18 OZ (88491201426),8/19/2009,5,3.43
POST HNY BN OTS HNY RSTD 18 OZ (88491201426),9/9/2009,8,3.43
POST HNY BN OTS HNY RSTD 18 OZ (88491201426),9/16/2009,5,3.43
POST HNY BN OTS HNY RSTD 18 OZ (88491201426),9/23/2009,29,2.85
POST HNY BN OTS HNY RSTD 18 OZ (88491201426),9/30/2009,18,3.43
POST HNY BN OTS HNY RSTD 18 OZ (88491201426),10/7/2009,3,3.43
POST HNY BN OTS HNY RSTD 18 OZ (88491201426),10/14/2009,12,3.43
POST HNY BN OTS HNY RSTD 18 OZ (88491201426),10/21/2009,5,3.43
POST HNY BN OTS HNY RSTD 18 OZ (88491201426),10/28/2009,15,2.79
POST HNY BN OTS HNY RSTD 18 OZ (88491201426),11/4/2009,9,3.29
POST HNY BN OTS HNY RSTD 18 OZ (88491201426),11/11/2009,11,3.29
POST HNY BN OTS HNY RSTD 18 OZ (88491201426),11/18/2009,16,3.29
POST HNY BN OTS HNY RSTD 18 OZ (88491201426),11/25/2009,5,3.29
POST HNY BN OTS HNY RSTD 18 OZ (88491201426),12/2/2009,17,3.29
POST HNY BN OTS HNY RSTD 18 OZ (88491201426),12/9/2009,17,3.29
POST HNY BN OTS HNY RSTD 18 OZ (88491201426),12/16/2009,13,3.29
POST HNY BN OTS HNY RSTD 18 OZ (88491201426),12/23/2009,9,3.29
POST HNY BN OTS HNY RSTD 18 OZ (88491201426),12/30/2009,10,3.29
POST HNY BN OTS HNY RSTD 18 OZ (88491201426),1/6/2010,12,3.45
POST HNY BN OTS HNY RSTD 18 OZ (88491201426),1/13/2010,21,3.45
POST HNY BN OTS HNY RSTD 18 OZ (88491201426),1/20/2010,18,3.45
POST HNY BN OTS HNY RSTD 18 OZ (88491201426),1/27/2010,13,3.45
POST HNY BN OTS HNY RSTD 18 OZ (88491201426),2/3/2010,27,2.97
POST HNY BN OTS HNY RSTD 18 OZ (88491201426),2/10/2010,28,2.8
POST HNY BN OTS HNY RSTD 18 OZ (88491201426),2/17/2010,19,3.45
POST HNY BN OTS HNY RSTD 18 OZ (88491201426),2/24/2010,23,3.45
POST HNY BN OTS HNY RSTD 18 OZ (88491201426),3/3/2010,28,3.13
POST HNY BN OTS HNY RSTD 18 OZ (88491201426),3/10/2010,20,3.25
POST HNY BN OTS HNY RSTD 18 OZ (88491201426),3/24/2010,14,3.09
POST HNY BN OTS HNY RSTD 18 OZ (88491201426),3/31/2010,24,3.3
POST HNY BN OTS HNY RSTD 18 OZ (88491201426),4/7/2010,22,3.27
POST HNY BN OTS HNY RSTD 18 OZ (88491201426),4/14/2010,25,3.45
POST HNY BN OTS HNY RSTD 18 OZ (88491201426),4/21/2010,15,3.45
POST HNY BN OTS HNY RSTD 18 OZ (88491201426),4/28/2010,31,3.45
POST HNY BN OTS HNY RSTD 18 OZ (88491201426),5/5/2010,21,3.45
POST HNY BN OTS HNY RSTD 18 OZ (88491201426),5/12/2010,7,3.45
POST HNY BN OTS HNY RSTD 18 OZ (88491201426),5/19/2010,18,3.45
POST HNY BN OTS HNY RSTD 18 OZ (88491201426),5/26/2010,22,3.45
POST HNY BN OTS HNY RSTD 18 OZ (88491201426),6/2/2010,15,3.45
POST HNY BN OTS HNY RSTD 18 OZ (88491201426),6/9/2010,15,3.45
POST HNY BN OTS HNY RSTD 18 OZ (88491201426),6/16/2010,17,3.45
POST HNY BN OTS HNY RSTD 18 OZ (88491201426),6/23/2010,16,3.45
POST HNY BN OTS HNY RSTD 18 OZ (88491201426),6/30/2010,17,3.45
POST HNY BN OTS HNY RSTD 18 OZ (88491201426),7/7/2010,27,3.45
POST HNY BN OTS HNY RSTD 18 OZ (88491201426),7/14/2010,18,3.45
POST HNY BN OTS HNY RSTD 18 OZ (88491201426),7/21/2010,7,3.45
POST HNY BN OTS HNY RSTD 18 OZ (88491201426),7/28/2010,14,3.45
POST HNY BN OTS HNY RSTD 18 OZ (88491201426),8/4/2010,28,3.08
POST HNY BN OTS HNY RSTD 18 OZ (88491201426),8/11/2010,20,3.24
POST HNY BN OTS HNY RSTD 18 OZ (88491201426),8/18/2010,30,3.24
POST HNY BN OTS HNY RSTD 18 OZ (88491201426),8/25/2010,21,3.24
POST HNY BN OTS HNY RSTD 18 OZ (88491201426),9/1/2010,23,3.24
POST HNY BN OTS HNY RSTD 18 OZ (88491201426),9/8/2010,29,3.24
POST HNY BN OTS HNY RSTD 18 OZ (88491201426),9/15/2010,24,3.24
POST HNY BN OTS HNY RSTD 18 OZ (88491201426),9/22/2010,27,3.24
POST HNY BN OTS HNY RSTD 18 OZ (88491201426),9/29/2010,26,3.24
POST HNY BN OTS HNY RSTD 18 OZ (88491201426),10/6/2010,32,3.24
POST HNY BN OTS HNY RSTD 18 OZ (88491201426),10/13/2010,34,3.24
POST HNY BN OTS HNY RSTD 18 OZ (88491201426),10/20/2010,26,3.18
POST HNY BN OTS HNY RSTD 18 OZ (88491201426),10/27/2010,31,3.18
POST HNY BN OTS HNY RSTD 18 OZ (88491201426),11/3/2010,38,3.48
POST HNY BN OTS HNY RSTD 18 OZ (88491201426),11/10/2010,28,3.48
POST HNY BN OTS HNY RSTD 18 OZ (88491201426),11/17/2010,6,3.48
POST HNY BN OTS HNY RSTD 18 OZ (88491201426),11/24/2010,15,3.48
POST HNY BN OTS HNY RSTD 18 OZ (88491201426),12/1/2010,36,3.28
POST HNY BN OTS HNY RSTD 18 OZ (88491201426),12/8/2010,28,3.05
POST HNY BN OTS HNY RSTD 18 OZ (88491201426),12/15/2010,28,3.28
POST HNY BN OTS HNY RSTD 18 OZ (88491201426),12/22/2010,25,3.28
POST HNY BN OTS HNY RSTD 18 OZ (88491201426),12/29/2010,21,3.12
POST HNY BN OTS HNY RSTD 18 OZ (88491201426),1/5/2011,24,3.12
POST HNY BN OTS HNY RSTD 18 OZ (88491201426),1/12/2011,27,3.12
POST HNY BN OTS HNY RSTD 18 OZ (88491201426),1/19/2011,26,3.12
POST HNY BN OTS HNY RSTD 18 OZ (88491201426),1/26/2011,18,3.48
POST HNY BN OTS HNY RSTD 18 OZ (88491201426),2/2/2011,21,3.48
POST HNY BN OTS HNY RSTD 18 OZ (88491201426),2/9/2011,20,3.48
POST HNY BN OTS HNY RSTD 18 OZ (88491201426),2/16/2011,19,3.48
POST HNY BN OTS HNY RSTD 18 OZ (88491201426),2/23/2011,15,3.12
POST HNY BN OTS HNY RSTD 18 OZ (88491201426),3/2/2011,28,3.12
POST HNY BN OTS HNY RSTD 18 OZ (88491201426),3/9/2011,29,3.12
POST HNY BN OTS HNY RSTD 18 OZ (88491201426),3/16/2011,10,3.12
POST HNY BN OTS HNY RSTD 18 OZ (88491201426),3/23/2011,21,2.85
POST HNY BN OTS HNY RSTD 18 OZ (88491201426),3/30/2011,30,2.58
POST HNY BN OTS HNY RSTD 18 OZ (88491201426),4/6/2011,23,3.12
POST HNY BN OTS HNY RSTD 18 OZ (88491201426),4/13/2011,24,3.12
POST HNY BN OTS HNY RSTD 18 OZ (88491201426),4/20/2011,23,3.12
POST HNY BN OTS HNY RSTD 18 OZ (88491201426),4/27/2011,13,3.12
POST HNY BN OTS HNY RSTD 18 OZ (88491201426),5/4/2011,25,3.12
POST HNY BN OTS HNY RSTD 18 OZ (88491201426),5/11/2011,18,3.12
POST HNY BN OTS HNY RSTD 18 OZ (88491201426),5/18/2011,13,3.12
POST HNY BN OTS HNY RSTD 18 OZ (88491201426),5/25/2011,26,3.12
POST HNY BN OTS HNY RSTD 18 OZ (88491201426),6/1/2011,32,3.02
POST HNY BN OTS HNY RSTD 18 OZ (88491201426),6/8/2011,21,3.12
POST HNY BN OTS HNY RSTD 18 OZ (88491201426),6/15/2011,14,3.12
POST HNY BN OTS HNY RSTD 18 OZ (88491201426),6/22/2011,17,3.12
POST HNY BN OTS HNY RSTD 18 OZ (88491201426),6/29/2011,21,3.12
POST HNY BN OTS HNY RSTD 18 OZ (88491201426),7/6/2011,24,3.12
POST HNY BN OTS HNY RSTD 18 OZ (88491201426),7/13/2011,13,3.12
POST HNY BN OTS HNY RSTD 18 OZ (88491201426),7/20/2011,17,3.12
POST HNY BN OTS HNY RSTD 18 OZ (88491201426),7/27/2011,12,3.12
POST HNY BN OTS HNY RSTD 18 OZ (88491201426),8/3/2011,24,3.12
POST HNY BN OTS HNY RSTD 18 OZ (88491201426),8/10/2011,25,3.12
POST HNY BN OTS HNY RSTD 18 OZ (88491201426),8/17/2011,18,3.12
POST HNY BN OTS HNY RSTD 18 OZ (88491201426),8/24/2011,12,3.12
POST HNY BN OTS HNY RSTD 18 OZ (88491201426),8/31/2011,19,3.12
POST HNY BN OTS HNY RSTD 18 OZ (88491201426),9/7/2011,25,3.19
POST HNY BN OTS HNY RSTD 18 OZ (88491201426),9/14/2011,12,3.32
POST HNY BN OTS HNY RSTD 18 OZ (88491201426),9/21/2011,7,3.32
POST HNY BN OTS HNY RSTD 18 OZ (88491201426),9/28/2011,27,3.32
POST HNY BN OTS HNY RSTD 18 OZ (88491201426),10/5/2011,21,3.16
POST HNY BN OTS HNY RSTD 18 OZ (88491201426),10/12/2011,11,2.71
POST HNY BN OTS HNY RSTD 18 OZ (88491201426),10/19/2011,17,2.65
POST HNY BN OTS HNY RSTD 18 OZ (88491201426),10/26/2011,15,3.22
POST HNY BN OTS HNY RSTD 18 OZ (88491201426),11/2/2011,22,3.22
POST HNY BN OTS HNY RSTD 18 OZ (88491201426),11/9/2011,15,3.22
POST HNY BN OTS HNY RSTD 18 OZ (88491201426),11/16/2011,12,3.08
POST HNY BN OTS HNY RSTD 18 OZ (88491201426),11/23/2011,9,3.22
POST HNY BN OTS HNY RSTD 18 OZ (88491201426),11/30/2011,12,3.22
POST HNY BN OTS HNY RSTD 18 OZ (88491201426),12/7/2011,20,3.22
POST HNY BN OTS HNY RSTD 18 OZ (88491201426),12/14/2011,12,3.22
POST HNY BN OTS HNY RSTD 18 OZ (88491201426),12/21/2011,19,3.22
POST HNY BN OTS HNY RSTD 18 OZ (88491201426),12/28/2011,14,3.22
POST HNY BN OTS HNY RSTD 18 OZ (88491201426),1/4/2012,21,3.22
