sample_data_full.csv
ITEM,DATE,UNITS,PRICE
POST FM SZ HNYBNCH OT ALM 18 OZ (88491201427),7/15/2009,3,2.69
POST FM SZ HNYBNCH OT ALM 18 OZ (88491201427),7/22/2009,5,3.43
POST FM SZ HNYBNCH OT ALM 18 OZ (88491201427),7/29/2009,7,3.43
POST FM SZ HNYBNCH OT ALM 18 OZ (88491201427),8/5/2009,3,3.43
POST FM SZ HNYBNCH OT ALM 18 OZ (88491201427),8/12/2009,2,3.43
POST FM SZ HNYBNCH OT ALM 18 OZ (88491201427),9/16/2009,1,3.43
POST FM SZ HNYBNCH OT ALM 18 OZ (88491201427),9/23/2009,19,2.5
POST FM SZ HNYBNCH OT ALM 18 OZ (88491201427),9/30/2009,2,3.43
POST FM SZ HNYBNCH OT ALM 18 OZ (88491201427),10/7/2009,4,3.43
POST FM SZ HNYBNCH OT ALM 18 OZ (88491201427),10/14/2009,4,3.43
POST FM SZ HNYBNCH OT ALM 18 OZ (88491201427),10/21/2009,4,3.43
POST FM SZ HNYBNCH OT ALM 18 OZ (88491201427),10/28/2009,12,2.96
POST FM SZ HNYBNCH OT ALM 18 OZ (88491201427),11/4/2009,9,3.29
POST FM SZ HNYBNCH OT ALM 18 OZ (88491201427),11/11/2009,9,3.29
POST FM SZ HNYBNCH OT ALM 18 OZ (88491201427),11/18/2009,4,3.29
POST FM SZ HNYBNCH OT ALM 18 OZ (88491201427),12/2/2009,6,3.29
POST FM SZ HNYBNCH OT ALM 18 OZ (88491201427),12/9/2009,7,3.29
POST FM SZ HNYBNCH OT ALM 18 OZ (88491201427),12/16/2009,6,3.29
POST FM SZ HNYBNCH OT ALM 18 OZ (88491201427),12/23/2009,4,3.29
POST FM SZ HNYBNCH OT ALM 18 OZ (88491201427),12/30/2009,3,3.29
POST FM SZ HNYBNCH OT ALM 18 OZ (88491201427),1/6/2010,6,3.45
POST FM SZ HNYBNCH OT ALM 18 OZ (88491201427),1/13/2010,4,3.45
POST FM SZ HNYBNCH OT ALM 18 OZ (88491201427),1/20/2010,7,3.45
POST FM SZ HNYBNCH OT ALM 18 OZ (88491201427),1/27/2010,5,3.45
POST FM SZ HNYBNCH OT ALM 18 OZ (88491201427),2/3/2010,16,2.69
POST FM SZ HNYBNCH OT ALM 18 OZ (88491201427),2/10/2010,20,2.77
POST FM SZ HNYBNCH OT ALM 18 OZ (88491201427),2/17/2010,6,3.45
POST FM SZ HNYBNCH OT ALM 18 OZ (88491201427),2/24/2010,6,3.45
POST FM SZ HNYBNCH OT ALM 18 OZ (88491201427),3/3/2010,8,3.08
POST FM SZ HNYBNCH OT ALM 18 OZ (88491201427),3/10/2010,11,2.95
POST FM SZ HNYBNCH OT ALM 18 OZ (88491201427),3/17/2010,5,2.95
POST FM SZ HNYBNCH OT ALM 18 OZ (88491201427),3/24/2010,11,3.13
POST FM SZ HNYBNCH OT ALM 18 OZ (88491201427),3/31/2010,8,2.95
POST FM SZ HNYBNCH OT ALM 18 OZ (88491201427),4/7/2010,6,3.45
POST FM SZ HNYBNCH OT ALM 18 OZ (88491201427),4/14/2010,6,3.45
POST FM SZ HNYBNCH OT ALM 18 OZ (88491201427),4/21/2010,5,3.45
POST FM SZ HNYBNCH OT ALM 18 OZ (88491201427),4/28/2010,5,3.45
POST FM SZ HNYBNCH OT ALM 18 OZ (88491201427),5/5/2010,7,3.45
POST FM SZ HNYBNCH OT ALM 18 OZ (88491201427),5/12/2010,1,3.45
POST FM SZ HNYBNCH OT ALM 18 OZ (88491201427),5/19/2010,5,3.45
POST FM SZ HNYBNCH OT ALM 18 OZ (88491201427),5/26/2010,4,2.59
POST FM SZ HNYBNCH OT ALM 18 OZ (88491201427),6/2/2010,6,3.45
POST FM SZ HNYBNCH OT ALM 18 OZ (88491201427),6/9/2010,3,3.45
POST FM SZ HNYBNCH OT ALM 18 OZ (88491201427),6/16/2010,7,3.45
POST FM SZ HNYBNCH OT ALM 18 OZ (88491201427),6/23/2010,5,3.45
POST FM SZ HNYBNCH OT ALM 18 OZ (88491201427),6/30/2010,3,3.45
POST FM SZ HNYBNCH OT ALM 18 OZ (88491201427),7/7/2010,5,3.45
POST FM SZ HNYBNCH OT ALM 18 OZ (88491201427),7/14/2010,3,3.45
POST FM SZ HNYBNCH OT ALM 18 OZ (88491201427),7/21/2010,2,3.45
POST FM SZ HNYBNCH OT ALM 18 OZ (88491201427),7/28/2010,8,3.45
POST FM SZ HNYBNCH OT ALM 18 OZ (88491201427),8/4/2010,16,2.5
POST FM SZ HNYBNCH OT ALM 18 OZ (88491201427),8/11/2010,5,3.24
POST FM SZ HNYBNCH OT ALM 18 OZ (88491201427),8/18/2010,5,3.24
POST FM SZ HNYBNCH OT ALM 18 OZ (88491201427),8/25/2010,4,3.24
POST FM SZ HNYBNCH OT ALM 18 OZ (88491201427),9/1/2010,3,3.24
POST FM SZ HNYBNCH OT ALM 18 OZ (88491201427),9/8/2010,4,3.24
POST FM SZ HNYBNCH OT ALM 18 OZ (88491201427),9/15/2010,1,3.24
POST FM SZ HNYBNCH OT ALM 18 OZ (88491201427),9/22/2010,3,3.24
POST FM SZ HNYBNCH OT ALM 18 OZ (88491201427),9/29/2010,4,3.24
POST FM SZ HNYBNCH OT ALM 18 OZ (88491201427),10/6/2010,9,3.24
POST FM SZ HNYBNCH OT ALM 18 OZ (88491201427),10/13/2010,4,3.24
POST FM SZ HNYBNCH OT ALM 18 OZ (88491201427),10/20/2010,4,3.18
POST FM SZ HNYBNCH OT ALM 18 OZ (88491201427),10/27/2010,3,3.18
POST FM SZ HNYBNCH OT ALM 18 OZ (88491201427),11/3/2010,5,3.48
POST FM SZ HNYBNCH OT ALM 18 OZ (88491201427),11/10/2010,9,3.48
POST FM SZ HNYBNCH OT ALM 18 OZ (88491201427),11/17/2010,2,3.48
POST FM SZ HNYBNCH OT ALM 18 OZ (88491201427),11/24/2010,16,3.48
POST FM SZ HNYBNCH OT ALM 18 OZ (88491201427),12/1/2010,2,3.28
POST FM SZ HNYBNCH OT ALM 18 OZ (88491201427),12/8/2010,7,3.28
POST FM SZ HNYBNCH OT ALM 18 OZ (88491201427),12/15/2010,4,3.28
POST FM SZ HNYBNCH OT ALM 18 OZ (88491201427),12/22/2010,8,3.28
POST FM SZ HNYBNCH OT ALM 18 OZ (88491201427),12/29/2010,2,3.12
POST FM SZ HNYBNCH OT ALM 18 OZ (88491201427),1/5/2011,14,3.12
POST FM SZ HNYBNCH OT ALM 18 OZ (88491201427),1/12/2011,4,3.12
POST FM SZ HNYBNCH OT ALM 18 OZ (88491201427),1/19/2011,9,3.12
POST FM SZ HNYBNCH OT ALM 18 OZ (88491201427),1/26/2011,2,3.48
POST FM SZ HNYBNCH OT ALM 18 OZ (88491201427),2/2/2011,3,3.48
POST FM SZ HNYBNCH OT ALM 18 OZ (88491201427),2/9/2011,5,3.48
POST FM SZ HNYBNCH OT ALM 18 OZ (88491201427),2/16/2011,6,3.48
POST FM SZ HNYBNCH OT ALM 18 OZ (88491201427),2/23/2011,7,3.12
POST FM SZ HNYBNCH OT ALM 18 OZ (88491201427),3/2/2011,11,3.12
POST FM SZ HNYBNCH OT ALM 18 OZ (88491201427),3/9/2011,5,3.12
POST FM SZ HNYBNCH OT ALM 18 OZ (88491201427),3/16/2011,9,2.77
POST FM SZ HNYBNCH OT ALM 18 OZ (88491201427),3/23/2011,4,2.49
POST FM SZ HNYBNCH OT ALM 18 OZ (88491201427),3/30/2011,17,2.49
POST FM SZ HNYBNCH OT ALM 18 OZ (88491201427),4/6/2011,5,3.12
POST FM SZ HNYBNCH OT ALM 18 OZ (88491201427),4/13/2011,3,3.12
POST FM SZ HNYBNCH OT ALM 18 OZ (88491201427),4/20/2011,5,3.12
POST FM SZ HNYBNCH OT ALM 18 OZ (88491201427),4/27/2011,5,3.12
POST FM SZ HNYBNCH OT ALM 18 OZ (88491201427),5/4/2011,6,3.12
POST FM SZ HNYBNCH OT ALM 18 OZ (88491201427),5/11/2011,7,3.12
POST FM SZ HNYBNCH OT ALM 18 OZ (88491201427),5/18/2011,4,3.12
POST FM SZ HNYBNCH OT ALM 18 OZ (88491201427),5/25/2011,9,2.77
POST FM SZ HNYBNCH OT ALM 18 OZ (88491201427),6/1/2011,3,3.12
POST FM SZ HNYBNCH OT ALM 18 OZ (88491201427),6/8/2011,3,3.12
POST FM SZ HNYBNCH OT ALM 18 OZ (88491201427),6/15/2011,11,3.12
POST FM SZ HNYBNCH OT ALM 18 OZ (88491201427),6/22/2011,7,3.12
POST FM SZ HNYBNCH OT ALM 18 OZ (88491201427),6/29/2011,17,2.58
POST FM SZ HNYBNCH OT ALM 18 OZ (88491201427),7/6/2011,7,2.67
POST FM SZ HNYBNCH OT ALM 18 OZ (88491201427),7/13/2011,9,3.12
POST FM SZ HNYBNCH OT ALM 18 OZ (88491201427),7/20/2011,7,3.12
POST FM SZ HNYBNCH OT ALM 18 OZ (88491201427),7/27/2011,6,3.12
POST FM SZ HNYBNCH OT ALM 18 OZ (88491201427),8/3/2011,2,3.12
POST FM SZ HNYBNCH OT ALM 18 OZ (88491201427),8/10/2011,7,3.12
POST FM SZ HNYBNCH OT ALM 18 OZ (88491201427),8/17/2011,6,2.6
POST FM SZ HNYBNCH OT ALM 18 OZ (88491201427),8/24/2011,3,3.12
POST FM SZ HNYBNCH OT ALM 18 OZ (88491201427),8/31/2011,2,3.12
POST FM SZ HNYBNCH OT ALM 18 OZ (88491201427),9/7/2011,5,3.32
POST FM SZ HNYBNCH OT ALM 18 OZ (88491201427),9/14/2011,5,3.32
POST FM SZ HNYBNCH OT ALM 18 OZ (88491201427),9/21/2011,4,3.32
POST FM SZ HNYBNCH OT ALM 18 OZ (88491201427),9/28/2011,4,3.32
POST FM SZ HNYBNCH OT ALM 18 OZ (88491201427),10/5/2011,7,3.16
POST FM SZ HNYBNCH OT ALM 18 OZ (88491201427),10/12/2011,12,2.49
POST FM SZ HNYBNCH OT ALM 18 OZ (88491201427),10/19/2011,11,2.49
POST FM SZ HNYBNCH OT ALM 18 OZ (88491201427),10/26/2011,3,3.22
POST FM SZ HNYBNCH OT ALM 18 OZ (88491201427),11/2/2011,4,3.22
POST FM SZ HNYBNCH OT ALM 18 OZ (88491201427),11/9/2011,7,3.22
POST FM SZ HNYBNCH OT ALM 18 OZ (88491201427),11/16/2011,1,3.22
POST FM SZ HNYBNCH OT ALM 18 OZ (88491201427),11/23/2011,3,3.22
POST FM SZ HNYBNCH OT ALM 18 OZ (88491201427),11/30/2011,1,3.22
POST FM SZ HNYBNCH OT ALM 18 OZ (88491201427),12/7/2011,4,3.22
POST FM SZ HNYBNCH OT ALM 18 OZ (88491201427),12/14/2011,5,3.22
POST FM SZ HNYBNCH OT ALM 18 OZ (88491201427),12/21/2011,6,3.22
POST FM SZ HNYBNCH OT ALM 18 OZ (88491201427),12/28/2011,3,3.22
POST FM SZ HNYBNCH OT ALM 18 OZ (88491201427),1/4/2012,1,3.22
POST FRUITY PEBBLES 11 OZ (88491212971),6/17/2009,3,2.6
POST FRUITY PEBBLES 11 OZ (88491212971),6/24/2009,9,2.6
POST FRUITY PEBBLES 11 OZ (88491212971),7/1/2009,11,2.6
POST FRUITY PEBBLES 11 OZ (88491212971),7/8/2009,27,2.6
POST FRUITY PEBBLES 11 OZ (88491212971),7/15/2009,32,2.6
POST FRUITY PEBBLES 11 OZ (88491212971),7/22/2009,8,2.6
POST FRUITY PEBBLES 11 OZ (88491212971),7/29/2009,4,2.6
POST FRUITY PEBBLES 11 OZ (88491212971),8/5/2009,31,2.6
POST FRUITY PEBBLES 11 OZ (88491212971),8/12/2009,176,1.99
POST FRUITY PEBBLES 11 OZ (88491212971),8/19/2009,23,2.6
POST FRUITY PEBBLES 11 OZ (88491212971),8/26/2009,11,2.6
POST FRUITY PEBBLES 11 OZ (88491212971),9/2/2009,11,2.6
POST FRUITY PEBBLES 11 OZ (88491212971),9/9/2009,34,2.53
POST FRUITY PEBBLES 11 OZ (88491212971),9/16/2009,43,2.6
POST FRUITY PEBBLES 11 OZ (88491212971),9/23/2009,10,2.6
POST FRUITY PEBBLES 11 OZ (88491212971),9/30/2009,17,2.6
POST FRUITY PEBBLES 11 OZ (88491212971),10/7/2009,36,2.6
POST FRUITY PEBBLES 11 OZ (88491212971),10/14/2009,27,2.6
POST FRUITY PEBBLES 11 OZ (88491212971),10/21/2009,19,2.59
POST FRUITY PEBBLES 11 OZ (88491212971),10/28/2009,69,2.1
POST FRUITY PEBBLES 11 OZ (88491212971),11/4/2009,10,2.6
POST FRUITY PEBBLES 11 OZ (88491212971),11/11/2009,47,2.6
POST FRUITY PEBBLES 11 OZ (88491212971),11/18/2009,31,2.6
POST FRUITY PEBBLES 11 OZ (88491212971),11/25/2009,13,2.6
POST FRUITY PEBBLES 11 OZ (88491212971),12/2/2009,16,2.6
POST FRUITY PEBBLES 11 OZ (88491212971),12/9/2009,115,2.01
POST FRUITY PEBBLES 11 OZ (88491212971),12/16/2009,84,2
POST FRUITY PEBBLES 11 OZ (88491212971),12/23/2009,16,2.6
POST FRUITY PEBBLES 11 OZ (88491212971),12/30/2009,15,2.6
POST FRUITY PEBBLES 11 OZ (88491212971),1/6/2010,97,2
POST FRUITY PEBBLES 11 OZ (88491212971),1/13/2010,86,2
POST FRUITY PEBBLES 11 OZ (88491212971),1/20/2010,24,2.6
POST FRUITY PEBBLES 11 OZ (88491212971),1/27/2010,22,2.6
POST FRUITY PEBBLES 11 OZ (88491212971),2/3/2010,9,2.6
POST FRUITY PEBBLES 11 OZ (88491212971),2/10/2010,30,2.6
POST FRUITY PEBBLES 11 OZ (88491212971),2/17/2010,26,2.6
POST FRUITY PEBBLES 11 OZ (88491212971),2/24/2010,20,2.6
POST FRUITY PEBBLES 11 OZ (88491212971),3/3/2010,6,2.6
POST FRUITY PEBBLES 11 OZ (88491212971),3/10/2010,17,2.6
POST FRUITY PEBBLES 11 OZ (88491212971),3/17/2010,12,2.6
POST FRUITY PEBBLES 11 OZ (88491212971),3/24/2010,4,2.6
POST FRUITY PEBBLES 11 OZ (88491212971),3/31/2010,4,2.6
POST FRUITY PEBBLES 11 OZ (88491212971),4/7/2010,104,1.93
POST FRUITY PEBBLES 11 OZ (88491212971),4/14/2010,31,2.6
POST FRUITY PEBBLES 11 OZ (88491212971),4/21/2010,19,2.6
POST FRUITY PEBBLES 11 OZ (88491212971),4/28/2010,10,2.6
POST FRUITY PEBBLES 11 OZ (88491212971),5/5/2010,13,2.6
POST FRUITY PEBBLES 11 OZ (88491212971),5/12/2010,30,2.6
POST FRUITY PEBBLES 11 OZ (88491212971),5/19/2010,12,2.6
POST FRUITY PEBBLES 11 OZ (88491212971),5/26/2010,13,2.6
POST FRUITY PEBBLES 11 OZ (88491212971),6/2/2010,11,2.6
POST FRUITY PEBBLES 11 OZ (88491212971),6/9/2010,11,2.6
POST FRUITY PEBBLES 11 OZ (88491212971),6/16/2010,20,2.6
POST FRUITY PEBBLES 11 OZ (88491212971),6/23/2010,158,1.5
POST FRUITY PEBBLES 11 OZ (88491212971),6/30/2010,129,1.51
POST FRUITY PEBBLES 11 OZ (88491212971),7/7/2010,176,1.51
POST FRUITY PEBBLES 11 OZ (88491212971),7/14/2010,217,1.51
POST FRUITY PEBBLES 11 OZ (88491212971),7/21/2010,25,2.2
POST FRUITY PEBBLES 11 OZ (88491212971),7/28/2010,22,2.2
POST FRUITY PEBBLES 11 OZ (88491212971),8/4/2010,16,2.2
POST FRUITY PEBBLES 11 OZ (88491212971),8/11/2010,11,3.43
POST FRUITY PEBBLES 11 OZ (88491212971),8/18/2010,4,3.39
POST FRUITY PEBBLES 11 OZ (88491212971),8/25/2010,21,1.99
POST FRUITY PEBBLES 11 OZ (88491212971),9/1/2010,21,1.99
POST FRUITY PEBBLES 11 OZ (88491212971),9/8/2010,31,2.02
POST FRUITY PEBBLES 11 OZ (88491212971),9/15/2010,47,1.99
POST FRUITY PEBBLES 11 OZ (88491212971),9/22/2010,15,2.82
POST FRUITY PEBBLES 11 OZ (88491212971),9/29/2010,42,1.98
POST FRUITY PEBBLES 11 OZ (88491212971),10/6/2010,93,1.99
POST FRUITY PEBBLES 11 OZ (88491212971),10/13/2010,26,2.88
POST FRUITY PEBBLES 11 OZ (88491212971),10/20/2010,12,2.88
POST FRUITY PEBBLES 11 OZ (88491212971),10/27/2010,51,1.99
POST FRUITY PEBBLES 11 OZ (88491212971),11/3/2010,12,2.88
POST FRUITY PEBBLES 11 OZ (88491212971),11/10/2010,24,2.88
POST FRUITY PEBBLES 11 OZ (88491212971),11/17/2010,12,2.88
POST FRUITY PEBBLES 11 OZ (88491212971),11/24/2010,13,2.88
POST FRUITY PEBBLES 11 OZ (88491212971),12/1/2010,11,2.88
POST FRUITY PEBBLES 11 OZ (88491212971),12/8/2010,26,2.88
POST FRUITY PEBBLES 11 OZ (88491212971),12/15/2010,31,2.88
POST FRUITY PEBBLES 11 OZ (88491212971),12/22/2010,15,2.88
POST FRUITY PEBBLES 11 OZ (88491212971),12/29/2010,7,2.88
POST FRUITY PEBBLES 11 OZ (88491212971),1/5/2011,26,2.88
POST FRUITY PEBBLES 11 OZ (88491212971),1/12/2011,44,2.88
POST FRUITY PEBBLES 11 OZ (88491212971),1/19/2011,22,2.88
POST FRUITY PEBBLES 11 OZ (88491212971),1/26/2011,16,2.88
POST FRUITY PEBBLES 11 OZ (88491212971),2/2/2011,2,2.88
POST FRUITY PEBBLES 11 OZ (88491212971),2/9/2011,20,2.88
POST FRUITY PEBBLES 11 OZ (88491212971),2/16/2011,9,2.66
POST FRUITY PEBBLES 11 OZ (88491212971),2/23/2011,11,2.99
POST FRUITY PEBBLES 11 OZ (88491212971),3/2/2011,7,2.99
POST FRUITY PEBBLES 11 OZ (88491212971),3/9/2011,16,2.99
POST FRUITY PEBBLES 11 OZ (88491212971),3/16/2011,15,2.99
POST FRUITY PEBBLES 11 OZ (88491212971),3/23/2011,12,2.99
POST FRUITY PEBBLES 11 OZ (88491212971),3/30/2011,9,2.99
POST FRUITY PEBBLES 11 OZ (88491212971),4/6/2011,89,1.89
POST FRUITY PEBBLES 11 OZ (88491212971),4/13/2011,108,1.88
POST FRUITY PEBBLES 11 OZ (88491212971),4/20/2011,5,2.77
POST FRUITY PEBBLES 11 OZ (88491212971),4/27/2011,3,2.99
POST FRUITY PEBBLES 11 OZ (88491212971),5/4/2011,7,2.99
POST FRUITY PEBBLES 11 OZ (88491212971),5/11/2011,14,2.99
POST FRUITY PEBBLES 11 OZ (88491212971),5/18/2011,1,2.99
POST FRUITY PEBBLES 11 OZ (88491212971),5/25/2011,7,2.99
POST FRUITY PEBBLES 11 OZ (88491212971),6/1/2011,74,1.96
POST FRUITY PEBBLES 11 OZ (88491212971),6/8/2011,10,2.79
POST FRUITY PEBBLES 11 OZ (88491212971),6/15/2011,20,2.99
POST FRUITY PEBBLES 11 OZ (88491212971),6/22/2011,16,2.99
POST FRUITY PEBBLES 11 OZ (88491212971),6/29/2011,15,2.89
POST FRUITY PEBBLES 11 OZ (88491212971),7/6/2011,9,2.99
POST FRUITY PEBBLES 11 OZ (88491212971),7/13/2011,23,2.99
POST FRUITY PEBBLES 11 OZ (88491212971),7/20/2011,5,2.99
POST FRUITY PEBBLES 11 OZ (88491212971),7/27/2011,2,2.99
POST FRUITY PEBBLES 11 OZ (88491212971),8/3/2011,4,2.99
POST FRUITY PEBBLES 11 OZ (88491212971),8/10/2011,30,2.99
POST FRUITY PEBBLES 11 OZ (88491212971),8/17/2011,29,2.89
POST FRUITY PEBBLES 11 OZ (88491212971),8/24/2011,10,2.99
POST FRUITY PEBBLES 11 OZ (88491212971),8/31/2011,14,2.78
POST FRUITY PEBBLES 11 OZ (88491212971),9/7/2011,24,2.99
POST FRUITY PEBBLES 11 OZ (88491212971),9/14/2011,42,2.56
POST FRUITY PEBBLES 11 OZ (88491212971),9/21/2011,16,2.99
POST FRUITY PEBBLES 11 OZ (88491212971),9/28/2011,15,2.99
POST FRUITY PEBBLES 11 OZ (88491212971),10/5/2011,13,2.99
POST FRUITY PEBBLES 11 OZ (88491212971),10/12/2011,15,2.99
POST FRUITY PEBBLES 11 OZ (88491212971),10/19/2011,10,2.99
POST FRUITY PEBBLES 11 OZ (88491212971),10/26/2011,13,2.99
POST FRUITY PEBBLES 11 OZ (88491212971),11/2/2011,11,2.99
POST FRUITY PEBBLES 11 OZ (88491212971),11/9/2011,19,2.99
POST FRUITY PEBBLES 11 OZ (88491212971),11/16/2011,27,2.99
POST FRUITY PEBBLES 11 OZ (88491212971),11/23/2011,10,2.72
POST FRUITY PEBBLES 11 OZ (88491212971),11/30/2011,4,2.99
POST FRUITY PEBBLES 11 OZ (88491212971),12/7/2011,17,2.99
POST FRUITY PEBBLES 11 OZ (88491212971),12/14/2011,35,2.99
POST FRUITY PEBBLES 11 OZ (88491212971),12/21/2011,13,2.87
POST FRUITY PEBBLES 11 OZ (88491212971),12/28/2011,20,2.99
POST FRUITY PEBBLES 11 OZ (88491212971),1/4/2012,32,2.06
